[1/105] Scanning /work/src/koi/completion_gate.cpp for CXX dependencies
[2/105] Scanning /work/src/koi/time_manager.cpp for CXX dependencies
[3/105] Scanning /work/src/koi/detail/search_session.cpp for CXX dependencies
[4/105] Scanning /work/src/koi/detail/search_session.cpp for CXX dependencies
[5/105] Scanning /work/src/koi/search_service.cpp for CXX dependencies
[6/105] Scanning /work/src/koi/detail/search_context.cpp for CXX dependencies
[7/105] Scanning /work/src/koi/detail/search_context.cpp for CXX dependencies
[8/105] Scanning /work/src/koi/detail/search_runner.cpp for CXX dependencies
[9/105] Scanning /work/src/koi/detail/search_runner.cpp for CXX dependencies
[10/105] Scanning /work/src/koi/uci_controller.cpp for CXX dependencies
[11/105] Scanning /work/src/main.cpp for CXX dependencies
[12/105] Scanning /work/src/koi/completion_gate.cpp for CXX dependencies
[13/105] Generating CXX dyndep file CMakeFiles/koi_engine.dir/CXX.dd
[14/105] Scanning /work/src/koi/time_manager.cpp for CXX dependencies
[15/105] Scanning /work/src/koi/search_service.cpp for CXX dependencies
[16/105] Scanning /work/tests/unit/runtime/uci_controller_tests.cpp for CXX dependencies
[17/105] Scanning /work/src/koi/uci_controller.cpp for CXX dependencies
[18/105] Generating CXX dyndep file CMakeFiles/koi_core.dir/CXX.dd
[19/69] Generating CXX dyndep file CMakeFiles/uci_controller_tests.dir/CXX.dd
[20/69] Generating CXX dyndep file CMakeFiles/koi_core_generic.dir/CXX.dd
[21/40] Building CXX object CMakeFiles/koi_engine.dir/src/main.cpp.o
[22/40] Building CXX object CMakeFiles/koi_core.dir/src/koi/time_manager.cpp.o
[23/40] Building CXX object CMakeFiles/koi_core.dir/src/koi/search_service.cpp.o
[24/40] Building CXX object CMakeFiles/koi_core.dir/src/koi/detail/search_session.cpp.o
[25/40] Building CXX object CMakeFiles/koi_core.dir/src/koi/completion_gate.cpp.o
[26/40] Building CXX object CMakeFiles/koi_core.dir/src/koi/detail/search_context.cpp.o
[27/40] Building CXX object CMakeFiles/koi_core.dir/src/koi/uci_controller.cpp.o
[28/40] Building CXX object CMakeFiles/uci_controller_tests.dir/tests/unit/runtime/uci_controller_tests.cpp.o
[29/40] Building CXX object CMakeFiles/koi_core_generic.dir/src/koi/detail/search_context.cpp.o
[30/40] Building CXX object CMakeFiles/koi_core_generic.dir/src/koi/detail/search_session.cpp.o
[31/40] Building CXX object CMakeFiles/koi_core.dir/src/koi/detail/search_runner.cpp.o
[32/40] Building CXX object CMakeFiles/koi_core_generic.dir/src/koi/completion_gate.cpp.o
[33/40] Building CXX object CMakeFiles/koi_core_generic.dir/src/koi/time_manager.cpp.o
[34/40] Building CXX object CMakeFiles/koi_core_generic.dir/src/koi/search_service.cpp.o
[35/40] Linking CXX static library libkoi_core.a
[36/40] Building CXX object CMakeFiles/koi_core_generic.dir/src/koi/detail/search_runner.cpp.o
[37/40] Building CXX object CMakeFiles/koi_core_generic.dir/src/koi/uci_controller.cpp.o
[38/40] Linking CXX static library libkoi_core_generic.a
[39/40] Linking CXX executable koi-engine
lto-wrapper: warning: using serial compilation of 15 LTRANS jobs
lto-wrapper: note: see the ‘-flto’ option documentation for more information
[40/40] Linking CXX executable uci_controller_tests
lto-wrapper: warning: using serial compilation of 18 LTRANS jobs
lto-wrapper: note: see the ‘-flto’ option documentation for more information
