[21:48:15] resume: seeded 1460998 existing positions
[21:48:18] games 25/8000 positions 2388 (865/s)
[21:48:21] games 50/8000 positions 4845 (899/s)
[21:48:23] games 75/8000 positions 7366 (915/s)
[21:48:26] games 100/8000 positions 10178 (926/s)
[21:48:29] games 125/8000 positions 13040 (956/s)
[21:48:31] games 150/8000 positions 15667 (969/s)
[21:48:34] games 175/8000 positions 18429 (977/s)
[21:48:36] games 200/8000 positions 20944 (984/s)
[21:48:39] games 225/8000 positions 23360 (974/s)
[21:48:42] games 250/8000 positions 25906 (968/s)
[21:48:45] games 275/8000 positions 28472 (960/s)
[21:48:48] games 300/8000 positions 31242 (961/s)
[21:48:51] games 325/8000 positions 33840 (944/s)
[21:48:54] games 350/8000 positions 36751 (941/s)
[21:48:58] games 375/8000 positions 39439 (927/s)
[21:49:02] games 400/8000 positions 42251 (898/s)
[21:49:06] games 425/8000 positions 44933 (889/s)
[21:49:09] games 450/8000 positions 47451 (889/s)
[21:49:12] games 475/8000 positions 50331 (882/s)
[21:49:15] games 500/8000 positions 52933 (878/s)
[21:49:19] games 525/8000 positions 55962 (877/s)
[21:49:22] games 550/8000 positions 58562 (877/s)
[21:49:25] games 575/8000 positions 61296 (873/s)
[21:49:29] games 600/8000 positions 63950 (869/s)
[21:49:32] games 625/8000 positions 66680 (867/s)
[21:49:36] games 650/8000 positions 69303 (862/s)
[21:49:38] games 675/8000 positions 71636 (861/s)
[21:49:43] games 700/8000 positions 74527 (853/s)
[21:49:46] games 725/8000 positions 76975 (851/s)
[21:49:49] games 750/8000 positions 79697 (850/s)
[21:49:52] games 775/8000 positions 82516 (851/s)
[21:49:55] games 800/8000 positions 85299 (853/s)
[21:49:58] games 825/8000 positions 87859 (855/s)
[21:50:01] games 850/8000 positions 90301 (855/s)
[21:50:04] games 875/8000 positions 93139 (857/s)
[21:50:07] games 900/8000 positions 95827 (858/s)
[21:50:11] games 925/8000 positions 98468 (854/s)
[21:50:14] games 950/8000 positions 101245 (855/s)
[21:50:17] games 975/8000 positions 103923 (855/s)
[21:50:20] games 1000/8000 positions 106453 (852/s)
[21:50:24] games 1025/8000 positions 108983 (849/s)
[21:50:27] games 1050/8000 positions 111713 (848/s)
[21:50:31] games 1075/8000 positions 114348 (845/s)
[21:50:35] games 1100/8000 positions 117379 (842/s)
[21:50:38] games 1125/8000 positions 119769 (836/s)
[21:50:42] games 1150/8000 positions 122618 (834/s)
[21:50:45] games 1175/8000 positions 125091 (833/s)
[21:50:49] games 1200/8000 positions 127972 (831/s)
[21:50:53] games 1225/8000 positions 130756 (827/s)
[21:50:56] games 1250/8000 positions 133447 (829/s)
[21:51:00] games 1275/8000 positions 136012 (824/s)
[21:51:04] games 1300/8000 positions 138778 (822/s)
[21:51:08] games 1325/8000 positions 141635 (822/s)
[21:51:12] games 1350/8000 positions 144311 (817/s)
[21:51:16] games 1375/8000 positions 147060 (814/s)
[21:51:19] games 1400/8000 positions 149640 (813/s)
[21:51:23] games 1425/8000 positions 152589 (813/s)
[21:51:26] games 1450/8000 positions 155377 (816/s)
[21:51:29] games 1475/8000 positions 158276 (816/s)
[21:51:31] games 1500/8000 positions 160706 (819/s)
[21:51:34] games 1525/8000 positions 163422 (820/s)
[21:51:38] games 1550/8000 positions 166123 (819/s)
[21:51:41] games 1575/8000 positions 168705 (820/s)
[21:51:45] games 1600/8000 positions 171658 (819/s)
[21:51:48] games 1625/8000 positions 174210 (820/s)
[21:51:51] games 1650/8000 positions 177216 (820/s)
[21:51:54] games 1675/8000 positions 179946 (823/s)
[21:51:57] games 1700/8000 positions 182315 (823/s)
[21:52:00] games 1725/8000 positions 184832 (823/s)
[21:52:04] games 1750/8000 positions 187722 (822/s)
[21:52:06] games 1775/8000 positions 190217 (823/s)
[21:52:09] games 1800/8000 positions 192803 (823/s)
[21:52:12] games 1825/8000 positions 195679 (825/s)
[21:52:16] games 1850/8000 positions 198456 (825/s)
[21:52:19] games 1875/8000 positions 201158 (826/s)
[21:52:21] games 1900/8000 positions 203548 (828/s)
[21:52:25] games 1925/8000 positions 206483 (827/s)
[21:52:28] games 1950/8000 positions 209110 (827/s)
[21:52:31] games 1975/8000 positions 211604 (827/s)
[21:52:34] games 2000/8000 positions 214444 (827/s)
[21:52:37] games 2025/8000 positions 216991 (829/s)
[21:52:41] games 2050/8000 positions 219962 (829/s)
[21:52:44] games 2075/8000 positions 222658 (829/s)
[21:52:47] games 2100/8000 positions 225395 (829/s)
[21:52:50] games 2125/8000 positions 228007 (831/s)
[21:52:53] games 2150/8000 positions 230632 (830/s)
[21:52:56] games 2175/8000 positions 233161 (831/s)
[21:52:59] games 2200/8000 positions 235391 (830/s)
[21:53:03] games 2225/8000 positions 238539 (830/s)
[21:53:06] games 2250/8000 positions 241282 (829/s)
[21:53:09] games 2275/8000 positions 244157 (830/s)
[21:53:13] games 2300/8000 positions 246560 (829/s)
[21:53:16] games 2325/8000 positions 249063 (829/s)
[21:53:19] games 2350/8000 positions 251551 (829/s)
[21:53:21] games 2375/8000 positions 253633 (829/s)
[21:53:26] games 2400/8000 positions 256690 (827/s)
[21:53:31] games 2425/8000 positions 259312 (822/s)
[21:53:35] games 2450/8000 positions 261720 (818/s)
[21:53:41] games 2475/8000 positions 264077 (812/s)
[21:53:44] games 2500/8000 positions 266503 (810/s)
[21:53:48] games 2525/8000 positions 269207 (809/s)
[21:53:51] games 2550/8000 positions 271944 (809/s)
[21:53:55] games 2575/8000 positions 274656 (809/s)
[21:53:58] games 2600/8000 positions 277398 (809/s)
[21:54:01] games 2625/8000 positions 280058 (810/s)
[21:54:05] games 2650/8000 positions 282994 (810/s)
[21:54:08] games 2675/8000 positions 285511 (810/s)
[21:54:11] games 2700/8000 positions 288124 (810/s)
[21:54:14] games 2725/8000 positions 290952 (812/s)
[21:54:16] games 2750/8000 positions 293779 (813/s)
[21:54:19] games 2775/8000 positions 296386 (815/s)
[21:54:22] games 2800/8000 positions 299272 (817/s)
[21:54:24] games 2825/8000 positions 301802 (818/s)
[21:54:27] games 2850/8000 positions 304323 (820/s)
[21:54:29] games 2875/8000 positions 307065 (821/s)
[21:54:32] games 2900/8000 positions 309588 (822/s)
[21:54:38] games 2925/8000 positions 312191 (816/s)
[21:54:54] games 2950/8000 positions 315018 (789/s)
[21:55:12] games 2975/8000 positions 317727 (763/s)
[21:55:26] games 3000/8000 positions 320035 (743/s)
[21:55:41] games 3025/8000 positions 322815 (725/s)
[21:55:50] games 3050/8000 positions 325311 (716/s)
[21:55:58] games 3075/8000 positions 328178 (709/s)
[21:56:04] games 3100/8000 positions 330682 (705/s)
[21:56:08] games 3125/8000 positions 333096 (705/s)
[21:56:11] games 3150/8000 positions 335791 (706/s)
[21:56:14] games 3175/8000 positions 338838 (708/s)
[21:56:17] games 3200/8000 positions 341622 (710/s)
[21:56:19] games 3225/8000 positions 344006 (711/s)
[21:56:22] games 3250/8000 positions 347009 (712/s)
[21:56:25] games 3275/8000 positions 349854 (714/s)
[21:56:28] games 3300/8000 positions 352446 (715/s)
[21:56:31] games 3325/8000 positions 354934 (716/s)
[21:56:34] games 3350/8000 positions 357719 (717/s)
[21:56:37] games 3375/8000 positions 360271 (717/s)
[21:56:40] games 3400/8000 positions 362943 (719/s)
[21:56:43] games 3425/8000 positions 365596 (720/s)
[21:56:46] games 3450/8000 positions 368252 (721/s)
[21:56:49] games 3475/8000 positions 371023 (723/s)
[21:56:51] games 3500/8000 positions 373751 (724/s)
[21:56:54] games 3525/8000 positions 376349 (725/s)
[21:56:57] games 3550/8000 positions 379320 (727/s)
[21:57:01] games 3575/8000 positions 381973 (727/s)
[21:57:04] games 3600/8000 positions 384561 (727/s)
[21:57:07] games 3625/8000 positions 387249 (728/s)
[21:57:10] games 3650/8000 positions 389910 (729/s)
[21:57:13] games 3675/8000 positions 393117 (730/s)
[21:57:17] games 3700/8000 positions 395664 (731/s)
[21:57:22] games 3725/8000 positions 398514 (729/s)
[21:57:25] games 3750/8000 positions 401065 (729/s)
[21:57:29] games 3775/8000 positions 403950 (729/s)
[21:57:32] games 3800/8000 positions 406321 (729/s)
[21:57:36] games 3825/8000 positions 409322 (729/s)
[21:57:39] games 3850/8000 positions 411694 (730/s)
[21:57:44] games 3875/8000 positions 414500 (729/s)
[21:57:47] games 3900/8000 positions 417260 (729/s)
[21:57:52] games 3925/8000 positions 419766 (728/s)
[21:57:57] games 3950/8000 positions 422474 (726/s)
[21:58:00] games 3975/8000 positions 425200 (726/s)
[21:58:04] games 4000/8000 positions 428025 (727/s)
[21:58:08] games 4025/8000 positions 430593 (726/s)
[21:58:16] games 4050/8000 positions 433191 (721/s)
[21:58:23] games 4075/8000 positions 436275 (718/s)
[21:58:27] games 4100/8000 positions 438777 (718/s)
[21:58:30] games 4125/8000 positions 441358 (718/s)
[21:58:33] games 4150/8000 positions 444038 (719/s)
[21:58:36] games 4175/8000 positions 446528 (720/s)
[21:58:38] games 4200/8000 positions 449218 (721/s)
[21:58:41] games 4225/8000 positions 451731 (722/s)
[21:58:44] games 4250/8000 positions 454657 (723/s)
[21:58:47] games 4275/8000 positions 457121 (723/s)
[21:58:50] games 4300/8000 positions 459928 (724/s)
[21:58:53] games 4325/8000 positions 462280 (725/s)
[21:58:57] games 4350/8000 positions 464992 (725/s)
[21:59:00] games 4375/8000 positions 467814 (725/s)
[21:59:04] games 4400/8000 positions 470427 (725/s)
[21:59:07] games 4425/8000 positions 472914 (726/s)
[21:59:11] games 4450/8000 positions 475740 (725/s)
[21:59:16] games 4475/8000 positions 478433 (724/s)
[21:59:20] games 4500/8000 positions 480846 (723/s)
[21:59:24] games 4525/8000 positions 483647 (723/s)
[21:59:27] games 4550/8000 positions 486465 (724/s)
[21:59:31] games 4575/8000 positions 489340 (724/s)
[21:59:34] games 4600/8000 positions 491963 (724/s)
[21:59:38] games 4625/8000 positions 494308 (724/s)
[21:59:42] games 4650/8000 positions 497113 (724/s)
[21:59:45] games 4675/8000 positions 499801 (724/s)
[21:59:48] games 4700/8000 positions 502520 (725/s)
[21:59:51] games 4725/8000 positions 505028 (726/s)
[21:59:53] games 4750/8000 positions 507569 (727/s)
[21:59:57] games 4775/8000 positions 510518 (728/s)
[22:00:00] games 4800/8000 positions 512849 (728/s)
[22:00:03] games 4825/8000 positions 515548 (728/s)
[22:00:07] games 4850/8000 positions 518513 (728/s)
[22:00:10] games 4875/8000 positions 520768 (728/s)
[22:00:14] games 4900/8000 positions 523542 (728/s)
[22:00:19] games 4925/8000 positions 526188 (727/s)
[22:00:23] games 4950/8000 positions 528957 (727/s)
[22:00:27] games 4975/8000 positions 531526 (726/s)
[22:00:32] games 5000/8000 positions 534232 (725/s)
[22:00:36] games 5025/8000 positions 536605 (724/s)
[22:00:40] games 5050/8000 positions 539088 (724/s)
[22:00:44] games 5075/8000 positions 541691 (724/s)
[22:00:49] games 5100/8000 positions 544633 (723/s)
[22:00:53] games 5125/8000 positions 547108 (722/s)
[22:00:59] games 5150/8000 positions 549912 (720/s)
[22:01:04] games 5175/8000 positions 552651 (719/s)
[22:01:08] games 5200/8000 positions 555371 (719/s)
[22:01:12] games 5225/8000 positions 558113 (719/s)
[22:01:16] games 5250/8000 positions 560389 (718/s)
[22:01:20] games 5275/8000 positions 563136 (718/s)
[22:01:26] games 5300/8000 positions 565994 (716/s)
[22:01:32] games 5325/8000 positions 568531 (714/s)
[22:01:36] games 5350/8000 positions 571151 (714/s)
[22:01:39] games 5375/8000 positions 574102 (714/s)
[22:01:43] games 5400/8000 positions 577151 (715/s)
[22:01:47] games 5425/8000 positions 579831 (714/s)
[22:01:51] games 5450/8000 positions 582336 (714/s)
[22:01:55] games 5475/8000 positions 584982 (714/s)
[22:01:58] games 5500/8000 positions 587727 (714/s)
[22:02:01] games 5525/8000 positions 590334 (714/s)
[22:02:06] games 5550/8000 positions 593142 (714/s)
[22:02:10] games 5575/8000 positions 595855 (713/s)
[22:02:14] games 5600/8000 positions 598373 (713/s)
[22:02:18] games 5625/8000 positions 601125 (713/s)
[22:02:22] games 5650/8000 positions 603809 (713/s)
[22:02:25] games 5675/8000 positions 606689 (714/s)
[22:02:29] games 5700/8000 positions 609217 (713/s)
[22:02:33] games 5725/8000 positions 611864 (713/s)
[22:02:37] games 5750/8000 positions 614709 (714/s)
[22:02:41] games 5775/8000 positions 617675 (713/s)
[22:02:45] games 5800/8000 positions 620294 (713/s)
[22:02:49] games 5825/8000 positions 623032 (713/s)
[22:02:52] games 5850/8000 positions 625575 (713/s)
[22:02:57] games 5875/8000 positions 628252 (713/s)
[22:03:01] games 5900/8000 positions 631269 (713/s)
[22:03:04] games 5925/8000 positions 633921 (713/s)
[22:03:07] games 5950/8000 positions 636330 (713/s)
[22:03:11] games 5975/8000 positions 638895 (713/s)
[22:03:14] games 6000/8000 positions 641779 (714/s)
[22:03:18] games 6025/8000 positions 644136 (714/s)
[22:03:21] games 6050/8000 positions 646976 (714/s)
[22:03:24] games 6075/8000 positions 649878 (715/s)
[22:03:28] games 6100/8000 positions 652700 (715/s)
[22:03:31] games 6125/8000 positions 655434 (716/s)
[22:03:35] games 6150/8000 positions 658282 (716/s)
[22:03:38] games 6175/8000 positions 660644 (716/s)
[22:03:41] games 6200/8000 positions 663140 (717/s)
[22:03:44] games 6225/8000 positions 665986 (717/s)
[22:03:47] games 6250/8000 positions 668712 (717/s)
[22:03:51] games 6275/8000 positions 671216 (717/s)
[22:03:54] games 6300/8000 positions 673880 (717/s)
[22:03:58] games 6325/8000 positions 676419 (717/s)
[22:04:02] games 6350/8000 positions 679233 (717/s)
[22:04:06] games 6375/8000 positions 682138 (717/s)
[22:04:09] games 6400/8000 positions 684564 (718/s)
[22:04:12] games 6425/8000 positions 687235 (718/s)
[22:04:16] games 6450/8000 positions 690166 (718/s)
[22:04:19] games 6475/8000 positions 692347 (718/s)
[22:04:22] games 6500/8000 positions 694962 (719/s)
[22:04:26] games 6525/8000 positions 697688 (719/s)
[22:04:29] games 6550/8000 positions 700152 (719/s)
[22:04:34] games 6575/8000 positions 703113 (719/s)
[22:04:37] games 6600/8000 positions 705665 (718/s)
[22:04:41] games 6625/8000 positions 708335 (719/s)
[22:04:45] games 6650/8000 positions 710679 (718/s)
[22:04:48] games 6675/8000 positions 713370 (718/s)
[22:04:53] games 6700/8000 positions 716312 (718/s)
[22:04:56] games 6725/8000 positions 718550 (718/s)
[22:05:00] games 6750/8000 positions 721257 (718/s)
[22:05:03] games 6775/8000 positions 723764 (718/s)
[22:05:08] games 6800/8000 positions 726764 (718/s)
[22:06:09] noise game worker finished
[22:06:09] noise game worker finished
[22:06:09] noise game worker finished
[22:06:09] positions written to artifacts\training\positions.txt (total 880675)
[22:06:11] loaded 2341934 positions
[22:06:12] resume: 1219064 positions already labeled
[22:08:30] labeled 5000 (37/s)
[22:08:52] labeled 10000 (63/s)
[22:09:06] labeled 15000 (87/s)
[22:09:21] labeled 20000 (107/s)
[22:09:36] labeled 25000 (124/s)
[22:09:53] labeled 30000 (137/s)
[22:10:10] labeled 35000 (148/s)
[22:10:30] labeled 40000 (156/s)
[22:10:46] labeled 45000 (165/s)
[22:11:00] labeled 50000 (175/s)
[22:11:13] labeled 55000 (184/s)
[22:11:26] labeled 60000 (192/s)
[22:11:40] labeled 65000 (199/s)
[22:11:54] labeled 70000 (206/s)
[22:12:07] labeled 75000 (212/s)
[22:12:20] labeled 80000 (218/s)
[22:12:34] labeled 85000 (224/s)
[22:12:47] labeled 90000 (229/s)
[22:12:59] labeled 95000 (234/s)
[22:13:12] labeled 100000 (239/s)
[22:13:25] labeled 105000 (243/s)
[22:13:38] labeled 110000 (248/s)
[22:13:51] labeled 115000 (251/s)
[22:14:04] labeled 120000 (255/s)
[22:14:17] labeled 125000 (258/s)
[22:14:30] labeled 130000 (262/s)
[22:14:44] labeled 135000 (265/s)
[22:14:57] labeled 140000 (268/s)
[22:15:10] labeled 145000 (270/s)
[22:15:23] labeled 150000 (273/s)
[22:15:36] labeled 155000 (275/s)
[22:15:51] labeled 160000 (277/s)
[22:16:04] labeled 165000 (280/s)
[22:16:17] labeled 170000 (282/s)
[22:16:29] labeled 175000 (284/s)
[22:16:43] labeled 180000 (286/s)
[22:16:57] labeled 185000 (287/s)
[22:17:18] labeled 190000 (286/s)
[22:17:44] labeled 195000 (282/s)
[22:18:09] labeled 200000 (280/s)
[22:18:30] labeled 205000 (278/s)
[22:18:52] labeled 210000 (277/s)
[22:19:13] labeled 215000 (276/s)
[22:19:33] labeled 220000 (275/s)
[22:19:54] labeled 225000 (274/s)
[22:20:14] labeled 230000 (274/s)
[22:21:38] labeled 235000 (254/s)
[22:21:59] labeled 240000 (254/s)
[22:22:18] labeled 245000 (254/s)
[22:22:39] labeled 250000 (254/s)
[22:23:02] labeled 255000 (253/s)
[22:23:24] labeled 260000 (252/s)
[22:23:48] labeled 265000 (251/s)
[22:24:12] labeled 270000 (250/s)
[22:24:34] labeled 275000 (250/s)
[22:24:54] labeled 280000 (250/s)
[22:25:17] labeled 285000 (249/s)
[22:25:42] labeled 290000 (248/s)
[22:26:05] labeled 295000 (248/s)
[22:26:29] labeled 300000 (247/s)
[22:27:00] labeled 305000 (245/s)
[22:27:26] labeled 310000 (244/s)
[22:27:48] labeled 315000 (243/s)
[22:28:12] labeled 320000 (243/s)
[22:28:34] labeled 325000 (242/s)
[22:28:58] labeled 330000 (242/s)
[22:29:20] labeled 335000 (242/s)
[22:29:47] labeled 340000 (241/s)
[22:30:14] labeled 345000 (239/s)
[22:30:36] labeled 350000 (239/s)
[22:30:57] labeled 355000 (239/s)
[22:31:19] labeled 360000 (239/s)
[22:31:40] labeled 365000 (239/s)
[22:31:59] labeled 370000 (239/s)
[22:32:17] labeled 375000 (240/s)
[22:32:38] labeled 380000 (240/s)
[22:33:00] labeled 385000 (240/s)
[22:33:20] labeled 390000 (240/s)
[22:33:40] labeled 395000 (240/s)
[22:33:59] labeled 400000 (240/s)
[22:34:20] labeled 405000 (240/s)
[22:34:41] labeled 410000 (240/s)
[22:35:01] labeled 415000 (240/s)
[22:35:21] labeled 420000 (240/s)
[22:35:40] labeled 425000 (241/s)
[22:36:02] labeled 430000 (240/s)
[22:36:22] labeled 435000 (240/s)
[22:36:45] labeled 440000 (240/s)
[22:37:07] labeled 445000 (240/s)
[22:37:27] labeled 450000 (240/s)
[22:37:46] labeled 455000 (240/s)
[22:38:07] labeled 460000 (240/s)
[22:38:27] labeled 465000 (240/s)
[22:38:48] labeled 470000 (240/s)
[22:39:09] labeled 475000 (240/s)
[22:39:30] labeled 480000 (240/s)
[22:39:51] labeled 485000 (240/s)
[22:40:13] labeled 490000 (240/s)
[22:40:44] labeled 495000 (239/s)
[22:42:09] labeled 500000 (232/s)
[22:42:32] labeled 505000 (232/s)
[22:42:53] labeled 510000 (232/s)
[22:43:13] labeled 515000 (232/s)
[22:43:34] labeled 520000 (232/s)
[22:43:54] labeled 525000 (232/s)
[22:44:13] labeled 530000 (232/s)
[22:44:34] labeled 535000 (233/s)
[22:44:56] labeled 540000 (233/s)
[22:45:17] labeled 545000 (233/s)
[22:45:40] labeled 550000 (232/s)
[22:46:09] labeled 555000 (232/s)
[22:46:33] labeled 560000 (231/s)
[22:47:10] labeled 565000 (230/s)
[22:47:30] labeled 570000 (230/s)
[22:47:51] labeled 575000 (230/s)
[22:48:12] labeled 580000 (230/s)
[22:48:36] labeled 585000 (230/s)
[22:49:01] labeled 590000 (230/s)
[22:49:23] labeled 595000 (230/s)
[22:49:47] labeled 600000 (230/s)
[22:50:10] labeled 605000 (229/s)
[22:50:41] labeled 610000 (229/s)
[22:51:09] labeled 615000 (228/s)
[22:51:31] labeled 620000 (228/s)
[22:51:53] labeled 625000 (228/s)
[22:52:12] labeled 630000 (228/s)
[22:52:34] labeled 635000 (228/s)
[22:52:56] labeled 640000 (228/s)
[22:53:19] labeled 645000 (228/s)
[22:53:46] labeled 650000 (228/s)
[22:54:10] labeled 655000 (228/s)
[22:54:31] labeled 660000 (228/s)
[22:54:53] labeled 665000 (228/s)
[22:55:15] labeled 670000 (228/s)
[22:55:36] labeled 675000 (228/s)
[22:55:58] labeled 680000 (228/s)
[22:56:17] labeled 685000 (228/s)
[22:56:36] labeled 690000 (228/s)
[22:56:56] labeled 695000 (228/s)
[22:57:18] labeled 700000 (228/s)
[22:57:40] labeled 705000 (228/s)
[22:58:01] labeled 710000 (229/s)
[22:58:25] labeled 715000 (228/s)
[22:58:51] labeled 720000 (228/s)
[22:59:12] labeled 725000 (228/s)
[22:59:39] labeled 730000 (228/s)
[23:00:00] labeled 735000 (228/s)
[23:00:22] labeled 740000 (228/s)
[23:00:42] labeled 745000 (228/s)
[23:01:02] labeled 750000 (228/s)
[23:01:24] labeled 755000 (228/s)
[23:01:46] labeled 760000 (228/s)
[23:02:06] labeled 765000 (228/s)
[23:02:27] labeled 770000 (228/s)
[23:02:50] labeled 775000 (228/s)
[23:03:14] labeled 780000 (228/s)
[23:03:40] labeled 785000 (228/s)
[23:04:03] labeled 790000 (228/s)
[23:04:28] labeled 795000 (228/s)
[23:04:50] labeled 800000 (227/s)
[23:05:18] labeled 805000 (227/s)
[23:05:49] labeled 810000 (227/s)
[23:06:12] labeled 815000 (226/s)
[23:06:36] labeled 820000 (226/s)
[23:07:01] labeled 825000 (226/s)
[23:07:23] labeled 830000 (226/s)
[23:07:43] labeled 835000 (226/s)
[23:08:04] labeled 840000 (226/s)
[23:08:30] labeled 845000 (226/s)
[23:08:58] labeled 850000 (226/s)
[23:09:20] labeled 855000 (226/s)
[23:09:43] labeled 860000 (226/s)
[23:10:04] labeled 865000 (226/s)
[23:10:28] labeled 870000 (226/s)
[23:10:53] labeled 875000 (226/s)
[23:11:17] labeled 880000 (225/s)
[23:11:38] labeled 885000 (226/s)
[23:11:57] labeled 890000 (226/s)
[23:12:15] labeled 895000 (226/s)
[23:12:32] labeled 900000 (226/s)
[23:12:46] labeled 905000 (227/s)
[23:13:00] labeled 910000 (227/s)
[23:13:14] labeled 915000 (228/s)
[23:13:27] labeled 920000 (228/s)
[23:13:41] labeled 925000 (229/s)
[23:13:55] labeled 930000 (229/s)
[23:14:09] labeled 935000 (229/s)
[23:14:24] labeled 940000 (230/s)
[23:14:39] labeled 945000 (230/s)
[23:14:53] labeled 950000 (231/s)
[23:15:06] labeled 955000 (231/s)
[23:15:19] labeled 960000 (232/s)
[23:15:33] labeled 965000 (232/s)
[23:15:49] labeled 970000 (232/s)
[23:16:06] labeled 975000 (233/s)
[23:16:26] labeled 980000 (233/s)
[23:16:45] labeled 985000 (233/s)
[23:17:04] labeled 990000 (233/s)
[23:17:24] labeled 995000 (233/s)
[23:17:44] labeled 1000000 (233/s)
[23:18:06] labeled 1005000 (233/s)
[23:18:28] labeled 1010000 (233/s)
[23:18:48] labeled 1015000 (233/s)
[23:19:07] labeled 1020000 (233/s)
[23:19:28] labeled 1025000 (233/s)
[23:19:49] labeled 1029971 positions (92708 skipped); wrote artifacts\training\labels.txt
