Koi benchmark
config threads 1 speed 100 timed 1 hash cold suite optional_strength
position positional_01 depth 1 nodes 1 qnodes 17 tt_hits 0 score 537 expected c3b5 move e1e2 match 0 elapsed_ms 4 nps 4500
position positional_02 depth 1 nodes 1 qnodes 12 tt_hits 0 score 505 expected b1c3 move b1c3 match 1 elapsed_ms 2 nps 6500
position positional_03 depth 1 nodes 1 qnodes 17 tt_hits 0 score 535 expected c1f4 move c1f4 match 1 elapsed_ms 2 nps 9000
position positional_04 depth 1 nodes 1 qnodes 26 tt_hits 0 score 592 expected a1d1 move a1a7 match 0 elapsed_ms 2 nps 13500
position positional_05 depth 1 nodes 1 qnodes 210 tt_hits 0 score 1056 expected d1h5 move d1d5 match 0 elapsed_ms 7 nps 30142
position positional_06 depth 1 nodes 1 qnodes 43 tt_hits 0 score 783 expected f1h3 move f1c4 match 0 elapsed_ms 3 nps 14666
position positional_07 depth 1 nodes 1 qnodes 18 tt_hits 0 score 93 expected c3d5 move e1e2 match 0 elapsed_ms 2 nps 9500
position positional_08 depth 1 nodes 1 qnodes 66 tt_hits 0 score -166 expected c1h6 move c1f4 match 0 elapsed_ms 4 nps 16750
position positional_09 depth 1 nodes 1 qnodes 18 tt_hits 0 score 242 expected a1a2 move a1a7 match 0 elapsed_ms 2 nps 9500
position positional_10 depth 1 nodes 1 qnodes 246 tt_hits 0 score 770 expected d1d3 move d1d6 match 0 elapsed_ms 8 nps 30875
position positional_11 depth 1 nodes 1 qnodes 16 tt_hits 0 score 14 expected e2c3 move e2d4 match 0 elapsed_ms 2 nps 8500
position positional_12 depth 1 nodes 1 qnodes 16 tt_hits 0 score 0 expected g2f3 move g2a8 match 0 elapsed_ms 2 nps 8500
position positional_13 depth 1 nodes 1 qnodes 229 tt_hits 0 score -404 expected d2d4 move e1f1 match 0 elapsed_ms 9 nps 25555
position positional_14 depth 1 nodes 1 qnodes 230 tt_hits 0 score 1421 expected b3e6 move f8d6 match 0 elapsed_ms 7 nps 33000
position positional_15 depth 1 nodes 1 qnodes 54 tt_hits 0 score -175 expected f3g5 move f3e5 match 0 elapsed_ms 3 nps 18333
position positional_16 depth 1 nodes 1 qnodes 15 tt_hits 0 score 513 expected b3c5 move b3c5 match 1 elapsed_ms 2 nps 8000
position positional_17 depth 1 nodes 1 qnodes 13 tt_hits 0 score 249 expected b3d4 move b3c5 match 0 elapsed_ms 2 nps 7000
position positional_18 depth 1 nodes 1 qnodes 14 tt_hits 0 score 266 expected f2b6 move f2d4 match 0 elapsed_ms 2 nps 7500
position positional_19 depth 1 nodes 1 qnodes 59 tt_hits 0 score 518 expected h1h2 move h1h8 match 0 elapsed_ms 3 nps 20000
position positional_20 depth 1 nodes 1 qnodes 43 tt_hits 0 score 698 expected e2e4 move e2e5 match 0 elapsed_ms 3 nps 14666
position positional_21 depth 1 nodes 1 qnodes 16 tt_hits 0 score 41 expected d4f5 move e1d2 match 0 elapsed_ms 2 nps 8500
position positional_22 depth 1 nodes 1 qnodes 14 tt_hits 0 score 0 expected b2g7 move b2h8 match 0 elapsed_ms 2 nps 7500
position positional_23 depth 1 nodes 1 qnodes 256 tt_hits 0 score -401 expected c3c6 move c3c4 match 0 elapsed_ms 10 nps 25700
position positional_24 depth 1 nodes 1 qnodes 253 tt_hits 0 score 759 expected f3f5 move f3f4 match 0 elapsed_ms 9 nps 28222
position positional_25 depth 1 nodes 1 qnodes 14 tt_hits 0 score 4 expected g1f3 move g1f3 match 1 elapsed_ms 3 nps 5000
position positional_26 depth 1 nodes 1 qnodes 91 tt_hits 0 score -141 expected h3g2 move h3e6 match 0 elapsed_ms 4 nps 23000
position positional_27 depth 1 nodes 1 qnodes 34 tt_hits 0 score 542 expected a4a7 move a4a8 match 0 elapsed_ms 3 nps 11666
position positional_28 depth 1 nodes 1 qnodes 161 tt_hits 0 score 1440 expected c4g8 move f8d6 match 0 elapsed_ms 5 nps 32400
position positional_29 depth 1 nodes 1 qnodes 63 tt_hits 0 score -181 expected a4b6 move a4c5 match 0 elapsed_ms 3 nps 21333
position positional_30 depth 1 nodes 1 qnodes 30 tt_hits 0 score 116 expected d3f5 move e1d2 match 0 elapsed_ms 2 nps 15500
position positional_31 depth 1 nodes 1 qnodes 21 tt_hits 0 score 281 expected e2e7 move e1d2 match 0 elapsed_ms 2 nps 11000
position positional_32 depth 1 nodes 1 qnodes 258 tt_hits 0 score 985 expected g2g7 move g2g8 match 0 elapsed_ms 8 nps 32375
position positional_33 depth 1 nodes 1 qnodes 14 tt_hits 0 score 511 expected h3f4 move h3f4 match 1 elapsed_ms 2 nps 7500
position positional_34 depth 1 nodes 1 qnodes 27 tt_hits 0 score 545 expected e2h5 move e1d2 match 0 elapsed_ms 3 nps 9333
position positional_35 depth 1 nodes 1 qnodes 46 tt_hits 0 score 257 expected b2b8 move e1e2 match 0 elapsed_ms 3 nps 15666
position positional_36 depth 1 nodes 1 qnodes 146 tt_hits 0 score 979 expected a3a8 move a3a8 match 1 elapsed_ms 6 nps 24500
position positional_37 depth 1 nodes 1 qnodes 18 tt_hits 0 score 239 expected c5d7 move e1d2 match 0 elapsed_ms 2 nps 9500
position positional_38 depth 1 nodes 1 qnodes 37 tt_hits 0 score 112 expected g4d7 move e1d2 match 0 elapsed_ms 3 nps 12666
position positional_39 depth 1 nodes 1 qnodes 50 tt_hits 0 score 218 expected f2f7 move f2a2 match 0 elapsed_ms 3 nps 17000
position positional_40 depth 1 nodes 1 qnodes 95 tt_hits 0 score 1155 expected a1a7 move h1h7 match 0 elapsed_ms 4 nps 24000
position positional_41 depth 1 nodes 1 qnodes 219 tt_hits 0 score 1601 expected d2d8 move d2d5 match 0 elapsed_ms 8 nps 27500
position positional_42 depth 1 nodes 1 qnodes 48 tt_hits 0 score -589 expected e1d1 move e1d2 match 0 elapsed_ms 3 nps 16333
position positional_43 depth 1 nodes 1 qnodes 7 tt_hits 0 score 183 expected e1f1 move e1d2 match 0 elapsed_ms 2 nps 4000
position king_safety_01 depth 1 nodes 1 qnodes 8 tt_hits 0 score 548 expected g1h1 move f2f3 match 0 elapsed_ms 2 nps 4500
position king_safety_02 depth 1 nodes 1 qnodes 9 tt_hits 0 score 560 expected g1f1 move e2e3 match 0 elapsed_ms 2 nps 5000
position king_safety_03 depth 1 nodes 1 qnodes 12 tt_hits 0 score 558 expected f1e1 move h2h3 match 0 elapsed_ms 2 nps 6500
position king_safety_04 depth 1 nodes 1 qnodes 8 tt_hits 0 score 537 expected h1g1 move h1g1 match 1 elapsed_ms 2 nps 4500
position king_safety_05 depth 1 nodes 1 qnodes 14 tt_hits 0 score 353 expected g1f1 move g2g3 match 0 elapsed_ms 2 nps 7500
position king_safety_06 depth 1 nodes 1 qnodes 8 tt_hits 0 score 404 expected g1h1 move f2f3 match 0 elapsed_ms 2 nps 4500
position king_safety_07 depth 1 nodes 1 qnodes 10 tt_hits 0 score -17 expected f2f3 move f2f3 match 1 elapsed_ms 2 nps 5500
position king_safety_08 depth 1 nodes 1 qnodes 9 tt_hits 0 score 180 expected g2g3 move h2h3 match 0 elapsed_ms 2 nps 5000
position king_safety_09 depth 1 nodes 1 qnodes 8 tt_hits 0 score 238 expected h2h3 move f2f3 match 0 elapsed_ms 2 nps 4500
position king_safety_10 depth 1 nodes 1 qnodes 40 tt_hits 0 score -471 expected f2f4 move g2g3 match 0 elapsed_ms 3 nps 13666
position king_safety_11 depth 1 nodes 1 qnodes 36 tt_hits 0 score 1132 expected a1a2 move a1a7 match 0 elapsed_ms 3 nps 12333
position king_safety_12 depth 1 nodes 1 qnodes 23 tt_hits 0 score 503 expected g1h1 move h5f3 match 0 elapsed_ms 2 nps 12000
position king_safety_13 depth 1 nodes 1 qnodes 11 tt_hits 0 score 720 expected h2f3 move h2f3 match 1 elapsed_ms 2 nps 6000
position king_safety_14 depth 1 nodes 1 qnodes 24 tt_hits 0 score 942 expected h1h3 move h1h7 match 0 elapsed_ms 2 nps 12500
position king_safety_15 depth 1 nodes 1 qnodes 220 tt_hits 0 score 1589 expected d1h5 move d1d5 match 0 elapsed_ms 8 nps 27625
position king_safety_16 depth 1 nodes 1 qnodes 26 tt_hits 0 score 946 expected e2e7 move h2h3 match 0 elapsed_ms 2 nps 13500
position king_safety_17 depth 1 nodes 1 qnodes 8 tt_hits 0 score 849 expected g2h3 move f3f4 match 0 elapsed_ms 2 nps 4500
position king_safety_18 depth 1 nodes 1 qnodes 14 tt_hits 0 score 919 expected f3g5 move f3e5 match 0 elapsed_ms 2 nps 7500
position king_safety_19 depth 1 nodes 1 qnodes 10 tt_hits 0 score -53 expected f2f3 move h2h3 match 0 elapsed_ms 2 nps 5500
position king_safety_20 depth 1 nodes 1 qnodes 17 tt_hits 0 score 157 expected g2g3 move h2h3 match 0 elapsed_ms 2 nps 9000
position king_safety_21 depth 1 nodes 1 qnodes 25 tt_hits 0 score -454 expected h2h3 move g2g3 match 0 elapsed_ms 3 nps 8666
position king_safety_22 depth 1 nodes 1 qnodes 11 tt_hits 0 score 705 expected a2a4 move a2a4 match 1 elapsed_ms 2 nps 6000
position king_safety_23 depth 1 nodes 1 qnodes 11 tt_hits 0 score 711 expected b2b4 move b2b4 match 1 elapsed_ms 2 nps 6000
position king_safety_24 depth 1 nodes 1 qnodes 11 tt_hits 0 score 716 expected c2c4 move c2c4 match 1 elapsed_ms 2 nps 6000
position king_safety_25 depth 1 nodes 1 qnodes 11 tt_hits 0 score 725 expected d2d4 move d2d4 match 1 elapsed_ms 2 nps 6000
position king_safety_26 depth 1 nodes 1 qnodes 10 tt_hits 0 score 742 expected e2e4 move e2e3 match 0 elapsed_ms 2 nps 5500
position king_safety_27 depth 1 nodes 1 qnodes 24 tt_hits 0 score 1248 expected a1b1 move a1d1 match 0 elapsed_ms 2 nps 12500
position king_safety_28 depth 1 nodes 1 qnodes 16 tt_hits 0 score 734 expected f1b5 move f1c4 match 0 elapsed_ms 2 nps 8500
position king_safety_29 depth 1 nodes 1 qnodes 10 tt_hits 0 score 692 expected h2f3 move h2f3 match 1 elapsed_ms 2 nps 5500
position king_safety_30 depth 1 nodes 1 qnodes 88 tt_hits 0 score 1719 expected a1b1 move a1d4 match 0 elapsed_ms 4 nps 22250
position king_safety_31 depth 1 nodes 1 qnodes 99 tt_hits 0 score 1707 expected c1c7 move c1c7 match 1 elapsed_ms 5 nps 20000
position king_safety_32 depth 1 nodes 1 qnodes 28 tt_hits 0 score 921 expected d1h5 move d1f3 match 0 elapsed_ms 2 nps 14500
position king_safety_33 depth 1 nodes 1 qnodes 12 tt_hits 0 score 910 expected e1f3 move e1d3 match 0 elapsed_ms 2 nps 6500
position king_safety_34 depth 1 nodes 1 qnodes 12 tt_hits 0 score 921 expected h2f3 move h2f3 match 1 elapsed_ms 2 nps 6500
position king_safety_35 depth 1 nodes 1 qnodes 11 tt_hits 0 score 461 expected a2a4 move a2a4 match 1 elapsed_ms 2 nps 6000
position king_safety_36 depth 1 nodes 1 qnodes 22 tt_hits 0 score -25 expected a2a4 move a2a4 match 1 elapsed_ms 2 nps 11500
position king_safety_37 depth 1 nodes 1 qnodes 17 tt_hits 0 score 327 expected c2c4 move c2c4 match 1 elapsed_ms 2 nps 9000
position king_safety_38 depth 1 nodes 1 qnodes 16 tt_hits 0 score 73 expected c1h6 move c1f4 match 0 elapsed_ms 2 nps 8500
position king_safety_39 depth 1 nodes 1 qnodes 87 tt_hits 0 score -133 expected c3b5 move c3d1 match 0 elapsed_ms 5 nps 17600
position king_safety_40 depth 1 nodes 1 qnodes 10 tt_hits 0 score -44 expected f2f4 move f2f3 match 0 elapsed_ms 2 nps 5500
position king_safety_41 depth 1 nodes 1 qnodes 27 tt_hits 0 score 1298 expected f1a1 move h2e5 match 0 elapsed_ms 2 nps 14000
position king_safety_42 depth 1 nodes 1 qnodes 21 tt_hits 0 score 944 expected b2h8 move b2e5 match 0 elapsed_ms 2 nps 11000
position king_safety_43 depth 1 nodes 1 qnodes 20 tt_hits 0 score 925 expected d4f5 move f2f3 match 0 elapsed_ms 3 nps 7000
position endgame_01 depth 1 nodes 1 qnodes 9 tt_hits 0 score 170 expected e1d1 move e1d2 match 0 elapsed_ms 2 nps 5000
position endgame_02 depth 1 nodes 1 qnodes 9 tt_hits 0 score 187 expected e1f1 move e1d2 match 0 elapsed_ms 4 nps 2500
position endgame_03 depth 1 nodes 1 qnodes 7 tt_hits 0 score 214 expected e1d2 move e1d2 match 1 elapsed_ms 2 nps 4000
position endgame_04 depth 1 nodes 1 qnodes 67 tt_hits 0 score 871 expected e8d7 move h2h1q match 0 elapsed_ms 4 nps 17000
position endgame_05 depth 1 nodes 1 qnodes 6 tt_hits 0 score 240 expected e8f7 move e8d7 match 0 elapsed_ms 2 nps 3500
position endgame_06 depth 1 nodes 1 qnodes 60 tt_hits 0 score 456 expected a1a7 move a1a7 match 1 elapsed_ms 3 nps 20333
position endgame_07 depth 1 nodes 1 qnodes 25 tt_hits 0 score 592 expected h1h7 move h1h7 match 1 elapsed_ms 2 nps 13000
position endgame_08 depth 1 nodes 1 qnodes 16 tt_hits 0 score 264 expected c1f4 move c1f4 match 1 elapsed_ms 2 nps 8500
position endgame_09 depth 1 nodes 1 qnodes 11 tt_hits 0 score 507 expected b1c3 move b1c3 match 1 elapsed_ms 2 nps 6000
position endgame_10 depth 1 nodes 1 qnodes 277 tt_hits 0 score 961 expected d1d7 move d1h5 match 0 elapsed_ms 10 nps 27800
position endgame_11 depth 1 nodes 1 qnodes 45 tt_hits 0 score -558 expected e1f2 move e1d2 match 0 elapsed_ms 3 nps 15333
position endgame_12 depth 1 nodes 1 qnodes 9 tt_hits 0 score -194 expected e1f2 move e1d2 match 0 elapsed_ms 2 nps 5000
position endgame_13 depth 1 nodes 1 qnodes 9 tt_hits 0 score -137 expected e1d2 move e1d2 match 1 elapsed_ms 2 nps 5000
position endgame_14 depth 1 nodes 1 qnodes 11 tt_hits 0 score 310 expected e1f1 move e1d2 match 0 elapsed_ms 2 nps 6000
position endgame_15 depth 1 nodes 1 qnodes 9 tt_hits 0 score 338 expected e1d2 move e1d2 match 1 elapsed_ms 2 nps 5000
position endgame_16 depth 1 nodes 1 qnodes 9 tt_hits 0 score 370 expected e8d7 move e8f7 match 0 elapsed_ms 2 nps 5000
position endgame_17 depth 1 nodes 1 qnodes 21 tt_hits 0 score 595 expected d1d7 move e1e2 match 0 elapsed_ms 2 nps 11000
position endgame_18 depth 1 nodes 1 qnodes 23 tt_hits 0 score 595 expected d8d1 move e8e7 match 0 elapsed_ms 2 nps 12000
position endgame_19 depth 1 nodes 1 qnodes 23 tt_hits 0 score 555 expected g2c6 move g2e4 match 0 elapsed_ms 2 nps 12000
position endgame_20 depth 1 nodes 1 qnodes 16 tt_hits 0 score 227 expected g7c3 move g7d4 match 0 elapsed_ms 2 nps 8500
position endgame_21 depth 1 nodes 1 qnodes 16 tt_hits 0 score 539 expected f3e5 move e1d2 match 0 elapsed_ms 2 nps 8500
position endgame_22 depth 1 nodes 1 qnodes 8 tt_hits 0 score 190 expected h8f7 move h8f7 match 1 elapsed_ms 2 nps 4500
position endgame_23 depth 1 nodes 1 qnodes 106 tt_hits 0 score 871 expected a7a8q move a7a8q match 1 elapsed_ms 5 nps 21400
position endgame_24 depth 1 nodes 1 qnodes 115 tt_hits 0 score 957 expected h2h1q move h2h1q match 1 elapsed_ms 5 nps 23200
position endgame_25 depth 1 nodes 1 qnodes 25 tt_hits 0 score 542 expected a1a7 move a1a8 match 0 elapsed_ms 2 nps 13000
position endgame_26 depth 1 nodes 1 qnodes 34 tt_hits 0 score 658 expected c1h6 move c1e3 match 0 elapsed_ms 3 nps 11666
position endgame_27 depth 1 nodes 1 qnodes 27 tt_hits 0 score 794 expected c8h3 move c1e3 match 0 elapsed_ms 2 nps 14000
position endgame_28 depth 1 nodes 1 qnodes 18 tt_hits 0 score 107 expected c3b5 move e1e2 match 0 elapsed_ms 2 nps 9500
position endgame_29 depth 1 nodes 1 qnodes 58 tt_hits 0 score 60 expected e2e7 move e1f2 match 0 elapsed_ms 4 nps 14750
position endgame_30 depth 1 nodes 1 qnodes 24 tt_hits 0 score 417 expected e7e2 move e8d7 match 0 elapsed_ms 2 nps 12500
position endgame_31 depth 1 nodes 1 qnodes 253 tt_hits 0 score 1056 expected a2a8 move a2d5 match 0 elapsed_ms 7 nps 36285
position endgame_32 depth 1 nodes 1 qnodes 183 tt_hits 0 score 1046 expected h7h2 move h7d3 match 0 elapsed_ms 6 nps 30666
position endgame_33 depth 1 nodes 1 qnodes 7 tt_hits 0 score 238 expected d5d6 move e1d2 match 0 elapsed_ms 2 nps 4000
position endgame_34 depth 1 nodes 1 qnodes 8 tt_hits 0 score 238 expected e4e3 move e8e7 match 0 elapsed_ms 2 nps 4500
position endgame_35 depth 1 nodes 1 qnodes 8 tt_hits 0 score 125 expected e1d1 move e1e2 match 0 elapsed_ms 2 nps 4500
position endgame_36 depth 1 nodes 1 qnodes 8 tt_hits 0 score -84 expected f6e5 move f6e5 match 1 elapsed_ms 2 nps 4500
position endgame_37 depth 1 nodes 1 qnodes 36 tt_hits 0 score 597 expected g2g7 move g2g7 match 1 elapsed_ms 3 nps 12333
position endgame_38 depth 1 nodes 1 qnodes 27 tt_hits 0 score 307 expected d4f2 move e8d7 match 0 elapsed_ms 2 nps 14000
position endgame_39 depth 1 nodes 1 qnodes 15 tt_hits 0 score 517 expected h4f5 move h4f5 match 1 elapsed_ms 2 nps 8000
position endgame_40 depth 1 nodes 1 qnodes 17 tt_hits 0 score 277 expected c4e3 move e8d7 match 0 elapsed_ms 2 nps 9000
position endgame_41 depth 1 nodes 1 qnodes 8 tt_hits 0 score 630 expected b6b7 move e1d2 match 0 elapsed_ms 2 nps 4500
position endgame_42 depth 1 nodes 1 qnodes 9 tt_hits 0 score 427 expected g4g3 move e8e7 match 0 elapsed_ms 2 nps 5000
