Koi benchmark
config threads 4 speed 100 timed 1 hash cold
position mate_in_one depth 2 nodes 40 qnodes 721 tt_hits 0 score 99999 expected f7e8 move f7e8 match 1 elapsed_ms 6 nps 126833
position mate_02 depth 2 nodes 57 qnodes 1206 tt_hits 11 score 99999 expected f7g7 move a1a8 match 1 elapsed_ms 8 nps 157875
position mate_03 depth 2 nodes 42 qnodes 487 tt_hits 0 score 99999 expected f5f8 move f5c8 match 1 elapsed_ms 7 nps 75571
position mate_04 depth 2 nodes 38 qnodes 1315 tt_hits 0 score 99999 expected e2e8 move e2e8 match 1 elapsed_ms 7 nps 193285
position mate_05 depth 2 nodes 82 qnodes 6533 tt_hits 0 score 99999 expected e7b7 move e7b7 match 1 elapsed_ms 22 nps 300681
position mate_06 depth 2 nodes 36 qnodes 1392 tt_hits 0 score 99999 expected f1f8 move f1f8 match 1 elapsed_ms 8 nps 178500
position black_mate depth 2 nodes 40 qnodes 677 tt_hits 0 score 99999 expected c2a2 move c2a2 match 1 elapsed_ms 5 nps 143400
position check_01 depth 2 nodes 40 qnodes 889 tt_hits 4 score 99999 expected e2e7 move e2e7 match 1 elapsed_ms 8 nps 116125
position check_02 depth 2 nodes 58 qnodes 2183 tt_hits 8 score 1608 expected d2d7 move d2d7 match 1 elapsed_ms 12 nps 186750
position check_03 depth 2 nodes 157 qnodes 9350 tt_hits 56 score 364 expected f2f7 move f2e3 match 1 elapsed_ms 38 nps 250184
position check_04 depth 2 nodes 66 qnodes 1417 tt_hits 17 score 1616 expected d2d7 move d2d7 match 1 elapsed_ms 7 nps 211857
position check_05 depth 2 nodes 53 qnodes 1428 tt_hits 6 score 0 expected c2c7 move c2c7 match 1 elapsed_ms 14 nps 105785
position check_06 depth 2 nodes 30 qnodes 163 tt_hits 1 score 184 expected b2g7 move b2g7 match 1 elapsed_ms 3 nps 64333
position check_07 depth 2 nodes 29 qnodes 1802 tt_hits 0 score 0 expected d5f6 move d5f6 match 1 elapsed_ms 10 nps 183100
position evasion_01 depth 2 nodes 92 qnodes 689 tt_hits 13 score -403 expected e1d2 move e1d2 match 1 elapsed_ms 5 nps 156200
position evasion_02 depth 2 nodes 63 qnodes 520 tt_hits 21 score -117 expected h1g2 move h1g2 match 1 elapsed_ms 5 nps 116600
position evasion_03 depth 2 nodes 78 qnodes 295 tt_hits 9 score -228 expected e1f2 move e1e2 match 1 elapsed_ms 3 nps 124333
position evasion_04 depth 2 nodes 165 qnodes 9256 tt_hits 38 score -1222 expected e1d1 move e1d2 match 1 elapsed_ms 39 nps 241564
position evasion_05 depth 2 nodes 82 qnodes 1035 tt_hits 17 score -187 expected a1b2 move a1b2 match 1 elapsed_ms 6 nps 186166
position evasion_06 depth 2 nodes 84 qnodes 371 tt_hits 14 score 39 expected e4f3 move e4f4 match 1 elapsed_ms 4 nps 113750
position evasion_07 depth 2 nodes 80 qnodes 669 tt_hits 12 score -563 expected d1c2 move d1e2 match 1 elapsed_ms 5 nps 149800
position fork depth 3 nodes 239 qnodes 5116 tt_hits 52 score 0 expected c3d5 move c3d5 match 1 elapsed_ms 25 nps 214200
position fork_02 depth 3 nodes 190 qnodes 14326 tt_hits 27 score -979 expected e4d6 move e4d6 match 1 elapsed_ms 104 nps 139576
position fork_03 depth 3 nodes 464 qnodes 20164 tt_hits 131 score -306 expected f3e5 move f3e5 match 1 elapsed_ms 184 nps 112108
position fork_04 depth 3 nodes 388 qnodes 7721 tt_hits 77 score 242 expected b3d4 move b3d4 match 1 elapsed_ms 44 nps 184295
position fork_05 depth 3 nodes 284 qnodes 18568 tt_hits 71 score -642 expected g3f5 move g3f5 match 1 elapsed_ms 98 nps 192367
position fork_06 depth 3 nodes 365 qnodes 24877 tt_hits 89 score -99994 expected c3d5 move c3d5 match 1 elapsed_ms 105 nps 240400
position fork_07 depth 3 nodes 212 qnodes 12392 tt_hits 45 score -456 expected h3f4 move h3f4 match 1 elapsed_ms 69 nps 182666
position pinned_queen depth 2 nodes 41 qnodes 299 tt_hits 8 score 1004 expected e1e7 move e1e7 match 1 elapsed_ms 5 nps 68000
position pin_02 depth 2 nodes 52 qnodes 326 tt_hits 8 score 0 expected a1a7 move a1a7 match 1 elapsed_ms 3 nps 126000
position pin_03 depth 2 nodes 20 qnodes 136 tt_hits 4 score 0 expected b1g6 move b1g6 match 1 elapsed_ms 3 nps 52000
position pin_04 depth 2 nodes 18 qnodes 26 tt_hits 5 score 0 expected h1b7 move h1b7 match 1 elapsed_ms 3 nps 14666
position pin_05 depth 2 nodes 39 qnodes 295 tt_hits 9 score 99999 expected d1d7 move d1d7 match 1 elapsed_ms 3 nps 111333
position pin_06 depth 2 nodes 32 qnodes 173 tt_hits 5 score 0 expected h1h7 move h1h7 match 1 elapsed_ms 6 nps 34166
position pin_07 depth 2 nodes 51 qnodes 412 tt_hits 11 score 99999 expected a1a7 move a1a7 match 1 elapsed_ms 7 nps 66142
position poisoned_capture_01 depth 2 nodes 66 qnodes 2545 tt_hits 11 score 1554 expected c4d5 move c4d5 match 1 elapsed_ms 24 nps 108791
position poisoned_capture_02 depth 2 nodes 66 qnodes 2499 tt_hits 11 score 1389 expected c4d5 move c4d5 match 1 elapsed_ms 25 nps 102600
position poisoned_capture_03 depth 2 nodes 47 qnodes 973 tt_hits 7 score 0 expected c1c7 move c1c7 match 1 elapsed_ms 9 nps 113333
position poisoned_capture_04 depth 2 nodes 170 qnodes 8891 tt_hits 35 score -1047 expected b2e5 move b2e5 match 1 elapsed_ms 51 nps 177666
position poisoned_capture_05 depth 2 nodes 38 qnodes 2048 tt_hits 0 score -182 expected c3d5 move c3d5 match 1 elapsed_ms 12 nps 173833
position poisoned_capture_06 depth 2 nodes 81 qnodes 3802 tt_hits 10 score -1192 expected c4g4 move c4d5 match 1 elapsed_ms 26 nps 149346
position poisoned_capture_07 depth 2 nodes 121 qnodes 4454 tt_hits 38 score -564 expected c4d4 move c4d4 match 1 elapsed_ms 35 nps 130714
position queen_capture depth 2 nodes 75 qnodes 1827 tt_hits 8 score 1033 expected e4d5 move e4d5 match 1 elapsed_ms 13 nps 146307
position promotion depth 2 nodes 24 qnodes 710 tt_hits 7 score 1033 expected a7a8q move a7a8q match 1 elapsed_ms 6 nps 122333
position promotion_02 depth 2 nodes 29 qnodes 469 tt_hits 12 score 1032 expected h7h8q move h7h8q match 1 elapsed_ms 6 nps 83000
position promotion_03 depth 2 nodes 26 qnodes 593 tt_hits 0 score 1032 expected a7b8q move a7b8q match 1 elapsed_ms 7 nps 88428
position promotion_04 depth 2 nodes 29 qnodes 562 tt_hits 5 score 650 expected f7f8q move f7f8q match 1 elapsed_ms 4 nps 147750
position promotion_05 depth 2 nodes 28 qnodes 1040 tt_hits 11 score 1033 expected a2a1q move a2a1q match 1 elapsed_ms 10 nps 106800
position promotion_06 depth 2 nodes 29 qnodes 700 tt_hits 12 score 1032 expected h2h1q move h2h1q match 1 elapsed_ms 8 nps 91125
position promotion_07 depth 2 nodes 29 qnodes 680 tt_hits 0 score 1032 expected c2b1q move c2b1q match 1 elapsed_ms 7 nps 101285
position recapture depth 2 nodes 12 qnodes 60 tt_hits 0 score 169 expected e3d4 move e3d4 match 1 elapsed_ms 2 nps 36000
position defense_02 depth 2 nodes 19 qnodes 75 tt_hits 3 score 219 expected c3d4 move g1d4 match 1 elapsed_ms 7 nps 13428
position defense_03 depth 2 nodes 23 qnodes 70 tt_hits 2 score 529 expected f3e4 move f3e4 match 1 elapsed_ms 6 nps 15500
position defense_04 depth 2 nodes 39 qnodes 505 tt_hits 5 score -15 expected c3d5 move c3d5 match 1 elapsed_ms 5 nps 108800
position defense_05 depth 2 nodes 18 qnodes 86 tt_hits 2 score 527 expected e6d5 move e6d5 match 1 elapsed_ms 4 nps 26000
position defense_06 depth 2 nodes 23 qnodes 130 tt_hits 2 score 558 expected c6d4 move c6d4 match 1 elapsed_ms 4 nps 38250
position defense_07 depth 2 nodes 39 qnodes 507 tt_hits 3 score -416 expected g7d4 move g7d4 match 1 elapsed_ms 10 nps 54600
position pawn_race_01 depth 2 nodes 45 qnodes 1506 tt_hits 10 score 959 expected a7a8q move a7a8q match 1 elapsed_ms 13 nps 119307
position pawn_race_02 depth 2 nodes 25 qnodes 1198 tt_hits 4 score 1313 expected h2h1q move h2h1q match 1 elapsed_ms 8 nps 152875
position pawn_race_03 depth 2 nodes 19 qnodes 442 tt_hits 0 score 758 expected a7a8q move a7a8q match 1 elapsed_ms 5 nps 92200
position pawn_race_04 depth 2 nodes 41 qnodes 1672 tt_hits 11 score 1127 expected d2d1q move d2d1q match 1 elapsed_ms 13 nps 131769
position pawn_race_05 depth 2 nodes 22 qnodes 798 tt_hits 3 score 1249 expected b7b8q move b7b8q match 1 elapsed_ms 7 nps 117142
position pawn_race_06 depth 2 nodes 43 qnodes 1687 tt_hits 11 score 621 expected g2g1q move g2g1q match 1 elapsed_ms 11 nps 157272
position pawn_race_07 depth 2 nodes 31 qnodes 2230 tt_hits 6 score 1505 expected e7e8q move e7e8q match 1 elapsed_ms 15 nps 150733
