Koi benchmark
config threads 4 speed 100 timed 1 hash cold
position mate_in_one depth 2 nodes 40 qnodes 721 tt_hits 0 score 99999 expected f7e8 move f7e8 match 1 elapsed_ms 18 nps 42277
position mate_02 depth 2 nodes 57 qnodes 1149 tt_hits 11 score 99999 expected f7g7 move a1a8 match 1 elapsed_ms 26 nps 46384
position mate_03 depth 2 nodes 42 qnodes 490 tt_hits 0 score 99999 expected f5f8 move f5c8 match 1 elapsed_ms 17 nps 31294
position mate_04 depth 2 nodes 38 qnodes 1314 tt_hits 0 score 99999 expected e2e8 move e2e8 match 1 elapsed_ms 25 nps 54080
position mate_05 depth 2 nodes 82 qnodes 6532 tt_hits 0 score 99999 expected e7b7 move e7b7 match 1 elapsed_ms 82 nps 80658
position mate_06 depth 2 nodes 36 qnodes 1392 tt_hits 0 score 99999 expected f1f8 move f1f8 match 1 elapsed_ms 26 nps 54923
position black_mate depth 2 nodes 40 qnodes 677 tt_hits 0 score 99999 expected c2a2 move c2a2 match 1 elapsed_ms 12 nps 59750
position check_01 depth 2 nodes 46 qnodes 1602 tt_hits 5 score 99999 expected e2e7 move e2e7 match 1 elapsed_ms 49 nps 33632
position check_02 depth 2 nodes 58 qnodes 2183 tt_hits 8 score 1608 expected d2d7 move d2d7 match 1 elapsed_ms 48 nps 46687
position check_03 depth 2 nodes 157 qnodes 9174 tt_hits 56 score 364 expected f2f7 move f2e3 match 1 elapsed_ms 156 nps 59814
position check_04 depth 2 nodes 70 qnodes 1457 tt_hits 17 score 1616 expected d2d7 move d2d7 match 1 elapsed_ms 35 nps 43628
position check_05 depth 2 nodes 53 qnodes 1428 tt_hits 6 score 0 expected c2c7 move c2c7 match 1 elapsed_ms 58 nps 25534
position check_06 depth 2 nodes 30 qnodes 163 tt_hits 1 score 184 expected b2g7 move b2g7 match 1 elapsed_ms 10 nps 19300
position check_07 depth 2 nodes 29 qnodes 1802 tt_hits 0 score 0 expected d5f6 move d5f6 match 1 elapsed_ms 32 nps 57218
position evasion_01 depth 2 nodes 92 qnodes 760 tt_hits 12 score -403 expected e1d2 move e1d2 match 1 elapsed_ms 17 nps 50117
position evasion_02 depth 2 nodes 63 qnodes 526 tt_hits 22 score -117 expected h1g2 move h1g2 match 1 elapsed_ms 13 nps 45307
position evasion_03 depth 2 nodes 77 qnodes 297 tt_hits 8 score -228 expected e1f2 move e1e2 match 1 elapsed_ms 14 nps 26714
position evasion_04 depth 2 nodes 165 qnodes 9575 tt_hits 38 score -1222 expected e1d1 move e1d2 match 1 elapsed_ms 141 nps 69078
position evasion_05 depth 2 nodes 82 qnodes 1035 tt_hits 17 score -187 expected a1b2 move a1b2 match 1 elapsed_ms 25 nps 44680
position evasion_06 depth 2 nodes 83 qnodes 371 tt_hits 13 score 39 expected e4f3 move e4f4 match 1 elapsed_ms 12 nps 37833
position evasion_07 depth 2 nodes 79 qnodes 677 tt_hits 11 score -563 expected d1c2 move d1e2 match 1 elapsed_ms 17 nps 44470
position fork depth 3 nodes 239 qnodes 5116 tt_hits 52 score 0 expected c3d5 move c3d5 match 1 elapsed_ms 109 nps 49128
position fork_02 depth 3 nodes 250 qnodes 17161 tt_hits 31 score -979 expected e4d6 move e4d6 match 1 elapsed_ms 412 nps 42259
position fork_03 depth 3 nodes 464 qnodes 20438 tt_hits 131 score -306 expected f3e5 move f3e5 match 1 elapsed_ms 629 nps 33230
position fork_04 depth 3 nodes 389 qnodes 7932 tt_hits 77 score 242 expected b3d4 move b3d4 match 1 elapsed_ms 193 nps 43113
position fork_05 depth 3 nodes 284 qnodes 18755 tt_hits 71 score -642 expected g3f5 move g3f5 match 1 elapsed_ms 374 nps 50906
position fork_06 depth 3 nodes 363 qnodes 24510 tt_hits 87 score -99994 expected c3d5 move c3d5 match 1 elapsed_ms 433 nps 57443
position fork_07 depth 3 nodes 212 qnodes 12457 tt_hits 45 score -456 expected h3f4 move h3f4 match 1 elapsed_ms 255 nps 49682
position pinned_queen depth 2 nodes 41 qnodes 289 tt_hits 8 score 1004 expected e1e7 move e1e7 match 1 elapsed_ms 12 nps 27500
position pin_02 depth 2 nodes 47 qnodes 319 tt_hits 5 score 0 expected a1a7 move a1a7 match 1 elapsed_ms 13 nps 28153
position pin_03 depth 2 nodes 17 qnodes 31 tt_hits 4 score 0 expected b1g6 move b1g6 match 1 elapsed_ms 7 nps 6857
position pin_04 depth 2 nodes 18 qnodes 30 tt_hits 5 score 0 expected h1b7 move h1b7 match 1 elapsed_ms 7 nps 6857
position pin_05 depth 2 nodes 48 qnodes 1406 tt_hits 9 score 99999 expected d1d7 move d1d7 match 1 elapsed_ms 41 nps 35463
position pin_06 depth 2 nodes 32 qnodes 153 tt_hits 5 score 0 expected h1h7 move h1h7 match 1 elapsed_ms 10 nps 18500
position pin_07 depth 2 nodes 51 qnodes 417 tt_hits 11 score 99999 expected a1a7 move a1a7 match 1 elapsed_ms 18 nps 26000
position poisoned_capture_01 depth 2 nodes 66 qnodes 2639 tt_hits 11 score 1554 expected c4d5 move c4d5 match 1 elapsed_ms 84 nps 32202
position poisoned_capture_02 depth 2 nodes 66 qnodes 2531 tt_hits 11 score 1389 expected c4d5 move c4d5 match 1 elapsed_ms 64 nps 40578
position poisoned_capture_03 depth 2 nodes 44 qnodes 775 tt_hits 5 score 0 expected c1c7 move c1c7 match 1 elapsed_ms 21 nps 39000
position poisoned_capture_04 depth 2 nodes 170 qnodes 8891 tt_hits 35 score -1047 expected b2e5 move b2e5 match 1 elapsed_ms 193 nps 46948
position poisoned_capture_05 depth 2 nodes 38 qnodes 1905 tt_hits 0 score -182 expected c3d5 move c3d5 match 1 elapsed_ms 54 nps 35981
position poisoned_capture_06 depth 2 nodes 81 qnodes 3802 tt_hits 10 score -1192 expected c4g4 move c4d5 match 1 elapsed_ms 93 nps 41752
position poisoned_capture_07 depth 2 nodes 106 qnodes 3342 tt_hits 22 score -564 expected c4d4 move c4d4 match 1 elapsed_ms 129 nps 26728
position queen_capture depth 2 nodes 75 qnodes 1855 tt_hits 8 score 1033 expected e4d5 move e4d5 match 1 elapsed_ms 38 nps 50789
position promotion depth 2 nodes 20 qnodes 735 tt_hits 3 score 1033 expected a7a8q move a7a8q match 1 elapsed_ms 21 nps 35952
position promotion_02 depth 2 nodes 29 qnodes 470 tt_hits 12 score 1032 expected h7h8q move h7h8q match 1 elapsed_ms 15 nps 33266
position promotion_03 depth 2 nodes 26 qnodes 602 tt_hits 0 score 1032 expected a7b8q move a7b8q match 1 elapsed_ms 17 nps 36941
position promotion_04 depth 2 nodes 29 qnodes 561 tt_hits 5 score 650 expected f7f8q move f7f8q match 1 elapsed_ms 19 nps 31052
position promotion_05 depth 2 nodes 23 qnodes 987 tt_hits 6 score 1033 expected a2a1q move a2a1q match 1 elapsed_ms 24 nps 42083
position promotion_06 depth 2 nodes 25 qnodes 691 tt_hits 8 score 1032 expected h2h1q move h2h1q match 1 elapsed_ms 20 nps 35800
position promotion_07 depth 2 nodes 29 qnodes 680 tt_hits 0 score 1032 expected c2b1q move c2b1q match 1 elapsed_ms 21 nps 33761
position recapture depth 2 nodes 12 qnodes 60 tt_hits 0 score 169 expected e3d4 move e3d4 match 1 elapsed_ms 8 nps 9000
position defense_02 depth 2 nodes 22 qnodes 115 tt_hits 5 score 219 expected c3d4 move g1d4 match 1 elapsed_ms 9 nps 15222
position defense_03 depth 2 nodes 21 qnodes 63 tt_hits 1 score 529 expected f3e4 move f3e4 match 1 elapsed_ms 9 nps 9333
position defense_04 depth 2 nodes 39 qnodes 505 tt_hits 5 score -15 expected c3d5 move c3d5 match 1 elapsed_ms 15 nps 36266
position defense_05 depth 2 nodes 18 qnodes 86 tt_hits 2 score 527 expected e6d5 move e6d5 match 1 elapsed_ms 8 nps 13000
position defense_06 depth 2 nodes 21 qnodes 123 tt_hits 1 score 558 expected c6d4 move c6d4 match 1 elapsed_ms 9 nps 16000
position defense_07 depth 2 nodes 39 qnodes 507 tt_hits 3 score -416 expected g7d4 move g7d4 match 1 elapsed_ms 23 nps 23739
position pawn_race_01 depth 2 nodes 45 qnodes 1533 tt_hits 10 score 959 expected a7a8q move a7a8q match 1 elapsed_ms 36 nps 43833
position pawn_race_02 depth 2 nodes 25 qnodes 1175 tt_hits 4 score 1313 expected h2h1q move h2h1q match 1 elapsed_ms 22 nps 54545
position pawn_race_03 depth 2 nodes 19 qnodes 522 tt_hits 0 score 758 expected a7a8q move a7a8q match 1 elapsed_ms 15 nps 36066
position pawn_race_04 depth 2 nodes 32 qnodes 1319 tt_hits 5 score 1127 expected d2d1q move d2d1q match 1 elapsed_ms 30 nps 45033
position pawn_race_05 depth 2 nodes 22 qnodes 794 tt_hits 3 score 1249 expected b7b8q move b7b8q match 1 elapsed_ms 18 nps 45333
position pawn_race_06 depth 2 nodes 43 qnodes 1616 tt_hits 11 score 621 expected g2g1q move g2g1q match 1 elapsed_ms 40 nps 41475
position pawn_race_07 depth 2 nodes 30 qnodes 2200 tt_hits 5 score 1505 expected e7e8q move e7e8q match 1 elapsed_ms 39 nps 57179
