Koi benchmark
config threads 1 speed 100 timed 1 hash cold
position mate_in_one depth 2 nodes 40 qnodes 721 tt_hits 1 score 99999 expected f7e8 move f7e8 match 1 elapsed_ms 18 nps 42277
position mate_02 depth 2 nodes 46 qnodes 1160 tt_hits 1 score 99999 expected f7g7 move a1a8 match 1 elapsed_ms 59 nps 20440
position mate_03 depth 2 nodes 42 qnodes 469 tt_hits 1 score 99999 expected f5f8 move f5c8 match 1 elapsed_ms 22 nps 23227
position mate_04 depth 2 nodes 43 qnodes 1449 tt_hits 1 score 99999 expected e2e8 move e2e8 match 1 elapsed_ms 57 nps 26175
position mate_05 depth 2 nodes 61 qnodes 4716 tt_hits 1 score 99999 expected e7b7 move e7b7 match 1 elapsed_ms 194 nps 24623
position mate_06 depth 2 nodes 39 qnodes 1402 tt_hits 1 score 99999 expected f1f8 move f1f8 match 1 elapsed_ms 61 nps 23622
position black_mate depth 2 nodes 40 qnodes 677 tt_hits 1 score 99999 expected c2a2 move c2a2 match 1 elapsed_ms 13 nps 55153
position check_01 depth 2 nodes 36 qnodes 774 tt_hits 1 score 99999 expected e2e7 move e2e7 match 1 elapsed_ms 42 nps 19285
position check_02 depth 2 nodes 38 qnodes 803 tt_hits 1 score 1608 expected d2d7 move d2d7 match 1 elapsed_ms 35 nps 24028
position check_03 depth 2 nodes 62 qnodes 3743 tt_hits 8 score 364 expected f2f7 move f2e3 match 1 elapsed_ms 179 nps 21256
position check_04 depth 2 nodes 34 qnodes 637 tt_hits 2 score 1616 expected d2d7 move d2d7 match 1 elapsed_ms 36 nps 18638
position check_05 depth 2 nodes 53 qnodes 941 tt_hits 1 score 0 expected c2c7 move c2c7 match 1 elapsed_ms 54 nps 18407
position check_06 depth 2 nodes 36 qnodes 199 tt_hits 6 score 184 expected b2g7 move b2g7 match 1 elapsed_ms 13 nps 18076
position check_07 depth 2 nodes 14 qnodes 54 tt_hits 1 score 0 expected d5f6 move d5f6 match 1 elapsed_ms 10 nps 6800
position evasion_01 depth 2 nodes 37 qnodes 258 tt_hits 8 score -403 expected e1d2 move e1d2 match 1 elapsed_ms 15 nps 19666
position evasion_02 depth 2 nodes 47 qnodes 292 tt_hits 20 score -117 expected h1g2 move h1g2 match 1 elapsed_ms 12 nps 28250
position evasion_03 depth 2 nodes 28 qnodes 103 tt_hits 6 score -228 expected e1f2 move e1e2 match 1 elapsed_ms 10 nps 13100
position evasion_04 depth 2 nodes 87 qnodes 3240 tt_hits 29 score -1222 expected e1d1 move e1d2 match 1 elapsed_ms 114 nps 29184
position evasion_05 depth 2 nodes 48 qnodes 675 tt_hits 16 score -187 expected a1b2 move a1b2 match 1 elapsed_ms 28 nps 25821
position evasion_06 depth 2 nodes 75 qnodes 198 tt_hits 16 score 39 expected e4f3 move e4f4 match 1 elapsed_ms 11 nps 24818
position evasion_07 depth 2 nodes 41 qnodes 217 tt_hits 11 score -563 expected d1c2 move d1e2 match 1 elapsed_ms 11 nps 23454
position fork depth 3 nodes 90 qnodes 169 tt_hits 22 score 0 expected c3d5 move c3d5 match 1 elapsed_ms 13 nps 19923
position fork_02 depth 3 nodes 70 qnodes 357 tt_hits 19 score -979 expected e4d6 move e4d6 match 1 elapsed_ms 25 nps 17080
position fork_03 depth 3 nodes 147 qnodes 970 tt_hits 34 score -306 expected f3e5 move f3e5 match 1 elapsed_ms 78 nps 14320
position fork_04 depth 3 nodes 176 qnodes 1496 tt_hits 41 score 242 expected b3d4 move b3d4 match 1 elapsed_ms 97 nps 17237
position fork_05 depth 3 nodes 65 qnodes 421 tt_hits 27 score -642 expected g3f5 move g3f5 match 1 elapsed_ms 29 nps 16758
position fork_06 depth 3 nodes 270 qnodes 13473 tt_hits 66 score -99994 expected c3d5 move c3d5 match 1 elapsed_ms 544 nps 25262
position fork_07 depth 3 nodes 65 qnodes 304 tt_hits 14 score -456 expected h3f4 move h3f4 match 1 elapsed_ms 17 nps 21705
position pinned_queen depth 2 nodes 26 qnodes 218 tt_hits 1 score 1004 expected e1e7 move e1e7 match 1 elapsed_ms 10 nps 24400
position pin_02 depth 2 nodes 41 qnodes 562 tt_hits 3 score 0 expected a1a7 move a1a7 match 1 elapsed_ms 20 nps 30150
position pin_03 depth 2 nodes 13 qnodes 35 tt_hits 1 score 0 expected b1g6 move b1g6 match 1 elapsed_ms 3 nps 16000
position pin_04 depth 2 nodes 13 qnodes 31 tt_hits 1 score 0 expected h1b7 move h1b7 match 1 elapsed_ms 3 nps 14666
position pin_05 depth 2 nodes 32 qnodes 252 tt_hits 1 score 99999 expected d1d7 move d1d7 match 1 elapsed_ms 11 nps 25818
position pin_06 depth 2 nodes 17 qnodes 46 tt_hits 1 score 0 expected h1h7 move h1h7 match 1 elapsed_ms 5 nps 12600
position pin_07 depth 2 nodes 36 qnodes 318 tt_hits 1 score 99999 expected a1a7 move a1a7 match 1 elapsed_ms 14 nps 25285
position poisoned_capture_01 depth 2 nodes 45 qnodes 668 tt_hits 3 score 1554 expected c4d5 move c4d5 match 1 elapsed_ms 36 nps 19805
position poisoned_capture_02 depth 2 nodes 45 qnodes 1284 tt_hits 3 score 1389 expected c4d5 move c4d5 match 1 elapsed_ms 55 nps 24163
position poisoned_capture_03 depth 2 nodes 20 qnodes 74 tt_hits 1 score 0 expected c1c7 move c1c7 match 1 elapsed_ms 6 nps 15666
position poisoned_capture_04 depth 2 nodes 55 qnodes 1920 tt_hits 7 score -1047 expected b2e5 move b2e5 match 1 elapsed_ms 79 nps 25000
position poisoned_capture_05 depth 2 nodes 14 qnodes 79 tt_hits 1 score -182 expected c3d5 move c3d5 match 1 elapsed_ms 7 nps 13285
position poisoned_capture_06 depth 2 nodes 79 qnodes 2759 tt_hits 1 score -1192 expected c4g4 move c4d5 match 1 elapsed_ms 178 nps 15943
position poisoned_capture_07 depth 2 nodes 18 qnodes 69 tt_hits 1 score -564 expected c4d4 move c4d4 match 1 elapsed_ms 9 nps 9666
position queen_capture depth 2 nodes 49 qnodes 478 tt_hits 1 score 1033 expected e4d5 move e4d5 match 1 elapsed_ms 24 nps 21958
position promotion depth 2 nodes 15 qnodes 556 tt_hits 1 score 1033 expected a7a8q move a7a8q match 1 elapsed_ms 15 nps 38066
position promotion_02 depth 2 nodes 15 qnodes 318 tt_hits 1 score 1032 expected h7h8q move h7h8q match 1 elapsed_ms 10 nps 33300
position promotion_03 depth 2 nodes 19 qnodes 532 tt_hits 1 score 1032 expected a7b8q move a7b8q match 1 elapsed_ms 15 nps 36733
position promotion_04 depth 2 nodes 14 qnodes 315 tt_hits 1 score 650 expected f7f8q move f7f8q match 1 elapsed_ms 20 nps 16450
position promotion_05 depth 2 nodes 15 qnodes 771 tt_hits 1 score 1033 expected a2a1q move a2a1q match 1 elapsed_ms 29 nps 27103
position promotion_06 depth 2 nodes 15 qnodes 375 tt_hits 1 score 1032 expected h2h1q move h2h1q match 1 elapsed_ms 18 nps 21666
position promotion_07 depth 2 nodes 21 qnodes 601 tt_hits 2 score 1032 expected c2b1q move c2b1q match 1 elapsed_ms 25 nps 24880
position recapture depth 2 nodes 10 qnodes 38 tt_hits 1 score 169 expected e3d4 move e3d4 match 1 elapsed_ms 5 nps 9600
position defense_02 depth 2 nodes 26 qnodes 49 tt_hits 13 score 219 expected c3d4 move g1d4 match 1 elapsed_ms 7 nps 10714
position defense_03 depth 2 nodes 17 qnodes 41 tt_hits 1 score 529 expected f3e4 move f3e4 match 1 elapsed_ms 5 nps 11600
position defense_04 depth 2 nodes 23 qnodes 203 tt_hits 5 score -15 expected c3d5 move c3d5 match 1 elapsed_ms 10 nps 22600
position defense_05 depth 2 nodes 13 qnodes 63 tt_hits 1 score 527 expected e6d5 move e6d5 match 1 elapsed_ms 6 nps 12666
position defense_06 depth 2 nodes 17 qnodes 68 tt_hits 2 score 558 expected c6d4 move c6d4 match 1 elapsed_ms 7 nps 12142
position defense_07 depth 2 nodes 8 qnodes 21 tt_hits 1 score -416 expected g7d4 move g7d4 match 1 elapsed_ms 5 nps 5800
position pawn_race_01 depth 2 nodes 19 qnodes 369 tt_hits 1 score 959 expected a7a8q move a7a8q match 1 elapsed_ms 30 nps 12933
position pawn_race_02 depth 2 nodes 20 qnodes 710 tt_hits 2 score 1313 expected h2h1q move h2h1q match 1 elapsed_ms 28 nps 26071
position pawn_race_03 depth 2 nodes 15 qnodes 251 tt_hits 1 score 758 expected a7a8q move a7a8q match 1 elapsed_ms 12 nps 22166
position pawn_race_04 depth 2 nodes 23 qnodes 706 tt_hits 1 score 1127 expected d2d1q move d2d1q match 1 elapsed_ms 40 nps 18225
position pawn_race_05 depth 2 nodes 17 qnodes 533 tt_hits 1 score 1249 expected b7b8q move b7b8q match 1 elapsed_ms 27 nps 20370
position pawn_race_06 depth 2 nodes 14 qnodes 677 tt_hits 1 score 621 expected g2g1q move g2g1q match 1 elapsed_ms 35 nps 19742
position pawn_race_07 depth 2 nodes 25 qnodes 1501 tt_hits 2 score 1505 expected e7e8q move e7e8q match 1 elapsed_ms 47 nps 32468
