Koi benchmark
config threads 1 speed 100 timed 1 hash cold
position mate_in_one depth 2 nodes 28 qnodes 38 tt_hits 0 score 99999 expected f7e8 move f7e8 match 1 elapsed_ms 2 nps 33000
position mate_02 depth 2 nodes 42 qnodes 66 tt_hits 0 score 99999 expected f7g7 move a1a8 match 1 elapsed_ms 2 nps 54000
position mate_03 depth 2 nodes 37 qnodes 80 tt_hits 0 score 99999 expected f5f8 move f5c8 match 1 elapsed_ms 2 nps 58500
position mate_04 depth 2 nodes 34 qnodes 69 tt_hits 0 score 99999 expected e2e8 move e2e8 match 1 elapsed_ms 1 nps 103000
position mate_05 depth 2 nodes 45 qnodes 180 tt_hits 0 score 99999 expected e7b7 move e7b7 match 1 elapsed_ms 2 nps 112500
position mate_06 depth 2 nodes 30 qnodes 70 tt_hits 0 score 99999 expected f1f8 move f1f8 match 1 elapsed_ms 1 nps 100000
position black_mate depth 2 nodes 28 qnodes 38 tt_hits 0 score 99999 expected c2a2 move c2a2 match 1 elapsed_ms 1 nps 66000
position check_01 depth 2 nodes 34 qnodes 84 tt_hits 0 score 99999 expected e2e7 move e2e7 match 1 elapsed_ms 2 nps 59000
position check_02 depth 2 nodes 57 qnodes 4040 tt_hits 0 score 1155 expected d2d7 move d2d7 match 1 elapsed_ms 43 nps 95279
position check_03 depth 2 nodes 76 qnodes 6505 tt_hits 3 score 304 expected f2f7 move f2e3 match 1 elapsed_ms 65 nps 101246
position check_04 depth 2 nodes 113 qnodes 3899 tt_hits 0 score 1122 expected d2d7 move d2d7 match 1 elapsed_ms 41 nps 97853
position check_05 depth 2 nodes 61 qnodes 1366 tt_hits 0 score 90 expected c2c7 move g2h3 match 0 elapsed_ms 15 nps 95133
position check_06 depth 2 nodes 27 qnodes 176 tt_hits 3 score 168 expected b2g7 move b2g7 match 1 elapsed_ms 3 nps 67666
position check_07 depth 2 nodes 18 qnodes 722 tt_hits 1 score 0 expected d5f6 move d5f6 match 1 elapsed_ms 8 nps 92500
position evasion_01 depth 2 nodes 212 qnodes 4100 tt_hits 31 score -311 expected e1d2 move e1f2 match 1 elapsed_ms 48 nps 89833
position evasion_02 depth 2 nodes 61 qnodes 835 tt_hits 5 score -166 expected h1g2 move h1g2 match 1 elapsed_ms 32 nps 28000
position evasion_03 depth 2 nodes 82 qnodes 396 tt_hits 3 score -146 expected e1f2 move e1d1 match 1 elapsed_ms 6 nps 79666
position evasion_04 depth 2 nodes 255 qnodes 28250 tt_hits 5 score -908 expected e1d1 move e1d1 match 1 elapsed_ms 211 nps 135094
position evasion_05 depth 2 nodes 89 qnodes 1254 tt_hits 9 score -167 expected a1b2 move a1b2 match 1 elapsed_ms 12 nps 111916
position evasion_06 depth 2 nodes 111 qnodes 342 tt_hits 29 score -26 expected e4f3 move e4d4 match 1 elapsed_ms 5 nps 90600
position evasion_07 depth 2 nodes 104 qnodes 1437 tt_hits 13 score -448 expected d1c2 move d1e2 match 1 elapsed_ms 13 nps 118538
position fork depth 3 nodes 151 qnodes 5608 tt_hits 15 score 0 expected c3d5 move c3d5 match 1 elapsed_ms 49 nps 117530
position fork_02 depth 3 nodes 376 qnodes 43385 tt_hits 11 score -748 expected e4d6 move e4d6 match 1 elapsed_ms 436 nps 100369
position fork_03 depth 3 nodes 846 qnodes 59970 tt_hits 144 score -315 expected f3e5 move f3e5 match 1 elapsed_ms 625 nps 97305
position fork_04 depth 3 nodes 1519 qnodes 112706 tt_hits 18 score 151 expected b3d4 move h1h5 match 0 elapsed_ms 1245 nps 91746
position fork_05 depth 3 nodes 276 qnodes 25237 tt_hits 11 score -533 expected g3f5 move g3f5 match 1 elapsed_ms 224 nps 113897
position fork_06 depth 3 nodes 621 qnodes 111168 tt_hits 7 score -99994 expected c3d5 move c3d5 match 1 elapsed_ms 1102 nps 101441
position fork_07 depth 3 nodes 158 qnodes 5626 tt_hits 10 score -330 expected h3f4 move h3f4 match 1 elapsed_ms 56 nps 103285
position pinned_queen depth 2 nodes 45 qnodes 1209 tt_hits 0 score 692 expected e1e7 move e1e7 match 1 elapsed_ms 12 nps 104500
position pin_02 depth 2 nodes 45 qnodes 213 tt_hits 1 score 0 expected a1a7 move a1a7 match 1 elapsed_ms 3 nps 86000
position pin_03 depth 2 nodes 18 qnodes 47 tt_hits 1 score 1 expected b1g6 move e1e2 match 0 elapsed_ms 1 nps 65000
position pin_04 depth 2 nodes 13 qnodes 31 tt_hits 1 score 0 expected h1b7 move h1b7 match 1 elapsed_ms 1 nps 44000
position pin_05 depth 2 nodes 30 qnodes 29 tt_hits 1 score 99999 expected d1d7 move d1d7 match 1 elapsed_ms 1 nps 59000
position pin_06 depth 2 nodes 23 qnodes 444 tt_hits 1 score 0 expected h1h7 move h1h7 match 1 elapsed_ms 5 nps 93400
position pin_07 depth 2 nodes 35 qnodes 52 tt_hits 0 score 99999 expected a1a7 move a1a7 match 1 elapsed_ms 1 nps 87000
position poisoned_capture_01 depth 2 nodes 60 qnodes 3539 tt_hits 0 score 1120 expected c4d5 move c4d5 match 1 elapsed_ms 36 nps 99972
position poisoned_capture_02 depth 2 nodes 60 qnodes 3778 tt_hits 0 score 1010 expected c4d5 move c4d5 match 1 elapsed_ms 40 nps 95950
position poisoned_capture_03 depth 2 nodes 25 qnodes 245 tt_hits 1 score 0 expected c1c7 move c1c7 match 1 elapsed_ms 4 nps 67500
position poisoned_capture_04 depth 2 nodes 203 qnodes 23828 tt_hits 6 score -651 expected b2e5 move b2e5 match 1 elapsed_ms 210 nps 114433
position poisoned_capture_05 depth 2 nodes 14 qnodes 170 tt_hits 1 score -92 expected c3d5 move c3d5 match 1 elapsed_ms 3 nps 61333
position poisoned_capture_06 depth 2 nodes 51 qnodes 9274 tt_hits 0 score -639 expected c4g4 move c4d5 match 1 elapsed_ms 108 nps 86342
position poisoned_capture_07 depth 2 nodes 18 qnodes 553 tt_hits 0 score -411 expected c4d4 move c4d4 match 1 elapsed_ms 6 nps 95166
position queen_capture depth 2 nodes 96 qnodes 5824 tt_hits 2 score 625 expected e4d5 move e4d5 match 1 elapsed_ms 54 nps 109629
position promotion depth 2 nodes 18 qnodes 869 tt_hits 0 score 688 expected a7a8q move a7a8q match 1 elapsed_ms 7 nps 126714
position promotion_02 depth 2 nodes 18 qnodes 849 tt_hits 0 score 649 expected h7h8q move h7h8q match 1 elapsed_ms 8 nps 108375
position promotion_03 depth 2 nodes 23 qnodes 1017 tt_hits 0 score 640 expected a7b8q move a7b8q match 1 elapsed_ms 9 nps 115555
position promotion_04 depth 2 nodes 13 qnodes 287 tt_hits 1 score 411 expected f7f8q move f7f8q match 1 elapsed_ms 3 nps 100000
position promotion_05 depth 2 nodes 18 qnodes 668 tt_hits 0 score 688 expected a2a1q move a2a1q match 1 elapsed_ms 6 nps 114333
position promotion_06 depth 2 nodes 18 qnodes 751 tt_hits 0 score 649 expected h2h1q move h2h1q match 1 elapsed_ms 6 nps 128166
position promotion_07 depth 2 nodes 31 qnodes 1019 tt_hits 0 score 640 expected c2b1q move c2b1q match 1 elapsed_ms 9 nps 116666
position recapture depth 2 nodes 9 qnodes 54 tt_hits 1 score 105 expected e3d4 move e3d4 match 1 elapsed_ms 1 nps 63000
position defense_02 depth 2 nodes 33 qnodes 120 tt_hits 9 score 149 expected c3d4 move g1d4 match 1 elapsed_ms 2 nps 76500
position defense_03 depth 2 nodes 54 qnodes 192 tt_hits 29 score 373 expected f3e4 move f3e4 match 1 elapsed_ms 2 nps 123000
position defense_04 depth 2 nodes 62 qnodes 1021 tt_hits 0 score -121 expected c3d5 move e4d5 match 1 elapsed_ms 11 nps 98454
position defense_05 depth 2 nodes 15 qnodes 94 tt_hits 1 score 346 expected e6d5 move e6d5 match 1 elapsed_ms 2 nps 54500
position defense_06 depth 2 nodes 46 qnodes 165 tt_hits 13 score 464 expected c6d4 move e5d4 match 1 elapsed_ms 2 nps 105500
position defense_07 depth 2 nodes 8 qnodes 48 tt_hits 1 score -329 expected g7d4 move g7d4 match 1 elapsed_ms 1 nps 56000
position pawn_race_01 depth 2 nodes 19 qnodes 664 tt_hits 0 score 667 expected a7a8q move a7a8q match 1 elapsed_ms 8 nps 85375
position pawn_race_02 depth 2 nodes 21 qnodes 1075 tt_hits 0 score 843 expected h2h1q move h2h1q match 1 elapsed_ms 12 nps 91333
position pawn_race_03 depth 2 nodes 17 qnodes 389 tt_hits 0 score 520 expected a7a8q move a7a8q match 1 elapsed_ms 5 nps 81200
position pawn_race_04 depth 2 nodes 30 qnodes 1323 tt_hits 0 score 689 expected d2d1q move d2d1q match 1 elapsed_ms 13 nps 104076
position pawn_race_05 depth 2 nodes 19 qnodes 906 tt_hits 0 score 875 expected b7b8q move b7b8q match 1 elapsed_ms 9 nps 102777
position pawn_race_06 depth 2 nodes 17 qnodes 912 tt_hits 0 score 302 expected g2g1q move g2g1q match 1 elapsed_ms 9 nps 103222
position pawn_race_07 depth 2 nodes 25 qnodes 2321 tt_hits 0 score 1166 expected e7e8q move e7e8q match 1 elapsed_ms 22 nps 106636
