Koi benchmark
config threads 8 speed 100 timed 1 hash cold
position mate_in_one depth 2 nodes 40 qnodes 171 tt_hits 0 score 99999 expected f7e8 move f7e8 match 1 elapsed_ms 4 nps 52750
position mate_02 depth 2 nodes 303 qnodes 7050 tt_hits 43 score 99999 expected f7g7 move a1a8 match 1 elapsed_ms 15 nps 490200
position mate_03 depth 2 nodes 126 qnodes 2051 tt_hits 1 score 99999 expected f5f8 move f5c8 match 1 elapsed_ms 7 nps 311000
position mate_04 depth 2 nodes 120 qnodes 6513 tt_hits 0 score 99999 expected e2e8 move e2e8 match 1 elapsed_ms 13 nps 510230
position mate_05 depth 2 nodes 96 qnodes 9628 tt_hits 0 score 99999 expected e7b7 move e7b7 match 1 elapsed_ms 18 nps 540222
position mate_06 depth 2 nodes 65 qnodes 2727 tt_hits 0 score 99999 expected f1f8 move f1f8 match 1 elapsed_ms 9 nps 310222
position black_mate depth 2 nodes 40 qnodes 321 tt_hits 0 score 99999 expected c2a2 move c2a2 match 1 elapsed_ms 4 nps 90250
position check_01 depth 2 nodes 147 qnodes 10956 tt_hits 0 score 99999 expected e2e7 move e2e7 match 1 elapsed_ms 22 nps 504681
position check_02 depth 2 nodes 465 qnodes 27321 tt_hits 14 score 1608 expected d2d7 move d2d7 match 1 elapsed_ms 54 nps 514555
position check_03 depth 2 nodes 358 qnodes 17881 tt_hits 45 score 0 expected f2f7 move f2f7 match 1 elapsed_ms 35 nps 521114
position check_04 depth 2 nodes 174 qnodes 6736 tt_hits 0 score 1616 expected d2d7 move d2d7 match 1 elapsed_ms 17 nps 406470
position check_05 depth 2 nodes 189 qnodes 15299 tt_hits 53 score 0 expected c2c7 move c2c7 match 1 elapsed_ms 32 nps 484000
position check_06 depth 2 nodes 34 qnodes 333 tt_hits 0 score 184 expected b2g7 move b2g7 match 1 elapsed_ms 4 nps 91750
position check_07 depth 2 nodes 78 qnodes 9920 tt_hits 0 score 0 expected d5f6 move d5f6 match 1 elapsed_ms 19 nps 526210
position evasion_01 depth 2 nodes 134 qnodes 2532 tt_hits 36 score -403 expected e1d2 move e1d2 match 1 elapsed_ms 10 nps 266600
position evasion_02 depth 2 nodes 65 qnodes 866 tt_hits 3 score -117 expected h1g2 move h1g2 match 1 elapsed_ms 4 nps 232750
position evasion_03 depth 2 nodes 83 qnodes 312 tt_hits 5 score -228 expected e1f2 move e1e2 match 1 elapsed_ms 3 nps 131666
position evasion_04 depth 2 nodes 212 qnodes 28270 tt_hits 260 score -1222 expected e1d1 move e1d2 match 1 elapsed_ms 55 nps 517854
position evasion_05 depth 2 nodes 96 qnodes 1482 tt_hits 11 score -187 expected a1b2 move a1b2 match 1 elapsed_ms 7 nps 225428
position evasion_06 depth 2 nodes 100 qnodes 456 tt_hits 8 score 35 expected e4f3 move e4d4 match 1 elapsed_ms 4 nps 139000
position evasion_07 depth 2 nodes 392 qnodes 4368 tt_hits 95 score -563 expected d1c2 move d1e2 match 1 elapsed_ms 15 nps 317333
position fork depth 3 nodes 693 qnodes 45905 tt_hits 35 score 0 expected c3d5 move c3d5 match 1 elapsed_ms 74 nps 629702
position fork_02 depth 3 nodes 732 qnodes 143586 tt_hits 8 score -979 expected e4d6 move e4d6 match 1 elapsed_ms 268 nps 538500
position fork_03 depth 3 nodes 1440 qnodes 173452 tt_hits 197 score -306 expected f3e5 move f3e5 match 1 elapsed_ms 495 nps 353317
position fork_04 depth 3 nodes 2300 qnodes 179421 tt_hits 104 score 242 expected b3d4 move b3d4 match 1 elapsed_ms 476 nps 381766
position fork_05 depth 3 nodes 797 qnodes 204442 tt_hits 2 score -642 expected g3f5 move g3f5 match 1 elapsed_ms 392 nps 523568
position fork_06 depth 3 nodes 936 qnodes 186812 tt_hits 8 score -99994 expected c3d5 move c3d5 match 1 elapsed_ms 356 nps 527382
position fork_07 depth 3 nodes 460 qnodes 61178 tt_hits 14 score -456 expected h3f4 move h3f4 match 1 elapsed_ms 122 nps 505229
position pinned_queen depth 2 nodes 147 qnodes 4142 tt_hits 1 score 1004 expected e1e7 move e1e7 match 1 elapsed_ms 12 nps 357416
position pin_02 depth 2 nodes 88 qnodes 1363 tt_hits 2 score 0 expected a1a7 move a1a7 match 1 elapsed_ms 6 nps 241833
position pin_03 depth 2 nodes 17 qnodes 126 tt_hits 4 score 0 expected b1g6 move b1g6 match 1 elapsed_ms 3 nps 47666
position pin_04 depth 2 nodes 18 qnodes 66 tt_hits 5 score 0 expected h1b7 move h1b7 match 1 elapsed_ms 3 nps 28000
position pin_05 depth 2 nodes 178 qnodes 8081 tt_hits 4 score 99999 expected d1d7 move d1d7 match 1 elapsed_ms 22 nps 375409
position pin_06 depth 2 nodes 87 qnodes 4777 tt_hits 2 score 0 expected h1h7 move h1h7 match 1 elapsed_ms 18 nps 270222
position pin_07 depth 2 nodes 204 qnodes 7194 tt_hits 8 score 99999 expected a1a7 move a1a7 match 1 elapsed_ms 15 nps 493200
position poisoned_capture_01 depth 2 nodes 533 qnodes 26912 tt_hits 66 score 1554 expected c4d5 move c4d5 match 1 elapsed_ms 53 nps 517830
position poisoned_capture_02 depth 2 nodes 522 qnodes 21088 tt_hits 68 score 1389 expected c4d5 move c4d5 match 1 elapsed_ms 46 nps 469782
position poisoned_capture_03 depth 2 nodes 108 qnodes 6516 tt_hits 12 score 0 expected c1c7 move c1c7 match 1 elapsed_ms 15 nps 441600
position poisoned_capture_04 depth 2 nodes 215 qnodes 28220 tt_hits 5 score -1047 expected b2e5 move b2e5 match 1 elapsed_ms 99 nps 287222
position poisoned_capture_05 depth 2 nodes 100 qnodes 10672 tt_hits 0 score -182 expected c3d5 move c3d5 match 1 elapsed_ms 21 nps 512952
position poisoned_capture_06 depth 2 nodes 465 qnodes 107843 tt_hits 0 score -99998 expected c4g4 move g8f8 match 0 elapsed_ms 225 nps 481368
position poisoned_capture_07 depth 2 nodes 245 qnodes 18370 tt_hits 0 score -564 expected c4d4 move c4d4 match 1 elapsed_ms 41 nps 454024
position queen_capture depth 2 nodes 349 qnodes 26857 tt_hits 34 score 1033 expected e4d5 move e4d5 match 1 elapsed_ms 46 nps 591434
position promotion depth 2 nodes 19 qnodes 832 tt_hits 0 score 0 expected a7a8q move a7a8b match 0 elapsed_ms 6 nps 141833
position promotion_02 depth 2 nodes 19 qnodes 542 tt_hits 0 score 0 expected h7h8q move h7h8b match 0 elapsed_ms 5 nps 112200
position promotion_03 depth 2 nodes 40 qnodes 1300 tt_hits 0 score 573 expected a7b8q move a7b8r match 0 elapsed_ms 6 nps 223333
position promotion_04 depth 2 nodes 31 qnodes 904 tt_hits 0 score 1 expected f7f8q move f7f8b match 0 elapsed_ms 5 nps 187000
position promotion_05 depth 2 nodes 19 qnodes 1069 tt_hits 0 score 0 expected a2a1q move a2a1b match 0 elapsed_ms 7 nps 155428
position promotion_06 depth 2 nodes 19 qnodes 697 tt_hits 0 score 0 expected h2h1q move h2h1b match 0 elapsed_ms 6 nps 119333
position promotion_07 depth 2 nodes 39 qnodes 1069 tt_hits 0 score 573 expected c2b1q move c2b1r match 0 elapsed_ms 7 nps 158285
position recapture depth 2 nodes 10 qnodes 77 tt_hits 0 score 169 expected e3d4 move e3d4 match 1 elapsed_ms 3 nps 29000
position defense_02 depth 2 nodes 21 qnodes 118 tt_hits 2 score 219 expected c3d4 move g1d4 match 1 elapsed_ms 4 nps 34750
position defense_03 depth 2 nodes 18 qnodes 89 tt_hits 0 score 529 expected f3e4 move f3e4 match 1 elapsed_ms 3 nps 35666
position defense_04 depth 2 nodes 82 qnodes 2824 tt_hits 0 score -15 expected c3d5 move c3d5 match 1 elapsed_ms 9 nps 322888
position defense_05 depth 2 nodes 20 qnodes 190 tt_hits 1 score 527 expected e6d5 move e6d5 match 1 elapsed_ms 4 nps 52500
position defense_06 depth 2 nodes 28 qnodes 334 tt_hits 0 score 545 expected c6d4 move e5d4 match 1 elapsed_ms 4 nps 90500
position defense_07 depth 2 nodes 46 qnodes 957 tt_hits 0 score -99998 expected g7d4 move h8g8 match 0 elapsed_ms 6 nps 167166
position pawn_race_01 depth 2 nodes 67 qnodes 4138 tt_hits 0 score 959 expected a7a8q move a7a8q match 1 elapsed_ms 12 nps 350416
position pawn_race_02 depth 2 nodes 22 qnodes 2143 tt_hits 0 score 548 expected h2h1q move h2h1b match 0 elapsed_ms 9 nps 240555
position pawn_race_03 depth 2 nodes 25 qnodes 1142 tt_hits 0 score 758 expected a7a8q move a7a8q match 1 elapsed_ms 6 nps 194500
position pawn_race_04 depth 2 nodes 38 qnodes 3682 tt_hits 0 score 1127 expected d2d1q move d2d1q match 1 elapsed_ms 12 nps 310000
position pawn_race_05 depth 2 nodes 19 qnodes 1143 tt_hits 0 score 423 expected b7b8q move b7b8b match 0 elapsed_ms 7 nps 166000
position pawn_race_06 depth 2 nodes 38 qnodes 2427 tt_hits 0 score 621 expected g2g1q move g2g1q match 1 elapsed_ms 8 nps 308125
position pawn_race_07 depth 2 nodes 29 qnodes 4408 tt_hits 0 score 1505 expected e7e8q move e7e8q match 1 elapsed_ms 11 nps 403363
