Koi benchmark
config threads 4 speed 100 timed 1 hash cold
position mate_in_one depth 2 nodes 40 qnodes 173 tt_hits 0 score 99999 expected f7e8 move f7e8 match 1 elapsed_ms 3 nps 71000
position mate_02 depth 2 nodes 303 qnodes 6960 tt_hits 43 score 99999 expected f7g7 move a1a8 match 1 elapsed_ms 18 nps 403500
position mate_03 depth 2 nodes 126 qnodes 2050 tt_hits 1 score 99999 expected f5f8 move f5c8 match 1 elapsed_ms 6 nps 362666
position mate_04 depth 2 nodes 120 qnodes 6544 tt_hits 0 score 99999 expected e2e8 move e2e8 match 1 elapsed_ms 13 nps 512615
position mate_05 depth 2 nodes 96 qnodes 9469 tt_hits 0 score 99999 expected e7b7 move e7b7 match 1 elapsed_ms 19 nps 503421
position mate_06 depth 2 nodes 66 qnodes 3285 tt_hits 0 score 99999 expected f1f8 move f1f8 match 1 elapsed_ms 10 nps 335100
position black_mate depth 2 nodes 40 qnodes 321 tt_hits 0 score 99999 expected c2a2 move c2a2 match 1 elapsed_ms 2 nps 180500
position check_01 depth 2 nodes 147 qnodes 10956 tt_hits 0 score 99999 expected e2e7 move e2e7 match 1 elapsed_ms 28 nps 396535
position check_02 depth 2 nodes 465 qnodes 27294 tt_hits 14 score 1608 expected d2d7 move d2d7 match 1 elapsed_ms 60 nps 462650
position check_03 depth 2 nodes 358 qnodes 17804 tt_hits 46 score 0 expected f2f7 move f2f7 match 1 elapsed_ms 46 nps 394826
position check_04 depth 2 nodes 174 qnodes 6736 tt_hits 0 score 1616 expected d2d7 move d2d7 match 1 elapsed_ms 18 nps 383888
position check_05 depth 2 nodes 189 qnodes 15265 tt_hits 48 score 0 expected c2c7 move c2c7 match 1 elapsed_ms 34 nps 454529
position check_06 depth 2 nodes 34 qnodes 333 tt_hits 0 score 184 expected b2g7 move b2g7 match 1 elapsed_ms 3 nps 122333
position check_07 depth 2 nodes 78 qnodes 9917 tt_hits 0 score 0 expected d5f6 move d5f6 match 1 elapsed_ms 19 nps 526052
position evasion_01 depth 2 nodes 135 qnodes 2631 tt_hits 35 score -403 expected e1d2 move e1d2 match 1 elapsed_ms 7 nps 395142
position evasion_02 depth 2 nodes 65 qnodes 866 tt_hits 3 score -117 expected h1g2 move h1g2 match 1 elapsed_ms 4 nps 232750
position evasion_03 depth 2 nodes 83 qnodes 327 tt_hits 5 score -228 expected e1f2 move e1e2 match 1 elapsed_ms 3 nps 136666
position evasion_04 depth 2 nodes 212 qnodes 28270 tt_hits 260 score -1222 expected e1d1 move e1d2 match 1 elapsed_ms 56 nps 508607
position evasion_05 depth 2 nodes 96 qnodes 1482 tt_hits 11 score -187 expected a1b2 move a1b2 match 1 elapsed_ms 6 nps 263000
position evasion_06 depth 2 nodes 101 qnodes 478 tt_hits 8 score 35 expected e4f3 move e4d4 match 1 elapsed_ms 4 nps 144750
position evasion_07 depth 2 nodes 393 qnodes 4530 tt_hits 86 score -563 expected d1c2 move d1e2 match 1 elapsed_ms 12 nps 410250
position fork depth 3 nodes 715 qnodes 44781 tt_hits 42 score 0 expected c3d5 move c3d5 match 1 elapsed_ms 81 nps 561679
position fork_02 depth 3 nodes 732 qnodes 143554 tt_hits 8 score -979 expected e4d6 move e4d6 match 1 elapsed_ms 311 nps 463942
position fork_03 depth 3 nodes 1439 qnodes 176359 tt_hits 155 score -306 expected f3e5 move f3e5 match 1 elapsed_ms 558 nps 318634
position fork_04 depth 3 nodes 2301 qnodes 175520 tt_hits 96 score 242 expected b3d4 move b3d4 match 1 elapsed_ms 533 nps 333622
position fork_05 depth 3 nodes 797 qnodes 197494 tt_hits 2 score -642 expected g3f5 move g3f5 match 1 elapsed_ms 462 nps 429201
position fork_06 depth 3 nodes 936 qnodes 186380 tt_hits 8 score -99994 expected c3d5 move c3d5 match 1 elapsed_ms 422 nps 443876
position fork_07 depth 3 nodes 460 qnodes 60937 tt_hits 14 score -456 expected h3f4 move h3f4 match 1 elapsed_ms 135 nps 454792
position pinned_queen depth 2 nodes 148 qnodes 4304 tt_hits 1 score 1004 expected e1e7 move e1e7 match 1 elapsed_ms 12 nps 371000
position pin_02 depth 2 nodes 88 qnodes 1380 tt_hits 7 score 0 expected a1a7 move a1a7 match 1 elapsed_ms 4 nps 367000
position pin_03 depth 2 nodes 17 qnodes 126 tt_hits 4 score 0 expected b1g6 move b1g6 match 1 elapsed_ms 2 nps 71500
position pin_04 depth 2 nodes 18 qnodes 66 tt_hits 5 score 0 expected h1b7 move h1b7 match 1 elapsed_ms 2 nps 42000
position pin_05 depth 2 nodes 178 qnodes 8076 tt_hits 4 score 99999 expected d1d7 move d1d7 match 1 elapsed_ms 22 nps 375181
position pin_06 depth 2 nodes 87 qnodes 4772 tt_hits 2 score 0 expected h1h7 move h1h7 match 1 elapsed_ms 17 nps 285823
position pin_07 depth 2 nodes 204 qnodes 7180 tt_hits 8 score 99999 expected a1a7 move a1a7 match 1 elapsed_ms 17 nps 434352
position poisoned_capture_01 depth 2 nodes 533 qnodes 26718 tt_hits 66 score 1554 expected c4d5 move c4d5 match 1 elapsed_ms 58 nps 469844
position poisoned_capture_02 depth 2 nodes 522 qnodes 20848 tt_hits 68 score 1389 expected c4d5 move c4d5 match 1 elapsed_ms 50 nps 427400
position poisoned_capture_03 depth 2 nodes 108 qnodes 6526 tt_hits 12 score 0 expected c1c7 move c1c7 match 1 elapsed_ms 14 nps 473857
position poisoned_capture_04 depth 2 nodes 215 qnodes 28220 tt_hits 5 score -1047 expected b2e5 move b2e5 match 1 elapsed_ms 89 nps 319494
position poisoned_capture_05 depth 2 nodes 100 qnodes 10672 tt_hits 0 score -182 expected c3d5 move c3d5 match 1 elapsed_ms 22 nps 489636
position poisoned_capture_06 depth 2 nodes 465 qnodes 107838 tt_hits 0 score -99998 expected c4g4 move g8f8 match 0 elapsed_ms 248 nps 436705
position poisoned_capture_07 depth 2 nodes 245 qnodes 18125 tt_hits 0 score -564 expected c4d4 move c4d4 match 1 elapsed_ms 43 nps 427209
position queen_capture depth 2 nodes 349 qnodes 26856 tt_hits 34 score 1033 expected e4d5 move e4d5 match 1 elapsed_ms 47 nps 578829
position promotion depth 2 nodes 19 qnodes 832 tt_hits 0 score 0 expected a7a8q move a7a8b match 0 elapsed_ms 5 nps 170200
position promotion_02 depth 2 nodes 19 qnodes 542 tt_hits 0 score 0 expected h7h8q move h7h8b match 0 elapsed_ms 4 nps 140250
position promotion_03 depth 2 nodes 40 qnodes 1264 tt_hits 0 score 573 expected a7b8q move a7b8r match 0 elapsed_ms 5 nps 260800
position promotion_04 depth 2 nodes 31 qnodes 908 tt_hits 0 score 1 expected f7f8q move f7f8b match 0 elapsed_ms 4 nps 234750
position promotion_05 depth 2 nodes 19 qnodes 1069 tt_hits 0 score 0 expected a2a1q move a2a1b match 0 elapsed_ms 6 nps 181333
position promotion_06 depth 2 nodes 19 qnodes 697 tt_hits 0 score 0 expected h2h1q move h2h1b match 0 elapsed_ms 5 nps 143200
position promotion_07 depth 2 nodes 39 qnodes 1069 tt_hits 0 score 573 expected c2b1q move c2b1r match 0 elapsed_ms 5 nps 221600
position recapture depth 2 nodes 10 qnodes 77 tt_hits 0 score 169 expected e3d4 move e3d4 match 1 elapsed_ms 2 nps 43500
position defense_02 depth 2 nodes 21 qnodes 118 tt_hits 2 score 219 expected c3d4 move g1d4 match 1 elapsed_ms 2 nps 69500
position defense_03 depth 2 nodes 18 qnodes 89 tt_hits 0 score 529 expected f3e4 move f3e4 match 1 elapsed_ms 2 nps 53500
position defense_04 depth 2 nodes 82 qnodes 2753 tt_hits 0 score -15 expected c3d5 move c3d5 match 1 elapsed_ms 8 nps 354375
position defense_05 depth 2 nodes 20 qnodes 173 tt_hits 1 score 527 expected e6d5 move e6d5 match 1 elapsed_ms 2 nps 96500
position defense_06 depth 2 nodes 29 qnodes 349 tt_hits 0 score 545 expected c6d4 move e5d4 match 1 elapsed_ms 2 nps 189000
position defense_07 depth 2 nodes 46 qnodes 957 tt_hits 0 score -99998 expected g7d4 move h8g8 match 0 elapsed_ms 5 nps 200600
position pawn_race_01 depth 2 nodes 67 qnodes 4138 tt_hits 0 score 959 expected a7a8q move a7a8q match 1 elapsed_ms 11 nps 382272
position pawn_race_02 depth 2 nodes 22 qnodes 2077 tt_hits 0 score 548 expected h2h1q move h2h1b match 0 elapsed_ms 8 nps 262375
position pawn_race_03 depth 2 nodes 25 qnodes 1142 tt_hits 0 score 758 expected a7a8q move a7a8q match 1 elapsed_ms 4 nps 291750
position pawn_race_04 depth 2 nodes 38 qnodes 3682 tt_hits 0 score 1127 expected d2d1q move d2d1q match 1 elapsed_ms 10 nps 372000
position pawn_race_05 depth 2 nodes 19 qnodes 1162 tt_hits 0 score 423 expected b7b8q move b7b8b match 0 elapsed_ms 6 nps 196833
position pawn_race_06 depth 2 nodes 38 qnodes 2427 tt_hits 0 score 621 expected g2g1q move g2g1q match 1 elapsed_ms 7 nps 352142
position pawn_race_07 depth 2 nodes 29 qnodes 4408 tt_hits 0 score 1505 expected e7e8q move e7e8q match 1 elapsed_ms 10 nps 443700
