Koi benchmark
config threads 4 speed 100 timed 0 hash cold
position mate_in_one depth 2 nodes 40 qnodes 173 tt_hits 0 score 99999 expected f7e8 move f7e8 match 1
position mate_02 depth 2 nodes 303 qnodes 6974 tt_hits 43 score 99999 expected f7g7 move a1a8 match 1
position mate_03 depth 2 nodes 126 qnodes 2050 tt_hits 1 score 99999 expected f5f8 move f5c8 match 1
position mate_04 depth 2 nodes 120 qnodes 6537 tt_hits 0 score 99999 expected e2e8 move e2e8 match 1
position mate_05 depth 2 nodes 96 qnodes 9605 tt_hits 0 score 99999 expected e7b7 move e7b7 match 1
position mate_06 depth 2 nodes 66 qnodes 3071 tt_hits 0 score 99999 expected f1f8 move f1f8 match 1
position black_mate depth 2 nodes 40 qnodes 321 tt_hits 0 score 99999 expected c2a2 move c2a2 match 1
position check_01 depth 2 nodes 147 qnodes 10956 tt_hits 0 score 99999 expected e2e7 move e2e7 match 1
position check_02 depth 2 nodes 465 qnodes 27300 tt_hits 14 score 1608 expected d2d7 move d2d7 match 1
position check_03 depth 2 nodes 360 qnodes 19631 tt_hits 46 score 0 expected f2f7 move f2f7 match 1
position check_04 depth 2 nodes 174 qnodes 6734 tt_hits 0 score 1616 expected d2d7 move d2d7 match 1
position check_05 depth 2 nodes 189 qnodes 15275 tt_hits 56 score 0 expected c2c7 move c2c7 match 1
position check_06 depth 2 nodes 34 qnodes 333 tt_hits 0 score 184 expected b2g7 move b2g7 match 1
position check_07 depth 2 nodes 78 qnodes 9920 tt_hits 0 score 0 expected d5f6 move d5f6 match 1
position evasion_01 depth 2 nodes 135 qnodes 2631 tt_hits 35 score -403 expected e1d2 move e1d2 match 1
position evasion_02 depth 2 nodes 65 qnodes 866 tt_hits 3 score -117 expected h1g2 move h1g2 match 1
position evasion_03 depth 2 nodes 83 qnodes 312 tt_hits 5 score -228 expected e1f2 move e1e2 match 1
position evasion_04 depth 2 nodes 212 qnodes 28270 tt_hits 260 score -1222 expected e1d1 move e1d2 match 1
position evasion_05 depth 2 nodes 96 qnodes 1482 tt_hits 11 score -187 expected a1b2 move a1b2 match 1
position evasion_06 depth 2 nodes 101 qnodes 478 tt_hits 8 score 35 expected e4f3 move e4d4 match 1
position evasion_07 depth 2 nodes 395 qnodes 4563 tt_hits 93 score -563 expected d1c2 move d1e2 match 1
position fork depth 3 nodes 715 qnodes 43775 tt_hits 42 score 0 expected c3d5 move c3d5 match 1
position fork_02 depth 3 nodes 732 qnodes 143827 tt_hits 8 score -979 expected e4d6 move e4d6 match 1
position fork_03 depth 3 nodes 1443 qnodes 176554 tt_hits 210 score -306 expected f3e5 move f3e5 match 1
position fork_04 depth 3 nodes 2301 qnodes 181574 tt_hits 104 score 242 expected b3d4 move b3d4 match 1
position fork_05 depth 3 nodes 797 qnodes 197190 tt_hits 2 score -642 expected g3f5 move g3f5 match 1
position fork_06 depth 3 nodes 936 qnodes 186817 tt_hits 8 score -99994 expected c3d5 move c3d5 match 1
position fork_07 depth 3 nodes 460 qnodes 60943 tt_hits 14 score -456 expected h3f4 move h3f4 match 1
position pinned_queen depth 2 nodes 148 qnodes 4302 tt_hits 1 score 1004 expected e1e7 move e1e7 match 1
position pin_02 depth 2 nodes 88 qnodes 1367 tt_hits 5 score 0 expected a1a7 move a1a7 match 1
position pin_03 depth 2 nodes 17 qnodes 126 tt_hits 4 score 0 expected b1g6 move b1g6 match 1
position pin_04 depth 2 nodes 18 qnodes 66 tt_hits 5 score 0 expected h1b7 move h1b7 match 1
position pin_05 depth 2 nodes 178 qnodes 8088 tt_hits 4 score 99999 expected d1d7 move d1d7 match 1
position pin_06 depth 2 nodes 87 qnodes 4772 tt_hits 2 score 0 expected h1h7 move h1h7 match 1
position pin_07 depth 2 nodes 204 qnodes 7182 tt_hits 8 score 99999 expected a1a7 move a1a7 match 1
position poisoned_capture_01 depth 2 nodes 533 qnodes 26762 tt_hits 66 score 1554 expected c4d5 move c4d5 match 1
position poisoned_capture_02 depth 2 nodes 522 qnodes 21008 tt_hits 68 score 1389 expected c4d5 move c4d5 match 1
position poisoned_capture_03 depth 2 nodes 108 qnodes 6527 tt_hits 18 score 0 expected c1c7 move c1c7 match 1
position poisoned_capture_04 depth 2 nodes 215 qnodes 28220 tt_hits 5 score -1047 expected b2e5 move b2e5 match 1
position poisoned_capture_05 depth 2 nodes 100 qnodes 10672 tt_hits 0 score -182 expected c3d5 move c3d5 match 1
position poisoned_capture_06 depth 2 nodes 465 qnodes 107838 tt_hits 0 score -99998 expected c4g4 move g8f8 match 0
position poisoned_capture_07 depth 2 nodes 245 qnodes 18124 tt_hits 0 score -564 expected c4d4 move c4d4 match 1
position queen_capture depth 2 nodes 349 qnodes 26842 tt_hits 34 score 1033 expected e4d5 move e4d5 match 1
position promotion depth 2 nodes 19 qnodes 832 tt_hits 0 score 0 expected a7a8q move a7a8b match 0
position promotion_02 depth 2 nodes 19 qnodes 542 tt_hits 0 score 0 expected h7h8q move h7h8b match 0
position promotion_03 depth 2 nodes 40 qnodes 1264 tt_hits 0 score 573 expected a7b8q move a7b8r match 0
position promotion_04 depth 2 nodes 31 qnodes 908 tt_hits 0 score 1 expected f7f8q move f7f8b match 0
position promotion_05 depth 2 nodes 19 qnodes 1069 tt_hits 0 score 0 expected a2a1q move a2a1b match 0
position promotion_06 depth 2 nodes 19 qnodes 697 tt_hits 0 score 0 expected h2h1q move h2h1b match 0
position promotion_07 depth 2 nodes 39 qnodes 1069 tt_hits 0 score 573 expected c2b1q move c2b1r match 0
position recapture depth 2 nodes 10 qnodes 77 tt_hits 0 score 169 expected e3d4 move e3d4 match 1
position defense_02 depth 2 nodes 21 qnodes 118 tt_hits 2 score 219 expected c3d4 move g1d4 match 1
position defense_03 depth 2 nodes 18 qnodes 89 tt_hits 0 score 529 expected f3e4 move f3e4 match 1
position defense_04 depth 2 nodes 82 qnodes 2753 tt_hits 0 score -15 expected c3d5 move c3d5 match 1
position defense_05 depth 2 nodes 19 qnodes 164 tt_hits 1 score 527 expected e6d5 move e6d5 match 1
position defense_06 depth 2 nodes 30 qnodes 356 tt_hits 0 score 545 expected c6d4 move e5d4 match 1
position defense_07 depth 2 nodes 46 qnodes 957 tt_hits 0 score -99998 expected g7d4 move h8g8 match 0
position pawn_race_01 depth 2 nodes 67 qnodes 4138 tt_hits 0 score 959 expected a7a8q move a7a8q match 1
position pawn_race_02 depth 2 nodes 22 qnodes 2077 tt_hits 0 score 548 expected h2h1q move h2h1b match 0
position pawn_race_03 depth 2 nodes 25 qnodes 1140 tt_hits 0 score 758 expected a7a8q move a7a8q match 1
position pawn_race_04 depth 2 nodes 38 qnodes 3682 tt_hits 0 score 1127 expected d2d1q move d2d1q match 1
position pawn_race_05 depth 2 nodes 19 qnodes 1131 tt_hits 0 score 423 expected b7b8q move b7b8b match 0
position pawn_race_06 depth 2 nodes 38 qnodes 2427 tt_hits 0 score 621 expected g2g1q move g2g1q match 1
position pawn_race_07 depth 2 nodes 29 qnodes 4408 tt_hits 0 score 1505 expected e7e8q move e7e8q match 1
