Koi benchmark
config threads 2 speed 100 timed 1 hash cold
position mate_in_one depth 2 nodes 54 qnodes 173 tt_hits 0 score 99999 expected f7e8 move f7e8 match 1 elapsed_ms 2 nps 113500
position mate_02 depth 2 nodes 352 qnodes 6585 tt_hits 43 score 99999 expected f7g7 move a1a8 match 1 elapsed_ms 24 nps 289041
position mate_03 depth 2 nodes 159 qnodes 1943 tt_hits 1 score 99999 expected f5f8 move f5c8 match 1 elapsed_ms 9 nps 233555
position mate_04 depth 2 nodes 148 qnodes 6219 tt_hits 0 score 99999 expected e2e8 move e2e8 match 1 elapsed_ms 19 nps 335105
position mate_05 depth 2 nodes 138 qnodes 8735 tt_hits 0 score 99999 expected e7b7 move e7b7 match 1 elapsed_ms 28 nps 316892
position mate_06 depth 2 nodes 90 qnodes 2527 tt_hits 0 score 99999 expected f1f8 move f1f8 match 1 elapsed_ms 10 nps 261700
position black_mate depth 2 nodes 54 qnodes 324 tt_hits 0 score 99999 expected c2a2 move c2a2 match 1 elapsed_ms 2 nps 189000
position check_01 depth 2 nodes 181 qnodes 10486 tt_hits 0 score 99999 expected e2e7 move e2e7 match 1 elapsed_ms 39 nps 273512
position check_02 depth 2 nodes 465 qnodes 27320 tt_hits 14 score 1608 expected d2d7 move d2d7 match 1 elapsed_ms 94 nps 295585
position check_03 depth 2 nodes 273 qnodes 17804 tt_hits 36 score 0 expected f2f7 move f2f7 match 1 elapsed_ms 69 nps 261985
position check_04 depth 2 nodes 174 qnodes 6752 tt_hits 0 score 1616 expected d2d7 move d2d7 match 1 elapsed_ms 26 nps 266384
position check_05 depth 2 nodes 114 qnodes 2494 tt_hits 17 score 0 expected c2c7 move c2c7 match 1 elapsed_ms 11 nps 237090
position check_06 depth 2 nodes 25 qnodes 159 tt_hits 0 score 184 expected b2g7 move b2g7 match 1 elapsed_ms 2 nps 92000
position check_07 depth 2 nodes 18 qnodes 684 tt_hits 0 score 0 expected d5f6 move d5f6 match 1 elapsed_ms 3 nps 234000
position evasion_01 depth 2 nodes 136 qnodes 2593 tt_hits 28 score -403 expected e1d2 move e1d2 match 1 elapsed_ms 10 nps 272900
position evasion_02 depth 2 nodes 65 qnodes 866 tt_hits 3 score -117 expected h1g2 move h1g2 match 1 elapsed_ms 4 nps 232750
position evasion_03 depth 2 nodes 83 qnodes 309 tt_hits 5 score -228 expected e1f2 move e1e2 match 1 elapsed_ms 3 nps 130666
position evasion_04 depth 2 nodes 215 qnodes 28430 tt_hits 162 score -1222 expected e1d1 move e1d2 match 1 elapsed_ms 83 nps 345120
position evasion_05 depth 2 nodes 95 qnodes 1351 tt_hits 11 score -187 expected a1b2 move a1b2 match 1 elapsed_ms 6 nps 241000
position evasion_06 depth 2 nodes 94 qnodes 373 tt_hits 12 score 35 expected e4f3 move e4d4 match 1 elapsed_ms 3 nps 155666
position evasion_07 depth 2 nodes 382 qnodes 3846 tt_hits 97 score -563 expected d1c2 move d1e2 match 1 elapsed_ms 14 nps 302000
position fork depth 3 nodes 659 qnodes 40360 tt_hits 40 score 0 expected c3d5 move c3d5 match 1 elapsed_ms 124 nps 330798
position fork_02 depth 3 nodes 732 qnodes 144097 tt_hits 10 score -979 expected e4d6 move e4d6 match 1 elapsed_ms 504 nps 287359
position fork_03 depth 3 nodes 1442 qnodes 172181 tt_hits 192 score -306 expected f3e5 move f3e5 match 1 elapsed_ms 694 nps 250177
position fork_04 depth 3 nodes 2297 qnodes 174625 tt_hits 96 score 242 expected b3d4 move b3d4 match 1 elapsed_ms 704 nps 251309
position fork_05 depth 3 nodes 797 qnodes 191345 tt_hits 2 score -642 expected g3f5 move g3f5 match 1 elapsed_ms 679 nps 282977
position fork_06 depth 3 nodes 936 qnodes 186946 tt_hits 8 score -99994 expected c3d5 move c3d5 match 1 elapsed_ms 648 nps 289941
position fork_07 depth 3 nodes 460 qnodes 60585 tt_hits 14 score -456 expected h3f4 move h3f4 match 1 elapsed_ms 210 nps 290690
position pinned_queen depth 2 nodes 51 qnodes 644 tt_hits 5 score 1004 expected e1e7 move e1e7 match 1 elapsed_ms 4 nps 173750
position pin_02 depth 2 nodes 65 qnodes 788 tt_hits 5 score 0 expected a1a7 move a1a7 match 1 elapsed_ms 4 nps 213250
position pin_03 depth 2 nodes 30 qnodes 150 tt_hits 17 score 0 expected b1g6 move b1g6 match 1 elapsed_ms 2 nps 90000
position pin_04 depth 2 nodes 32 qnodes 86 tt_hits 19 score 0 expected h1b7 move h1b7 match 1 elapsed_ms 1 nps 118000
position pin_05 depth 2 nodes 213 qnodes 7989 tt_hits 4 score 99999 expected d1d7 move d1d7 match 1 elapsed_ms 29 nps 282827
position pin_06 depth 2 nodes 32 qnodes 294 tt_hits 4 score 0 expected h1h7 move h1h7 match 1 elapsed_ms 3 nps 108666
position pin_07 depth 2 nodes 247 qnodes 6969 tt_hits 8 score 99999 expected a1a7 move a1a7 match 1 elapsed_ms 26 nps 277538
position poisoned_capture_01 depth 2 nodes 435 qnodes 23480 tt_hits 5 score 1554 expected c4d5 move c4d5 match 1 elapsed_ms 90 nps 265722
position poisoned_capture_02 depth 2 nodes 426 qnodes 18110 tt_hits 5 score 1389 expected c4d5 move c4d5 match 1 elapsed_ms 74 nps 250486
position poisoned_capture_03 depth 2 nodes 40 qnodes 1032 tt_hits 7 score 0 expected c1c7 move c1c7 match 1 elapsed_ms 7 nps 153142
position poisoned_capture_04 depth 2 nodes 215 qnodes 27359 tt_hits 5 score -1047 expected b2e5 move b2e5 match 1 elapsed_ms 100 nps 275740
position poisoned_capture_05 depth 2 nodes 24 qnodes 1079 tt_hits 0 score -182 expected c3d5 move c3d5 match 1 elapsed_ms 7 nps 157571
position poisoned_capture_06 depth 2 nodes 465 qnodes 107835 tt_hits 0 score -99998 expected c4g4 move g8f8 match 0 elapsed_ms 449 nps 241202
position poisoned_capture_07 depth 2 nodes 245 qnodes 18364 tt_hits 0 score -564 expected c4d4 move c4d4 match 1 elapsed_ms 70 nps 265842
position queen_capture depth 2 nodes 271 qnodes 22790 tt_hits 6 score 1033 expected e4d5 move e4d5 match 1 elapsed_ms 71 nps 324802
position promotion depth 2 nodes 30 qnodes 1001 tt_hits 5 score 0 expected a7a8q move a7a8b match 0 elapsed_ms 5 nps 206200
position promotion_02 depth 2 nodes 30 qnodes 775 tt_hits 5 score 0 expected h7h8q move h7h8b match 0 elapsed_ms 5 nps 161000
position promotion_03 depth 2 nodes 32 qnodes 750 tt_hits 5 score 573 expected a7b8q move a7b8r match 0 elapsed_ms 4 nps 195500
position promotion_04 depth 2 nodes 92 qnodes 2539 tt_hits 9 score 1 expected f7f8q move f7f8b match 0 elapsed_ms 10 nps 263100
position promotion_05 depth 2 nodes 30 qnodes 1246 tt_hits 5 score 0 expected a2a1q move a2a1b match 0 elapsed_ms 6 nps 212666
position promotion_06 depth 2 nodes 30 qnodes 941 tt_hits 5 score 0 expected h2h1q move h2h1b match 0 elapsed_ms 5 nps 194200
position promotion_07 depth 2 nodes 36 qnodes 771 tt_hits 5 score 573 expected c2b1q move c2b1r match 0 elapsed_ms 4 nps 201750
position recapture depth 2 nodes 9 qnodes 47 tt_hits 0 score 169 expected e3d4 move e3d4 match 1 elapsed_ms 1 nps 56000
position defense_02 depth 2 nodes 18 qnodes 59 tt_hits 2 score 219 expected c3d4 move g1d4 match 1 elapsed_ms 2 nps 38500
position defense_03 depth 2 nodes 18 qnodes 60 tt_hits 0 score 529 expected f3e4 move f3e4 match 1 elapsed_ms 1 nps 78000
position defense_04 depth 2 nodes 82 qnodes 2678 tt_hits 0 score -15 expected c3d5 move c3d5 match 1 elapsed_ms 11 nps 250909
position defense_05 depth 2 nodes 18 qnodes 112 tt_hits 1 score 527 expected e6d5 move e6d5 match 1 elapsed_ms 2 nps 65000
position defense_06 depth 2 nodes 23 qnodes 163 tt_hits 0 score 545 expected c6d4 move e5d4 match 1 elapsed_ms 2 nps 93000
position defense_07 depth 2 nodes 38 qnodes 687 tt_hits 1 score -99998 expected g7d4 move h8g8 match 0 elapsed_ms 5 nps 145000
position pawn_race_01 depth 2 nodes 67 qnodes 3626 tt_hits 0 score 959 expected a7a8q move a7a8q match 1 elapsed_ms 16 nps 230812
position pawn_race_02 depth 2 nodes 27 qnodes 1740 tt_hits 0 score 548 expected h2h1q move h2h1b match 0 elapsed_ms 8 nps 220875
position pawn_race_03 depth 2 nodes 25 qnodes 1140 tt_hits 0 score 758 expected a7a8q move a7a8q match 1 elapsed_ms 5 nps 233000
position pawn_race_04 depth 2 nodes 38 qnodes 3682 tt_hits 0 score 1127 expected d2d1q move d2d1q match 1 elapsed_ms 16 nps 232500
position pawn_race_05 depth 2 nodes 30 qnodes 1257 tt_hits 3 score 423 expected b7b8q move b7b8b match 0 elapsed_ms 5 nps 257400
position pawn_race_06 depth 2 nodes 38 qnodes 2427 tt_hits 0 score 621 expected g2g1q move g2g1q match 1 elapsed_ms 10 nps 246500
position pawn_race_07 depth 2 nodes 29 qnodes 4383 tt_hits 0 score 1505 expected e7e8q move e7e8q match 1 elapsed_ms 15 nps 294133
