[1/399] Scanning /work/src/koi/cpu_features.cpp for CXX dependencies
[2/399] Scanning /work/src/koi/cpu_variant_guard.cpp for CXX dependencies
[3/399] Scanning /work/src/koi/cpu_variant_guard.cpp for CXX dependencies
[4/399] Generating CXX dyndep file CMakeFiles/koi_cpu_features.dir/CXX.dd
[5/399] Generating CXX dyndep file CMakeFiles/koi_cpu_guard_avx2.dir/CXX.dd
[6/399] Generating CXX dyndep file CMakeFiles/koi_cpu_guard_avx512.dir/CXX.dd
[7/399] Building CXX object CMakeFiles/koi_cpu_features.dir/src/koi/cpu_features.cpp.o
[8/399] Building CXX object CMakeFiles/koi_cpu_guard_avx2.dir/src/koi/cpu_variant_guard.cpp.o
[9/399] Building CXX object CMakeFiles/koi_cpu_guard_avx512.dir/src/koi/cpu_variant_guard.cpp.o
[10/399] Scanning /work/src/koi/detail/attack_tables.cpp for CXX dependencies
[11/399] Scanning /work/src/koi/classical_evaluator.cpp for CXX dependencies
[12/399] Scanning /work/src/koi/detail/evaluation_context.cpp for CXX dependencies
[13/399] Scanning /work/src/koi/detail/compatibility_mirror.cpp for CXX dependencies
[14/399] Scanning /work/src/koi/detail/feature_state.cpp for CXX dependencies
[15/399] Scanning /work/src/koi/detail/policy_value_mcts.cpp for CXX dependencies
[16/399] Scanning /work/src/koi/detail/root_coordinator.cpp for CXX dependencies
[17/399] Scanning /work/src/koi/detail/search_context.cpp for CXX dependencies
[18/399] Scanning /work/src/koi/detail/search_context_support.cpp for CXX dependencies
[19/399] Scanning /work/src/koi/detail/search_ordering_tables.cpp for CXX dependencies
[20/399] Scanning /work/src/koi/detail/search_runner.cpp for CXX dependencies
[21/399] Scanning /work/src/koi/detail/search_session.cpp for CXX dependencies
[22/399] Scanning /work/src/koi/cpu_variant.cpp for CXX dependencies
[23/399] Scanning /work/src/koi/completion_gate.cpp for CXX dependencies
[24/399] Scanning /work/src/koi/executable_path.cpp for CXX dependencies
[25/399] Scanning /work/src/koi/gpu/cuda_driver.cpp for CXX dependencies
[26/399] Scanning /work/src/koi/evaluation_features.cpp for CXX dependencies
[27/399] Scanning /work/src/koi/game_state.cpp for CXX dependencies
[28/399] Scanning /work/src/koi/move.cpp for CXX dependencies
[29/399] Scanning /work/src/koi/gpu/nnue_gpu_evaluator.cpp for CXX dependencies
[30/399] Scanning /work/src/koi/gpu/gpu_nnue_service.cpp for CXX dependencies
[31/399] Scanning /work/src/koi/move_chooser.cpp for CXX dependencies
[32/399] Scanning /work/src/koi/perft.cpp for CXX dependencies
[33/399] Scanning /work/src/koi/opening_book.cpp for CXX dependencies
[34/399] Scanning /work/src/koi/nnue.cpp for CXX dependencies
[35/399] Scanning /work/src/koi/policy_value_model.cpp for CXX dependencies
[36/399] Scanning /work/src/koi/position.cpp for CXX dependencies
[37/399] Scanning /work/src/koi/search_service.cpp for CXX dependencies
[38/399] Scanning /work/src/koi/search_ordering.cpp for CXX dependencies
[39/399] Scanning /work/src/koi/static_exchange.cpp for CXX dependencies
[40/399] Scanning /work/src/koi/strength_suite.cpp for CXX dependencies
[41/399] Scanning /work/src/koi/syzygy_tablebase.cpp for CXX dependencies
[42/399] Scanning /work/src/koi/time_manager.cpp for CXX dependencies
[43/399] Scanning /work/src/koi/transposition_table.cpp for CXX dependencies
[44/399] Scanning /work/third_party/fathom/tbprobe.c for CXX dependencies
[45/399] Scanning /work/src/koi/uci_controller.cpp for CXX dependencies
[46/399] Scanning /work/src/koi/detail/attack_tables.cpp for CXX dependencies
[47/399] Scanning /work/src/koi/classical_evaluator.cpp for CXX dependencies
[48/399] Scanning /work/src/koi/detail/compatibility_mirror.cpp for CXX dependencies
[49/399] Scanning /work/src/koi/detail/evaluation_context.cpp for CXX dependencies
[50/399] Scanning /work/src/koi/detail/feature_state.cpp for CXX dependencies
[51/399] Scanning /work/src/koi/detail/policy_value_mcts.cpp for CXX dependencies
[52/399] Scanning /work/src/koi/detail/root_coordinator.cpp for CXX dependencies
[53/399] Generating CXX dyndep file CMakeFiles/koi_core.dir/CXX.dd
[54/399] Scanning /work/src/koi/detail/search_context.cpp for CXX dependencies
[55/399] Scanning /work/src/koi/detail/search_context_support.cpp for CXX dependencies
[56/399] Scanning /work/src/koi/detail/search_ordering_tables.cpp for CXX dependencies
[57/399] Building CXX object CMakeFiles/koi_core.dir/src/koi/detail/attack_tables.cpp.o
[58/399] Building CXX object CMakeFiles/koi_core.dir/src/koi/detail/evaluation_context.cpp.o
[59/399] Building CXX object CMakeFiles/koi_core.dir/src/koi/classical_evaluator.cpp.o
[60/399] Building CXX object CMakeFiles/koi_core.dir/src/koi/detail/feature_state.cpp.o
[61/399] Building CXX object CMakeFiles/koi_core.dir/src/koi/detail/root_coordinator.cpp.o
[62/399] Building CXX object CMakeFiles/koi_core.dir/src/koi/detail/compatibility_mirror.cpp.o
[63/399] Building CXX object CMakeFiles/koi_core.dir/src/koi/detail/search_context.cpp.o
In file included from /work/src/koi/detail/search_context.cpp:1:
/work/src/koi/detail/search_context.hpp:522:19: warning: operator '<<' has lower precedence than '+'; '+' will be evaluated first [-Wshift-op-parentheses]
  522 |             (1ULL + static_cast<std::uint64_t>(move.to().index()) << 7U) +
      |              ~~~~~^~~~~~~~~~~~~~~~~~~~~~~~~~~~~~~~~~~~~~~~~~~~~~~ ~~
/work/src/koi/detail/search_context.hpp:522:19: note: place parentheses around the '+' expression to silence this warning
  522 |             (1ULL + static_cast<std::uint64_t>(move.to().index()) << 7U) +
      |                   ^
      |              (                                                   )
/work/src/koi/detail/search_context.hpp:523:19: warning: operator '<<' has lower precedence than '+'; '+' will be evaluated first [-Wshift-op-parentheses]
  523 |             (1ULL + static_cast<std::uint64_t>(move.promotion()) << 14U);
      |              ~~~~~^~~~~~~~~~~~~~~~~~~~~~~~~~~~~~~~~~~~~~~~~~~~~~ ~~
/work/src/koi/detail/search_context.hpp:523:19: note: place parentheses around the '+' expression to silence this warning
  523 |             (1ULL + static_cast<std::uint64_t>(move.promotion()) << 14U);
      |                   ^
      |              (                                                  )
2 warnings generated.
[64/399] Building CXX object CMakeFiles/koi_core.dir/src/koi/detail/policy_value_mcts.cpp.o
[65/399] Building CXX object CMakeFiles/koi_core.dir/src/koi/detail/search_context_support.cpp.o
[66/399] Building CXX object CMakeFiles/koi_core.dir/src/koi/detail/search_ordering_tables.cpp.o
[67/399] Building CXX object CMakeFiles/koi_core.dir/src/koi/detail/search_session.cpp.o
[68/399] Building CXX object CMakeFiles/koi_core.dir/src/koi/cpu_variant.cpp.o
[69/399] Building CXX object CMakeFiles/koi_core.dir/src/koi/completion_gate.cpp.o
[70/399] Building CXX object CMakeFiles/koi_core.dir/src/koi/executable_path.cpp.o
[71/399] Building CXX object CMakeFiles/koi_core.dir/src/koi/evaluation_features.cpp.o
[72/399] Building CXX object CMakeFiles/koi_core.dir/src/koi/gpu/cuda_driver.cpp.o
[73/399] Building CXX object CMakeFiles/koi_core.dir/src/koi/gpu/gpu_nnue_service.cpp.o
[74/399] Building CXX object CMakeFiles/koi_core.dir/src/koi/gpu/nnue_gpu_evaluator.cpp.o
[75/399] Building CXX object CMakeFiles/koi_core.dir/src/koi/move.cpp.o
[76/399] Building CXX object CMakeFiles/koi_core.dir/src/koi/game_state.cpp.o
[77/399] Building CXX object CMakeFiles/koi_core.dir/src/koi/detail/search_runner.cpp.o
In file included from /work/src/koi/detail/search_runner.cpp:23:
/work/src/koi/detail/search_context.hpp:522:19: warning: operator '<<' has lower precedence than '+'; '+' will be evaluated first [-Wshift-op-parentheses]
  522 |             (1ULL + static_cast<std::uint64_t>(move.to().index()) << 7U) +
      |              ~~~~~^~~~~~~~~~~~~~~~~~~~~~~~~~~~~~~~~~~~~~~~~~~~~~~ ~~
/work/src/koi/detail/search_context.hpp:522:19: note: place parentheses around the '+' expression to silence this warning
  522 |             (1ULL + static_cast<std::uint64_t>(move.to().index()) << 7U) +
      |                   ^
      |              (                                                   )
/work/src/koi/detail/search_context.hpp:523:19: warning: operator '<<' has lower precedence than '+'; '+' will be evaluated first [-Wshift-op-parentheses]
  523 |             (1ULL + static_cast<std::uint64_t>(move.promotion()) << 14U);
      |              ~~~~~^~~~~~~~~~~~~~~~~~~~~~~~~~~~~~~~~~~~~~~~~~~~~~ ~~
/work/src/koi/detail/search_context.hpp:523:19: note: place parentheses around the '+' expression to silence this warning
  523 |             (1ULL + static_cast<std::uint64_t>(move.promotion()) << 14U);
      |                   ^
      |              (                                                  )
2 warnings generated.
[78/399] Building CXX object CMakeFiles/koi_core.dir/src/koi/move_chooser.cpp.o
[79/399] Building CXX object CMakeFiles/koi_core.dir/src/koi/opening_book.cpp.o
[80/399] Building CXX object CMakeFiles/koi_core.dir/src/koi/perft.cpp.o
[81/399] Building CXX object CMakeFiles/koi_core.dir/src/koi/policy_value_model.cpp.o
[82/399] Building CXX object CMakeFiles/koi_core.dir/src/koi/nnue.cpp.o
[83/399] Building CXX object CMakeFiles/koi_core.dir/src/koi/position.cpp.o
[84/399] Building CXX object CMakeFiles/koi_core.dir/src/koi/search_service.cpp.o
[85/399] Building CXX object CMakeFiles/koi_core.dir/src/koi/strength_suite.cpp.o
[86/399] Building CXX object CMakeFiles/koi_core.dir/src/koi/search_ordering.cpp.o
[87/399] Building CXX object CMakeFiles/koi_core.dir/src/koi/static_exchange.cpp.o
[88/399] Building CXX object CMakeFiles/koi_core.dir/src/koi/syzygy_tablebase.cpp.o
[89/399] Building CXX object CMakeFiles/koi_core.dir/src/koi/time_manager.cpp.o
[90/399] Scanning /work/src/koi/detail/search_runner.cpp for CXX dependencies
[91/399] Building CXX object CMakeFiles/koi_core.dir/src/koi/transposition_table.cpp.o
[92/399] Scanning /work/src/koi/detail/search_session.cpp for CXX dependencies
[93/399] Scanning /work/src/koi/completion_gate.cpp for CXX dependencies
[94/399] Scanning /work/src/koi/cpu_variant.cpp for CXX dependencies
[95/399] Scanning /work/src/koi/executable_path.cpp for CXX dependencies
[96/399] Scanning /work/src/koi/evaluation_features.cpp for CXX dependencies
[97/399] Scanning /work/src/koi/game_state.cpp for CXX dependencies
[98/399] Scanning /work/src/koi/gpu/cuda_driver.cpp for CXX dependencies
[99/399] Building CXX object CMakeFiles/koi_core.dir/third_party/fathom/tbprobe.c.o
/work/third_party/fathom/tbprobe.c:744:3: warning: 'atomic_init<bool>' is deprecated [-Wdeprecated-declarations]
  744 |   atomic_init(&tbHash[idx].error, false);
      |   ^
/usr/lib/llvm-18/bin/../include/c++/v1/__atomic/atomic.h:275:1: note: 'atomic_init<bool>' has been explicitly marked deprecated here
  275 | _LIBCPP_DEPRECATED_IN_CXX20 _LIBCPP_HIDE_FROM_ABI void
      | ^
/usr/lib/llvm-18/bin/../include/c++/v1/__config:1007:41: note: expanded from macro '_LIBCPP_DEPRECATED_IN_CXX20'
 1007 | #    define _LIBCPP_DEPRECATED_IN_CXX20 _LIBCPP_DEPRECATED
      |                                         ^
/usr/lib/llvm-18/bin/../include/c++/v1/__config:974:49: note: expanded from macro '_LIBCPP_DEPRECATED'
  974 | #      define _LIBCPP_DEPRECATED __attribute__((__deprecated__))
      |                                                 ^
1 warning generated.
[100/399] Scanning /work/src/koi/move.cpp for CXX dependencies
[101/399] Scanning /work/src/koi/gpu/nnue_gpu_evaluator.cpp for CXX dependencies
[102/399] Scanning /work/src/koi/gpu/gpu_nnue_service.cpp for CXX dependencies
[103/399] Scanning /work/src/koi/move_chooser.cpp for CXX dependencies
[104/399] Scanning /work/src/koi/opening_book.cpp for CXX dependencies
[105/399] Scanning /work/src/koi/perft.cpp for CXX dependencies
[106/399] Scanning /work/src/koi/nnue.cpp for CXX dependencies
[107/399] Scanning /work/src/koi/policy_value_model.cpp for CXX dependencies
[108/399] Scanning /work/src/koi/position.cpp for CXX dependencies
[109/399] Scanning /work/src/koi/search_service.cpp for CXX dependencies
[110/399] Scanning /work/src/koi/search_ordering.cpp for CXX dependencies
[111/399] Scanning /work/src/koi/static_exchange.cpp for CXX dependencies
[112/399] Scanning /work/src/koi/strength_suite.cpp for CXX dependencies
[113/399] Scanning /work/src/koi/syzygy_tablebase.cpp for CXX dependencies
[114/399] Scanning /work/src/koi/time_manager.cpp for CXX dependencies
[115/399] Scanning /work/src/koi/transposition_table.cpp for CXX dependencies
[116/399] Scanning /work/src/koi/uci_controller.cpp for CXX dependencies
[117/399] Scanning /work/third_party/fathom/tbprobe.c for CXX dependencies
[118/399] Scanning /work/src/koi/classical_evaluator.cpp for CXX dependencies
[119/399] Scanning /work/src/koi/detail/attack_tables.cpp for CXX dependencies
[120/399] Scanning /work/src/koi/detail/compatibility_mirror.cpp for CXX dependencies
[121/399] Scanning /work/src/koi/detail/evaluation_context.cpp for CXX dependencies
[122/399] Scanning /work/src/koi/detail/feature_state.cpp for CXX dependencies
[123/399] Generating CXX dyndep file CMakeFiles/koi_core_avx512.dir/CXX.dd
[124/399] Scanning /work/src/koi/detail/root_coordinator.cpp for CXX dependencies
[125/399] Scanning /work/src/koi/detail/policy_value_mcts.cpp for CXX dependencies
[126/399] Building CXX object CMakeFiles/koi_core_avx512.dir/src/koi/detail/attack_tables.cpp.o
[127/399] Building CXX object CMakeFiles/koi_core.dir/src/koi/uci_controller.cpp.o
[128/399] Linking CXX static library libkoi_core.a
[129/399] Building CXX object CMakeFiles/koi_core_avx512.dir/src/koi/classical_evaluator.cpp.o
[130/399] Building CXX object CMakeFiles/koi_core_avx512.dir/src/koi/detail/evaluation_context.cpp.o
[131/399] Building CXX object CMakeFiles/koi_core_avx512.dir/src/koi/detail/feature_state.cpp.o
[132/399] Building CXX object CMakeFiles/koi_core_avx512.dir/src/koi/detail/root_coordinator.cpp.o
[133/399] Building CXX object CMakeFiles/koi_core_avx512.dir/src/koi/detail/compatibility_mirror.cpp.o
[134/399] Building CXX object CMakeFiles/koi_core_avx512.dir/src/koi/detail/policy_value_mcts.cpp.o
[135/399] Building CXX object CMakeFiles/koi_core_avx512.dir/src/koi/detail/search_context_support.cpp.o
[136/399] Building CXX object CMakeFiles/koi_core_avx512.dir/src/koi/detail/search_context.cpp.o
In file included from /work/src/koi/detail/search_context.cpp:1:
/work/src/koi/detail/search_context.hpp:522:19: warning: operator '<<' has lower precedence than '+'; '+' will be evaluated first [-Wshift-op-parentheses]
  522 |             (1ULL + static_cast<std::uint64_t>(move.to().index()) << 7U) +
      |              ~~~~~^~~~~~~~~~~~~~~~~~~~~~~~~~~~~~~~~~~~~~~~~~~~~~~ ~~
/work/src/koi/detail/search_context.hpp:522:19: note: place parentheses around the '+' expression to silence this warning
  522 |             (1ULL + static_cast<std::uint64_t>(move.to().index()) << 7U) +
      |                   ^
      |              (                                                   )
/work/src/koi/detail/search_context.hpp:523:19: warning: operator '<<' has lower precedence than '+'; '+' will be evaluated first [-Wshift-op-parentheses]
  523 |             (1ULL + static_cast<std::uint64_t>(move.promotion()) << 14U);
      |              ~~~~~^~~~~~~~~~~~~~~~~~~~~~~~~~~~~~~~~~~~~~~~~~~~~~ ~~
/work/src/koi/detail/search_context.hpp:523:19: note: place parentheses around the '+' expression to silence this warning
  523 |             (1ULL + static_cast<std::uint64_t>(move.promotion()) << 14U);
      |                   ^
      |              (                                                  )
2 warnings generated.
[137/399] Building CXX object CMakeFiles/koi_core_avx512.dir/src/koi/detail/search_ordering_tables.cpp.o
[138/399] Building CXX object CMakeFiles/koi_core_avx512.dir/src/koi/detail/search_session.cpp.o
[139/399] Building CXX object CMakeFiles/koi_core_avx512.dir/src/koi/cpu_variant.cpp.o
[140/399] Building CXX object CMakeFiles/koi_core_avx512.dir/src/koi/completion_gate.cpp.o
[141/399] Building CXX object CMakeFiles/koi_core_avx512.dir/src/koi/executable_path.cpp.o
[142/399] Building CXX object CMakeFiles/koi_core_avx512.dir/src/koi/evaluation_features.cpp.o
[143/399] Building CXX object CMakeFiles/koi_core_avx512.dir/src/koi/gpu/cuda_driver.cpp.o
[144/399] Building CXX object CMakeFiles/koi_core_avx512.dir/src/koi/gpu/gpu_nnue_service.cpp.o
[145/399] Building CXX object CMakeFiles/koi_core_avx512.dir/src/koi/move.cpp.o
[146/399] Building CXX object CMakeFiles/koi_core_avx512.dir/src/koi/gpu/nnue_gpu_evaluator.cpp.o
[147/399] Building CXX object CMakeFiles/koi_core_avx512.dir/src/koi/game_state.cpp.o
[148/399] Building CXX object CMakeFiles/koi_core_avx512.dir/src/koi/move_chooser.cpp.o
[149/399] Building CXX object CMakeFiles/koi_core_avx512.dir/src/koi/detail/search_runner.cpp.o
In file included from /work/src/koi/detail/search_runner.cpp:23:
/work/src/koi/detail/search_context.hpp:522:19: warning: operator '<<' has lower precedence than '+'; '+' will be evaluated first [-Wshift-op-parentheses]
  522 |             (1ULL + static_cast<std::uint64_t>(move.to().index()) << 7U) +
      |              ~~~~~^~~~~~~~~~~~~~~~~~~~~~~~~~~~~~~~~~~~~~~~~~~~~~~ ~~
/work/src/koi/detail/search_context.hpp:522:19: note: place parentheses around the '+' expression to silence this warning
  522 |             (1ULL + static_cast<std::uint64_t>(move.to().index()) << 7U) +
      |                   ^
      |              (                                                   )
/work/src/koi/detail/search_context.hpp:523:19: warning: operator '<<' has lower precedence than '+'; '+' will be evaluated first [-Wshift-op-parentheses]
  523 |             (1ULL + static_cast<std::uint64_t>(move.promotion()) << 14U);
      |              ~~~~~^~~~~~~~~~~~~~~~~~~~~~~~~~~~~~~~~~~~~~~~~~~~~~ ~~
/work/src/koi/detail/search_context.hpp:523:19: note: place parentheses around the '+' expression to silence this warning
  523 |             (1ULL + static_cast<std::uint64_t>(move.promotion()) << 14U);
      |                   ^
      |              (                                                  )
2 warnings generated.
[150/399] Building CXX object CMakeFiles/koi_core_avx512.dir/src/koi/perft.cpp.o
[151/399] Building CXX object CMakeFiles/koi_core_avx512.dir/src/koi/opening_book.cpp.o
[152/399] Building CXX object CMakeFiles/koi_core_avx512.dir/src/koi/policy_value_model.cpp.o
[153/399] Building CXX object CMakeFiles/koi_core_avx512.dir/src/koi/nnue.cpp.o
[154/399] Building CXX object CMakeFiles/koi_core_avx512.dir/src/koi/position.cpp.o
[155/399] Building CXX object CMakeFiles/koi_core_avx512.dir/src/koi/search_service.cpp.o
[156/399] Building CXX object CMakeFiles/koi_core_avx512.dir/src/koi/strength_suite.cpp.o
[157/399] Building CXX object CMakeFiles/koi_core_avx512.dir/src/koi/static_exchange.cpp.o
[158/399] Building CXX object CMakeFiles/koi_core_avx512.dir/src/koi/search_ordering.cpp.o
[159/399] Building CXX object CMakeFiles/koi_core_avx512.dir/src/koi/syzygy_tablebase.cpp.o
[160/399] Building CXX object CMakeFiles/koi_core_avx512.dir/src/koi/time_manager.cpp.o
[161/399] Scanning /work/src/koi/detail/search_context.cpp for CXX dependencies
[162/399] Building CXX object CMakeFiles/koi_core_avx512.dir/src/koi/transposition_table.cpp.o
[163/399] Scanning /work/src/koi/detail/search_context_support.cpp for CXX dependencies
[164/399] Scanning /work/src/koi/detail/search_ordering_tables.cpp for CXX dependencies
[165/399] Scanning /work/src/koi/detail/search_runner.cpp for CXX dependencies
[166/399] Scanning /work/src/koi/detail/search_session.cpp for CXX dependencies
[167/399] Scanning /work/src/koi/cpu_variant.cpp for CXX dependencies
[168/399] Scanning /work/src/koi/completion_gate.cpp for CXX dependencies
[169/399] Scanning /work/src/koi/executable_path.cpp for CXX dependencies
[170/399] Scanning /work/src/koi/evaluation_features.cpp for CXX dependencies
[171/399] Scanning /work/src/koi/gpu/cuda_driver.cpp for CXX dependencies
[172/399] Building CXX object CMakeFiles/koi_core_avx512.dir/third_party/fathom/tbprobe.c.o
/work/third_party/fathom/tbprobe.c:744:3: warning: 'atomic_init<bool>' is deprecated [-Wdeprecated-declarations]
  744 |   atomic_init(&tbHash[idx].error, false);
      |   ^
/usr/lib/llvm-18/bin/../include/c++/v1/__atomic/atomic.h:275:1: note: 'atomic_init<bool>' has been explicitly marked deprecated here
  275 | _LIBCPP_DEPRECATED_IN_CXX20 _LIBCPP_HIDE_FROM_ABI void
      | ^
/usr/lib/llvm-18/bin/../include/c++/v1/__config:1007:41: note: expanded from macro '_LIBCPP_DEPRECATED_IN_CXX20'
 1007 | #    define _LIBCPP_DEPRECATED_IN_CXX20 _LIBCPP_DEPRECATED
      |                                         ^
/usr/lib/llvm-18/bin/../include/c++/v1/__config:974:49: note: expanded from macro '_LIBCPP_DEPRECATED'
  974 | #      define _LIBCPP_DEPRECATED __attribute__((__deprecated__))
      |                                                 ^
1 warning generated.
[173/399] Scanning /work/src/koi/game_state.cpp for CXX dependencies
[174/399] Scanning /work/src/koi/move.cpp for CXX dependencies
[175/399] Scanning /work/src/koi/gpu/gpu_nnue_service.cpp for CXX dependencies
[176/399] Scanning /work/src/koi/gpu/nnue_gpu_evaluator.cpp for CXX dependencies
[177/399] Scanning /work/src/koi/move_chooser.cpp for CXX dependencies
[178/399] Scanning /work/src/koi/nnue.cpp for CXX dependencies
[179/399] Scanning /work/src/koi/opening_book.cpp for CXX dependencies
[180/399] Scanning /work/src/koi/perft.cpp for CXX dependencies
[181/399] Scanning /work/src/koi/policy_value_model.cpp for CXX dependencies
[182/399] Scanning /work/src/koi/position.cpp for CXX dependencies
[183/399] Scanning /work/src/koi/search_service.cpp for CXX dependencies
[184/399] Scanning /work/src/koi/search_ordering.cpp for CXX dependencies
[185/399] Scanning /work/src/koi/static_exchange.cpp for CXX dependencies
[186/399] Scanning /work/src/koi/strength_suite.cpp for CXX dependencies
[187/399] Scanning /work/src/koi/syzygy_tablebase.cpp for CXX dependencies
[188/399] Scanning /work/src/koi/time_manager.cpp for CXX dependencies
[189/399] Scanning /work/src/koi/transposition_table.cpp for CXX dependencies
[190/399] Scanning /work/third_party/fathom/tbprobe.c for CXX dependencies
[191/399] Scanning /work/tools/engine/koi_gpu_probe.cpp for CXX dependencies
[192/399] Generating CXX dyndep file CMakeFiles/koi_gpu_probe.dir/CXX.dd
[193/399] Scanning /work/src/koi/uci_controller.cpp for CXX dependencies
[194/399] Scanning /work/tests/unit/runtime/gpu_nnue_tests.cpp for CXX dependencies
[195/399] Generating CXX dyndep file CMakeFiles/gpu_nnue_tests.dir/CXX.dd
[196/399] Generating CXX dyndep file CMakeFiles/koi_core_generic.dir/CXX.dd
[197/399] Building CXX object CMakeFiles/koi_gpu_probe.dir/tools/engine/koi_gpu_probe.cpp.o
[198/399] Building CXX object CMakeFiles/koi_core_avx512.dir/src/koi/uci_controller.cpp.o
[199/399] Linking CXX static library libkoi_core_avx512.a
[200/399] Building CXX object CMakeFiles/koi_core_generic.dir/src/koi/classical_evaluator.cpp.o
[201/399] Building CXX object CMakeFiles/koi_core_generic.dir/src/koi/detail/attack_tables.cpp.o
[202/399] Building CXX object CMakeFiles/gpu_nnue_tests.dir/tests/unit/runtime/gpu_nnue_tests.cpp.o
[203/399] Building CXX object CMakeFiles/koi_core_generic.dir/src/koi/detail/evaluation_context.cpp.o
[204/399] Building CXX object CMakeFiles/koi_core_generic.dir/src/koi/detail/feature_state.cpp.o
[205/399] Building CXX object CMakeFiles/koi_core_generic.dir/src/koi/detail/compatibility_mirror.cpp.o
[206/399] Building CXX object CMakeFiles/koi_core_generic.dir/src/koi/detail/root_coordinator.cpp.o
[207/399] Building CXX object CMakeFiles/koi_core_generic.dir/src/koi/detail/policy_value_mcts.cpp.o
[208/399] Building CXX object CMakeFiles/koi_core_generic.dir/src/koi/detail/search_context.cpp.o
In file included from /work/src/koi/detail/search_context.cpp:1:
/work/src/koi/detail/search_context.hpp:522:19: warning: operator '<<' has lower precedence than '+'; '+' will be evaluated first [-Wshift-op-parentheses]
  522 |             (1ULL + static_cast<std::uint64_t>(move.to().index()) << 7U) +
      |              ~~~~~^~~~~~~~~~~~~~~~~~~~~~~~~~~~~~~~~~~~~~~~~~~~~~~ ~~
/work/src/koi/detail/search_context.hpp:522:19: note: place parentheses around the '+' expression to silence this warning
  522 |             (1ULL + static_cast<std::uint64_t>(move.to().index()) << 7U) +
      |                   ^
      |              (                                                   )
/work/src/koi/detail/search_context.hpp:523:19: warning: operator '<<' has lower precedence than '+'; '+' will be evaluated first [-Wshift-op-parentheses]
  523 |             (1ULL + static_cast<std::uint64_t>(move.promotion()) << 14U);
      |              ~~~~~^~~~~~~~~~~~~~~~~~~~~~~~~~~~~~~~~~~~~~~~~~~~~~ ~~
/work/src/koi/detail/search_context.hpp:523:19: note: place parentheses around the '+' expression to silence this warning
  523 |             (1ULL + static_cast<std::uint64_t>(move.promotion()) << 14U);
      |                   ^
      |              (                                                  )
2 warnings generated.
[209/399] Building CXX object CMakeFiles/koi_core_generic.dir/src/koi/detail/search_context_support.cpp.o
[210/399] Building CXX object CMakeFiles/koi_core_generic.dir/src/koi/detail/search_ordering_tables.cpp.o
[211/399] Building CXX object CMakeFiles/koi_core_generic.dir/src/koi/cpu_variant.cpp.o
[212/399] Building CXX object CMakeFiles/koi_core_generic.dir/src/koi/detail/search_session.cpp.o
[213/399] Building CXX object CMakeFiles/koi_core_generic.dir/src/koi/completion_gate.cpp.o
[214/399] Building CXX object CMakeFiles/koi_core_generic.dir/src/koi/executable_path.cpp.o
[215/399] Building CXX object CMakeFiles/koi_core_generic.dir/src/koi/evaluation_features.cpp.o
[216/399] Building CXX object CMakeFiles/koi_core_generic.dir/src/koi/gpu/cuda_driver.cpp.o
[217/399] Building CXX object CMakeFiles/koi_core_generic.dir/src/koi/gpu/gpu_nnue_service.cpp.o
[218/399] Building CXX object CMakeFiles/koi_core_generic.dir/src/koi/gpu/nnue_gpu_evaluator.cpp.o
[219/399] Building CXX object CMakeFiles/koi_core_generic.dir/src/koi/move.cpp.o
[220/399] Building CXX object CMakeFiles/koi_core_generic.dir/src/koi/game_state.cpp.o
[221/399] Building CXX object CMakeFiles/koi_core_generic.dir/src/koi/move_chooser.cpp.o
[222/399] Building CXX object CMakeFiles/koi_core_generic.dir/src/koi/detail/search_runner.cpp.o
In file included from /work/src/koi/detail/search_runner.cpp:23:
/work/src/koi/detail/search_context.hpp:522:19: warning: operator '<<' has lower precedence than '+'; '+' will be evaluated first [-Wshift-op-parentheses]
  522 |             (1ULL + static_cast<std::uint64_t>(move.to().index()) << 7U) +
      |              ~~~~~^~~~~~~~~~~~~~~~~~~~~~~~~~~~~~~~~~~~~~~~~~~~~~~ ~~
/work/src/koi/detail/search_context.hpp:522:19: note: place parentheses around the '+' expression to silence this warning
  522 |             (1ULL + static_cast<std::uint64_t>(move.to().index()) << 7U) +
      |                   ^
      |              (                                                   )
/work/src/koi/detail/search_context.hpp:523:19: warning: operator '<<' has lower precedence than '+'; '+' will be evaluated first [-Wshift-op-parentheses]
  523 |             (1ULL + static_cast<std::uint64_t>(move.promotion()) << 14U);
      |              ~~~~~^~~~~~~~~~~~~~~~~~~~~~~~~~~~~~~~~~~~~~~~~~~~~~ ~~
/work/src/koi/detail/search_context.hpp:523:19: note: place parentheses around the '+' expression to silence this warning
  523 |             (1ULL + static_cast<std::uint64_t>(move.promotion()) << 14U);
      |                   ^
      |              (                                                  )
2 warnings generated.
[223/399] Building CXX object CMakeFiles/koi_core_generic.dir/src/koi/opening_book.cpp.o
[224/399] Building CXX object CMakeFiles/koi_core_generic.dir/src/koi/perft.cpp.o
[225/399] Building CXX object CMakeFiles/koi_core_generic.dir/src/koi/policy_value_model.cpp.o
[226/399] Building CXX object CMakeFiles/koi_core_generic.dir/src/koi/nnue.cpp.o
[227/399] Building CXX object CMakeFiles/koi_core_generic.dir/src/koi/search_service.cpp.o
[228/399] Building CXX object CMakeFiles/koi_core_generic.dir/src/koi/position.cpp.o
[229/399] Building CXX object CMakeFiles/koi_core_generic.dir/src/koi/static_exchange.cpp.o
[230/399] Building CXX object CMakeFiles/koi_core_generic.dir/src/koi/strength_suite.cpp.o
[231/399] Building CXX object CMakeFiles/koi_core_generic.dir/src/koi/search_ordering.cpp.o
[232/399] Building CXX object CMakeFiles/koi_core_generic.dir/src/koi/syzygy_tablebase.cpp.o
[233/399] Building CXX object CMakeFiles/koi_core_generic.dir/src/koi/time_manager.cpp.o
[234/399] Linking CXX executable koi_gpu_probe
[235/399] Linking CXX executable gpu_nnue_tests
[236/399] Scanning /work/tests/integration/rules/native_shadow_diff_tests.cpp for CXX dependencies
[237/399] Generating CXX dyndep file CMakeFiles/koi_shadow_diff_tests.dir/CXX.dd
[238/399] Building CXX object CMakeFiles/koi_core_generic.dir/src/koi/transposition_table.cpp.o
[239/399] Scanning /work/tests/unit/core/koi_core_tests.cpp for CXX dependencies
[240/399] Generating CXX dyndep file CMakeFiles/koi_core_tests.dir/CXX.dd
[241/399] Building CXX object CMakeFiles/koi_core_generic.dir/third_party/fathom/tbprobe.c.o
/work/third_party/fathom/tbprobe.c:744:3: warning: 'atomic_init<bool>' is deprecated [-Wdeprecated-declarations]
  744 |   atomic_init(&tbHash[idx].error, false);
      |   ^
/usr/lib/llvm-18/bin/../include/c++/v1/__atomic/atomic.h:275:1: note: 'atomic_init<bool>' has been explicitly marked deprecated here
  275 | _LIBCPP_DEPRECATED_IN_CXX20 _LIBCPP_HIDE_FROM_ABI void
      | ^
/usr/lib/llvm-18/bin/../include/c++/v1/__config:1007:41: note: expanded from macro '_LIBCPP_DEPRECATED_IN_CXX20'
 1007 | #    define _LIBCPP_DEPRECATED_IN_CXX20 _LIBCPP_DEPRECATED
      |                                         ^
/usr/lib/llvm-18/bin/../include/c++/v1/__config:974:49: note: expanded from macro '_LIBCPP_DEPRECATED'
  974 | #      define _LIBCPP_DEPRECATED __attribute__((__deprecated__))
      |                                                 ^
1 warning generated.
[242/399] Scanning /work/tests/unit/evaluation/evaluation_boundary_tests.cpp for CXX dependencies
[243/399] Generating CXX dyndep file CMakeFiles/evaluation_boundary_tests.dir/CXX.dd
[244/399] Building CXX object CMakeFiles/koi_core_tests.dir/tests/unit/core/koi_core_tests.cpp.o
[245/399] Linking CXX executable koi_core_tests
[246/399] Building CXX object CMakeFiles/evaluation_boundary_tests.dir/tests/unit/evaluation/evaluation_boundary_tests.cpp.o
[247/399] Scanning /work/tests/unit/evaluation/evaluation_architecture_tests.cpp for CXX dependencies
[248/399] Linking CXX executable evaluation_boundary_tests
[249/399] Generating CXX dyndep file CMakeFiles/evaluation_architecture_tests.dir/CXX.dd
[250/399] Scanning /work/tests/unit/evaluation/nnue_boundary_tests.cpp for CXX dependencies
[251/399] Building CXX object CMakeFiles/koi_core_generic.dir/src/koi/uci_controller.cpp.o
[252/399] Generating CXX dyndep file CMakeFiles/nnue_boundary_tests.dir/CXX.dd
[253/399] Linking CXX static library libkoi_core_generic.a
[254/399] Scanning /work/tests/unit/runtime/cpu_features_tests.cpp for CXX dependencies
[255/399] Building CXX object CMakeFiles/koi_shadow_diff_tests.dir/tests/integration/rules/native_shadow_diff_tests.cpp.o
[256/399] Generating CXX dyndep file CMakeFiles/koi_cpu_features_tests.dir/CXX.dd
[257/399] Linking CXX executable koi_shadow_diff_tests
[258/399] Scanning /work/tests/unit/runtime/cpu_variant_tests.cpp for CXX dependencies
[259/399] Generating CXX dyndep file CMakeFiles/koi_cpu_variant_tests.dir/CXX.dd
[260/399] Building CXX object CMakeFiles/evaluation_architecture_tests.dir/tests/unit/evaluation/evaluation_architecture_tests.cpp.o
In file included from /work/tests/unit/evaluation/evaluation_architecture_tests.cpp:10:
/work/src/koi/detail/search_context.hpp:522:19: warning: operator '<<' has lower precedence than '+'; '+' will be evaluated first [-Wshift-op-parentheses]
  522 |             (1ULL + static_cast<std::uint64_t>(move.to().index()) << 7U) +
      |              ~~~~~^~~~~~~~~~~~~~~~~~~~~~~~~~~~~~~~~~~~~~~~~~~~~~~ ~~
/work/src/koi/detail/search_context.hpp:522:19: note: place parentheses around the '+' expression to silence this warning
  522 |             (1ULL + static_cast<std::uint64_t>(move.to().index()) << 7U) +
      |                   ^
      |              (                                                   )
/work/src/koi/detail/search_context.hpp:523:19: warning: operator '<<' has lower precedence than '+'; '+' will be evaluated first [-Wshift-op-parentheses]
  523 |             (1ULL + static_cast<std::uint64_t>(move.promotion()) << 14U);
      |              ~~~~~^~~~~~~~~~~~~~~~~~~~~~~~~~~~~~~~~~~~~~~~~~~~~~ ~~
/work/src/koi/detail/search_context.hpp:523:19: note: place parentheses around the '+' expression to silence this warning
  523 |             (1ULL + static_cast<std::uint64_t>(move.promotion()) << 14U);
      |                   ^
      |              (                                                  )
2 warnings generated.
[261/399] Linking CXX executable evaluation_architecture_tests
[262/399] Scanning /work/tests/unit/runtime/syzygy_tablebase_tests.cpp for CXX dependencies
[263/399] Generating CXX dyndep file CMakeFiles/syzygy_tablebase_tests.dir/CXX.dd
[264/399] Building CXX object CMakeFiles/koi_cpu_features_tests.dir/tests/unit/runtime/cpu_features_tests.cpp.o
[265/399] Linking CXX executable koi_cpu_features_tests
[266/399] Scanning /work/tests/unit/rules/koi_rules_tests.cpp for CXX dependencies
[267/399] Generating CXX dyndep file CMakeFiles/koi_rules_tests.dir/CXX.dd
[268/399] Building CXX object CMakeFiles/koi_cpu_variant_tests.dir/tests/unit/runtime/cpu_variant_tests.cpp.o
[269/399] Linking CXX executable koi_cpu_variant_tests
[270/399] Scanning /work/tests/unit/rules/native_rule_state_tests.cpp for CXX dependencies
[271/399] Generating CXX dyndep file CMakeFiles/native_rule_state_tests.dir/CXX.dd
[272/399] Building CXX object CMakeFiles/nnue_boundary_tests.dir/tests/unit/evaluation/nnue_boundary_tests.cpp.o
[273/399] Linking CXX executable nnue_boundary_tests
[274/399] Scanning /work/tests/unit/runtime/opening_book_tests.cpp for CXX dependencies
[275/399] Generating CXX dyndep file CMakeFiles/opening_book_tests.dir/CXX.dd
[276/399] Building CXX object CMakeFiles/koi_rules_tests.dir/tests/unit/rules/koi_rules_tests.cpp.o
[277/399] Building CXX object CMakeFiles/syzygy_tablebase_tests.dir/tests/unit/runtime/syzygy_tablebase_tests.cpp.o
[278/399] Linking CXX executable koi_rules_tests
[279/399] Linking CXX executable syzygy_tablebase_tests
[280/399] Scanning /work/tests/unit/runtime/completion_gate_tests.cpp for CXX dependencies
[281/399] Scanning /work/tests/unit/runtime/uci_controller_tests.cpp for CXX dependencies
[282/399] Generating CXX dyndep file CMakeFiles/completion_gate_tests.dir/CXX.dd
[283/399] Generating CXX dyndep file CMakeFiles/uci_controller_tests.dir/CXX.dd
[284/399] Building CXX object CMakeFiles/opening_book_tests.dir/tests/unit/runtime/opening_book_tests.cpp.o
[285/399] Building CXX object CMakeFiles/native_rule_state_tests.dir/tests/unit/rules/native_rule_state_tests.cpp.o
[286/399] Linking CXX executable opening_book_tests
[287/399] Linking CXX executable native_rule_state_tests
[288/399] Scanning /work/tests/unit/search/search_ordering_tests.cpp for CXX dependencies
[289/399] Scanning /work/tests/unit/search/koi_search_tests.cpp for CXX dependencies
[290/399] Generating CXX dyndep file CMakeFiles/search_ordering_tests.dir/CXX.dd
[291/399] Generating CXX dyndep file CMakeFiles/koi_search_tests.dir/CXX.dd
[292/399] Building CXX object CMakeFiles/completion_gate_tests.dir/tests/unit/runtime/completion_gate_tests.cpp.o
[293/399] Linking CXX executable completion_gate_tests
[294/399] Scanning /work/tests/unit/search/search_architecture_tests.cpp for CXX dependencies
[295/399] Generating CXX dyndep file CMakeFiles/search_architecture_tests.dir/CXX.dd
[296/399] Building CXX object CMakeFiles/search_ordering_tests.dir/tests/unit/search/search_ordering_tests.cpp.o
[297/399] Linking CXX executable search_ordering_tests
[298/399] Scanning /work/tests/unit/search/search_policy_tests.cpp for CXX dependencies
[299/399] Generating CXX dyndep file CMakeFiles/search_policy_tests.dir/CXX.dd
[300/399] Building CXX object CMakeFiles/search_architecture_tests.dir/tests/unit/search/search_architecture_tests.cpp.o
In file included from /work/tests/unit/search/search_architecture_tests.cpp:10:
/work/src/koi/detail/search_context.hpp:522:19: warning: operator '<<' has lower precedence than '+'; '+' will be evaluated first [-Wshift-op-parentheses]
  522 |             (1ULL + static_cast<std::uint64_t>(move.to().index()) << 7U) +
      |              ~~~~~^~~~~~~~~~~~~~~~~~~~~~~~~~~~~~~~~~~~~~~~~~~~~~~ ~~
/work/src/koi/detail/search_context.hpp:522:19: note: place parentheses around the '+' expression to silence this warning
  522 |             (1ULL + static_cast<std::uint64_t>(move.to().index()) << 7U) +
      |                   ^
      |              (                                                   )
/work/src/koi/detail/search_context.hpp:523:19: warning: operator '<<' has lower precedence than '+'; '+' will be evaluated first [-Wshift-op-parentheses]
  523 |             (1ULL + static_cast<std::uint64_t>(move.promotion()) << 14U);
      |              ~~~~~^~~~~~~~~~~~~~~~~~~~~~~~~~~~~~~~~~~~~~~~~~~~~~ ~~
/work/src/koi/detail/search_context.hpp:523:19: note: place parentheses around the '+' expression to silence this warning
  523 |             (1ULL + static_cast<std::uint64_t>(move.promotion()) << 14U);
      |                   ^
      |              (                                                  )
2 warnings generated.
[301/399] Linking CXX executable search_architecture_tests
[302/399] Scanning /work/tests/unit/search/search_runtime_tests.cpp for CXX dependencies
[303/399] Generating CXX dyndep file CMakeFiles/search_runtime_tests.dir/CXX.dd
[304/399] Building CXX object CMakeFiles/uci_controller_tests.dir/tests/unit/runtime/uci_controller_tests.cpp.o
[305/399] Building CXX object CMakeFiles/search_policy_tests.dir/tests/unit/search/search_policy_tests.cpp.o
In file included from /work/tests/unit/search/search_policy_tests.cpp:9:
/work/src/koi/detail/search_context.hpp:522:19: warning: operator '<<' has lower precedence than '+'; '+' will be evaluated first [-Wshift-op-parentheses]
  522 |             (1ULL + static_cast<std::uint64_t>(move.to().index()) << 7U) +
      |              ~~~~~^~~~~~~~~~~~~~~~~~~~~~~~~~~~~~~~~~~~~~~~~~~~~~~ ~~
/work/src/koi/detail/search_context.hpp:522:19: note: place parentheses around the '+' expression to silence this warning
  522 |             (1ULL + static_cast<std::uint64_t>(move.to().index()) << 7U) +
      |                   ^
      |              (                                                   )
/work/src/koi/detail/search_context.hpp:523:19: warning: operator '<<' has lower precedence than '+'; '+' will be evaluated first [-Wshift-op-parentheses]
  523 |             (1ULL + static_cast<std::uint64_t>(move.promotion()) << 14U);
      |              ~~~~~^~~~~~~~~~~~~~~~~~~~~~~~~~~~~~~~~~~~~~~~~~~~~~ ~~
/work/src/koi/detail/search_context.hpp:523:19: note: place parentheses around the '+' expression to silence this warning
  523 |             (1ULL + static_cast<std::uint64_t>(move.promotion()) << 14U);
      |                   ^
      |              (                                                  )
2 warnings generated.
[306/399] Linking CXX executable search_policy_tests
[307/399] Scanning /work/tests/unit/search/policy_value_mcts_tests.cpp for CXX dependencies
[308/399] Linking CXX executable uci_controller_tests
[309/399] Generating CXX dyndep file CMakeFiles/policy_value_mcts_tests.dir/CXX.dd
[310/399] Scanning /work/tests/unit/search/static_exchange_tests.cpp for CXX dependencies
[311/399] Generating CXX dyndep file CMakeFiles/static_exchange_tests.dir/CXX.dd
[312/399] Building CXX object CMakeFiles/search_runtime_tests.dir/tests/unit/search/search_runtime_tests.cpp.o
[313/399] Linking CXX executable search_runtime_tests
[314/399] Scanning /work/tests/unit/runtime/transposition_table_tests.cpp for CXX dependencies
[315/399] Generating CXX dyndep file CMakeFiles/transposition_table_tests.dir/CXX.dd
[316/399] Building CXX object CMakeFiles/static_exchange_tests.dir/tests/unit/search/static_exchange_tests.cpp.o
[317/399] Linking CXX executable static_exchange_tests
[318/399] Scanning /work/tests/unit/runtime/search_service_tests.cpp for CXX dependencies
[319/399] Generating CXX dyndep file CMakeFiles/search_service_tests.dir/CXX.dd
[320/399] Building CXX object CMakeFiles/transposition_table_tests.dir/tests/unit/runtime/transposition_table_tests.cpp.o
[321/399] Linking CXX executable transposition_table_tests
[322/399] Scanning /work/tests/unit/runtime/koi_soak_tests.cpp for CXX dependencies
[323/399] Generating CXX dyndep file CMakeFiles/koi_soak_tests.dir/CXX.dd
[324/399] Building CXX object CMakeFiles/policy_value_mcts_tests.dir/tests/unit/search/policy_value_mcts_tests.cpp.o
[325/399] Linking CXX executable policy_value_mcts_tests
[326/399] Scanning /work/tests/unit/evaluation/classical_evaluator_tests.cpp for CXX dependencies
[327/399] Generating CXX dyndep file CMakeFiles/classical_evaluator_tests.dir/CXX.dd
[328/399] Building CXX object CMakeFiles/koi_search_tests.dir/tests/unit/search/koi_search_tests.cpp.o
In file included from /work/tests/unit/search/koi_search_tests.cpp:22:
/work/src/koi/detail/search_context.hpp:522:19: warning: operator '<<' has lower precedence than '+'; '+' will be evaluated first [-Wshift-op-parentheses]
  522 |             (1ULL + static_cast<std::uint64_t>(move.to().index()) << 7U) +
      |              ~~~~~^~~~~~~~~~~~~~~~~~~~~~~~~~~~~~~~~~~~~~~~~~~~~~~ ~~
/work/src/koi/detail/search_context.hpp:522:19: note: place parentheses around the '+' expression to silence this warning
  522 |             (1ULL + static_cast<std::uint64_t>(move.to().index()) << 7U) +
      |                   ^
      |              (                                                   )
/work/src/koi/detail/search_context.hpp:523:19: warning: operator '<<' has lower precedence than '+'; '+' will be evaluated first [-Wshift-op-parentheses]
  523 |             (1ULL + static_cast<std::uint64_t>(move.promotion()) << 14U);
      |              ~~~~~^~~~~~~~~~~~~~~~~~~~~~~~~~~~~~~~~~~~~~~~~~~~~~ ~~
/work/src/koi/detail/search_context.hpp:523:19: note: place parentheses around the '+' expression to silence this warning
  523 |             (1ULL + static_cast<std::uint64_t>(move.promotion()) << 14U);
      |                   ^
      |              (                                                  )
/work/tests/unit/search/koi_search_tests.cpp:4225:5: warning: ignoring return value of function declared with 'nodiscard' attribute [-Wunused-result]
 4225 |     service.set_hash_size_mb(1);
      |     ^~~~~~~~~~~~~~~~~~~~~~~~ ~
/work/tests/unit/search/koi_search_tests.cpp:4255:5: warning: ignoring return value of function declared with 'nodiscard' attribute [-Wunused-result]
 4255 |     service.set_hash_size_mb(0);
      |     ^~~~~~~~~~~~~~~~~~~~~~~~ ~
/work/tests/unit/search/koi_search_tests.cpp:4283:5: warning: ignoring return value of function declared with 'nodiscard' attribute [-Wunused-result]
 4283 |     table.set_size_mb(1);
      |     ^~~~~~~~~~~~~~~~~ ~
/work/tests/unit/search/koi_search_tests.cpp:4498:9: warning: ignoring return value of function declared with 'nodiscard' attribute [-Wunused-result]
 4498 |         table.set_size_mb(megabytes);
      |         ^~~~~~~~~~~~~~~~~ ~~~~~~~~~
/work/tests/unit/search/koi_search_tests.cpp:4532:13: warning: ignoring return value of function declared with 'nodiscard' attribute [-Wunused-result]
 4532 |             table.set_size_mb(megabytes);
      |             ^~~~~~~~~~~~~~~~~ ~~~~~~~~~
7 warnings generated.
[329/399] Building CXX object CMakeFiles/koi_soak_tests.dir/tests/unit/runtime/koi_soak_tests.cpp.o
[330/399] Building CXX object CMakeFiles/classical_evaluator_tests.dir/tests/unit/evaluation/classical_evaluator_tests.cpp.o
[331/399] Linking CXX executable koi_search_tests
[332/399] Linking CXX executable koi_soak_tests
[333/399] Scanning /work/tests/unit/evaluation/evaluation_features_tests.cpp for CXX dependencies
[334/399] Linking CXX executable classical_evaluator_tests
[335/399] Scanning /work/tests/unit/evaluation/policy_value_model_tests.cpp for CXX dependencies
[336/399] Generating CXX dyndep file CMakeFiles/evaluation_features_tests.dir/CXX.dd
[337/399] Generating CXX dyndep file CMakeFiles/policy_value_model_tests.dir/CXX.dd
[338/399] Scanning /work/tests/unit/search/time_manager_tests.cpp for CXX dependencies
[339/399] Generating CXX dyndep file CMakeFiles/time_manager_tests.dir/CXX.dd
[340/399] Building CXX object CMakeFiles/search_service_tests.dir/tests/unit/runtime/search_service_tests.cpp.o
[341/399] Linking CXX executable search_service_tests
[342/399] Scanning /work/tests/unit/search/koi_strength_tests.cpp for CXX dependencies
[343/399] Generating CXX dyndep file CMakeFiles/koi_strength_tests.dir/CXX.dd
[344/399] Building CXX object CMakeFiles/policy_value_model_tests.dir/tests/unit/evaluation/policy_value_model_tests.cpp.o
[345/399] Building CXX object CMakeFiles/evaluation_features_tests.dir/tests/unit/evaluation/evaluation_features_tests.cpp.o
[346/399] Linking CXX executable policy_value_model_tests
[347/399] Linking CXX executable evaluation_features_tests
[348/399] Scanning /work/tests/unit/rules/perft_tests.cpp for CXX dependencies
[349/399] Generating CXX dyndep file CMakeFiles/perft_tests.dir/CXX.dd
[350/399] Scanning /work/tests/integration/tools/uci_match_fixture.cpp for CXX dependencies
[351/399] Generating CXX dyndep file CMakeFiles/uci_match_fixture.dir/CXX.dd
[352/399] Building CXX object CMakeFiles/time_manager_tests.dir/tests/unit/search/time_manager_tests.cpp.o
[353/399] Linking CXX executable time_manager_tests
[354/399] Scanning /work/tools/engine/perft.cpp for CXX dependencies
[355/399] Generating CXX dyndep file CMakeFiles/koi_perft.dir/CXX.dd
[356/399] Building CXX object CMakeFiles/koi_strength_tests.dir/tests/unit/search/koi_strength_tests.cpp.o
[357/399] Building CXX object CMakeFiles/koi_perft.dir/tools/engine/perft.cpp.o
[358/399] Linking CXX executable koi-perft
[359/399] Scanning /work/tools/engine/koi_bench.cpp for CXX dependencies
[360/399] Linking CXX executable koi_strength_tests
[361/399] Generating CXX dyndep file CMakeFiles/koi_bench.dir/CXX.dd
[362/399] Building CXX object CMakeFiles/uci_match_fixture.dir/tests/integration/tools/uci_match_fixture.cpp.o
[363/399] Scanning /work/tools/engine/koi_replay.cpp for CXX dependencies
[364/399] Building CXX object CMakeFiles/perft_tests.dir/tests/unit/rules/perft_tests.cpp.o
[365/399] Generating CXX dyndep file CMakeFiles/koi_replay.dir/CXX.dd
[366/399] Linking CXX executable uci_match_fixture
[367/399] Linking CXX executable perft_tests
[368/399] Scanning /work/tools/engine/koi_eval_features.cpp for CXX dependencies
[369/399] Generating CXX dyndep file CMakeFiles/koi_eval_features.dir/CXX.dd
[370/399] Scanning /work/tools/engine/koi_nnue_fixture.cpp for CXX dependencies
[371/399] Generating CXX dyndep file CMakeFiles/koi_nnue_fixture.dir/CXX.dd
[372/399] Building CXX object CMakeFiles/koi_replay.dir/tools/engine/koi_replay.cpp.o
[373/399] Linking CXX executable koi-replay
[374/399] Building CXX object CMakeFiles/koi_eval_features.dir/tools/engine/koi_eval_features.cpp.o
[375/399] Scanning /work/tests/integration/tools/koi_replay_tests.cpp for CXX dependencies
[376/399] Generating CXX dyndep file CMakeFiles/koi_replay_tests.dir/CXX.dd
[377/399] Linking CXX executable koi-eval-features
[378/399] Scanning /work/src/main.cpp for CXX dependencies
[379/399] Generating CXX dyndep file CMakeFiles/koi_engine.dir/CXX.dd
[380/399] Building CXX object CMakeFiles/koi_nnue_fixture.dir/tools/engine/koi_nnue_fixture.cpp.o
[381/399] Linking CXX executable koi-nnue-fixture
[382/399] Scanning /work/tests/integration/tools/koi_nnue_fixture_tests.cpp for CXX dependencies
[383/399] Generating CXX dyndep file CMakeFiles/koi_nnue_fixture_tests.dir/CXX.dd
[384/399] Building CXX object CMakeFiles/koi_replay_tests.dir/tests/integration/tools/koi_replay_tests.cpp.o
[385/399] Linking CXX executable koi_replay_tests
[386/399] Building CXX object CMakeFiles/koi_engine.dir/src/main.cpp.o
[387/399] Scanning /work/src/main.cpp for CXX dependencies
[388/399] Generating CXX dyndep file CMakeFiles/koi_engine_avx2.dir/CXX.dd
[389/399] Linking CXX executable koi-engine
[390/399] Building CXX object CMakeFiles/koi_bench.dir/tools/engine/koi_bench.cpp.o
[391/399] Scanning /work/src/main.cpp for CXX dependencies
[392/399] Generating CXX dyndep file CMakeFiles/koi_engine_avx512.dir/CXX.dd
[393/399] Linking CXX executable koi-bench
[394/399] Building CXX object CMakeFiles/koi_nnue_fixture_tests.dir/tests/integration/tools/koi_nnue_fixture_tests.cpp.o
[395/399] Linking CXX executable koi_nnue_fixture_tests
[396/399] Building CXX object CMakeFiles/koi_engine_avx2.dir/src/main.cpp.o
[397/399] Building CXX object CMakeFiles/koi_engine_avx512.dir/src/main.cpp.o
[398/399] Linking CXX executable koi-engine-avx2
[399/399] Linking CXX executable koi-engine-avx512
