> uci
< id name Koi Engine
< id author Koi Engine contributors
< option name RandomSeed type spin default 0 min 0 max 2147483647
< option name Hash type spin default 512 min 1 max 4096
< option name Threads type spin default 1 min 1 max 8
< option name Speed type spin default 100 min 1 max 100
< option name UCI_AnalyseMode type check default false
< option name MultiPV type spin default 1 min 1 max 16
< option name Ponder type check default false
< option name OwnBook type check default true
< option name BookFile type string default book.bin
< option name BookDepth type spin default 16 min 0 max 40
< option name BookRandom type check default false
< option name BookSafety type check default true
< option name BookSafetyDepth type spin default 2 min 0 max 3
< option name Clear Hash type button
< option name UCI_ShowWDL type check default false
< option name Move Overhead type spin default 10 min 0 max 5000
< option name Slow Mover type spin default 100 min 10 max 1000
< option name UCI_LimitStrength type check default false
< option name UCI_Elo type spin default 1320 min 1320 max 3190
< option name StrengthMode type check default false
< option name SyzygyPath type string default 
< option name SyzygyProbeDepth type spin default 1 min 1 max 100
< option name SyzygyProbeLimit type spin default 5 min 0 max 7
< option name Syzygy50MoveRule type check default true
< uciok
> setoption name OwnBook value false
> setoption name Threads value 4
> setoption name Speed value 100
> isready
< readyok
> position fen rnbqkbnr/pppppppp/8/8/8/8/PPPPPPPP/RNBQKBNR w KQkq - 0 1
> go movetime 100
< info depth 1 seldepth 1 multipv 1 score cp 102 nodes 23 nps 23 time 0 pv b1c3
< info depth 2 seldepth 8 multipv 1 score cp 0 nodes 182 nps 36400 time 5 pv g1f3 b8c6
< info depth 3 seldepth 8 multipv 1 score cp 102 nodes 325 nps 40625 time 8 pv g1f3 b8c6 b1c3
< info depth 4 seldepth 12 multipv 1 score cp 0 nodes 1595 nps 36250 time 44 pv b1c3 b8c6 g1f3
< bestmove b1c3
> setoption name OwnBook value false
> setoption name Threads value 4
> setoption name Speed value 100
> isready
< readyok
> position fen rnbqkbnr/pppppppp/8/8/8/2N5/PPPPPPPP/R1BQKBNR b KQkq - 1 1
> go movetime 100
< info depth 1 seldepth 1 multipv 1 score cp 0 nodes 21 nps 21 time 0 pv b8c6
< info depth 2 seldepth 1 multipv 1 score cp -44 nodes 42 nps 42000 time 1 pv b8c6
< info depth 3 seldepth 1 multipv 1 score cp -44 nodes 63 nps 63000 time 1 pv b8c6
< info depth 4 seldepth 6 multipv 1 score cp -44 nodes 162 nps 40500 time 4 pv b8c6
< bestmove b8c6
> setoption name OwnBook value false
> setoption name Threads value 4
> setoption name Speed value 100
> isready
< readyok
> position fen rnbqkbnr/ppp1pppp/8/3p4/8/2N5/PPPPPPPP/R1BQKBNR w KQkq - 0 2
> go movetime 100
< info depth 1 seldepth 11 multipv 1 score cp 134 nodes 463 nps 35615 time 13 pv g1f3
< info depth 2 seldepth 11 multipv 1 score cp 35 nodes 602 nps 35411 time 17 pv e2e4
< info depth 3 seldepth 15 multipv 1 score cp 66 nodes 1765 nps 34607 time 51 pv e2e3 b8c6 d1h5
< bestmove e2e3
> setoption name OwnBook value false
> setoption name Threads value 4
> setoption name Speed value 100
> isready
< readyok
> position fen rnbqkbnr/ppp1pppp/8/3p4/3P4/2N5/PPP1PPPP/R1BQKBNR b KQkq - 0 2
> go movetime 100
< info depth 1 seldepth 11 multipv 1 score cp -21 nodes 161 nps 23000 time 7 pv d8d6
< info depth 2 seldepth 11 multipv 1 score cp -76 nodes 283 nps 28300 time 10 pv b8c6 g1f3
< info depth 3 seldepth 11 multipv 1 score cp 0 nodes 496 nps 29176 time 17 pv b8c6 g1f3 g8f6
< bestmove b8c6
> setoption name OwnBook value false
> setoption name Threads value 4
> setoption name Speed value 100
> isready
< readyok
> position fen rnbqkb1r/ppp1pppp/5n2/3p4/3P4/2N5/PPP1PPPP/R1BQKBNR w KQkq - 1 3
> go movetime 100
< info depth 1 seldepth 11 multipv 1 score cp 102 nodes 159 nps 31800 time 5 pv g1f3
< info depth 2 seldepth 11 multipv 1 score cp 47 nodes 233 nps 33285 time 7 pv g1f3 c8g4
< info depth 3 seldepth 11 multipv 1 score cp 60 nodes 853 nps 30464 time 28 pv g1f3 b8c6
< bestmove g1f3
> setoption name OwnBook value false
> setoption name Threads value 4
> setoption name Speed value 100
> isready
< readyok
> position fen rnbqkb1r/ppp1pppp/5n2/3p4/3P4/2N2N2/PPP1PPPP/R1BQKB1R b KQkq - 2 3
> go movetime 100
< info depth 1 seldepth 7 multipv 1 score cp -14 nodes 112 nps 28000 time 4 pv b8c6
< info depth 2 seldepth 7 multipv 1 score cp -14 nodes 142 nps 28400 time 5 pv b8c6
< info depth 3 seldepth 7 multipv 1 score cp -14 nodes 172 nps 28666 time 6 pv b8c6
< bestmove b8c6
> setoption name OwnBook value false
> setoption name Threads value 4
> setoption name Speed value 100
> isready
< readyok
> position fen rnbqkb1r/pp2pppp/5n2/2pp4/3P4/2N2N2/PPP1PPPP/R1BQKB1R w KQkq - 0 4
> go movetime 100
< info depth 1 seldepth 14 multipv 1 score cp 111 nodes 973 nps 27027 time 36 pv d4c5 b8c6
< info depth 2 seldepth 14 multipv 1 score cp 111 nodes 1391 nps 27274 time 51 pv d4c5
< bestmove d4c5
> setoption name OwnBook value false
> setoption name Threads value 4
> setoption name Speed value 100
> isready
< readyok
> position fen rnbqkb1r/pp2pppp/5n2/2Pp4/8/2N2N2/PPP1PPPP/R1BQKB1R b KQkq - 0 4
> go movetime 100
< info depth 1 seldepth 13 multipv 1 score cp -111 nodes 667 nps 29000 time 23 pv b8c6
< info depth 2 seldepth 13 multipv 1 score cp -171 nodes 731 nps 29240 time 25 pv b8c6
< info depth 3 seldepth 13 multipv 1 score cp -108 nodes 1722 nps 25323 time 68 pv b8c6 d1d3 d8a5
< bestmove b8c6
> setoption name OwnBook value false
> setoption name Threads value 4
> setoption name Speed value 100
> isready
< readyok
> position fen r1bqkb1r/pp2pppp/2n2n2/2Pp4/8/2N2N2/PPP1PPPP/R1BQKB1R w KQkq - 1 5
> go movetime 100
< info depth 1 seldepth 10 multipv 1 score cp 167 nodes 1027 nps 27756 time 37 pv c1g5
< info depth 2 seldepth 10 multipv 1 score cp 106 nodes 1095 nps 28076 time 39 pv d1d3
< bestmove d1d3
> setoption name OwnBook value false
> setoption name Threads value 4
> setoption name Speed value 100
> isready
< readyok
> position fen r1bqkb1r/pp2pppp/2n2n2/2Pp4/3N4/2N5/PPP1PPPP/R1BQKB1R b KQkq - 2 5
> go movetime 100
< info depth 1 seldepth 8 multipv 1 score cp -92 nodes 421 nps 20047 time 21 pv d8c7
< info depth 2 seldepth 13 multipv 1 score cp -96 nodes 780 nps 21666 time 36 pv e7e5 d4c6
< bestmove e7e5
> setoption name OwnBook value false
> setoption name Threads value 4
> setoption name Speed value 100
> isready
< readyok
> position fen r1bqkb1r/pp3ppp/2n2n2/2Ppp3/3N4/2N5/PPP1PPPP/R1BQKB1R w KQkq - 0 6
> go movetime 100
< info depth 1 seldepth 13 multipv 1 score cp 96 nodes 707 nps 26185 time 27 pv d4c6
< info depth 2 seldepth 13 multipv 1 score cp 96 nodes 742 nps 26500 time 28 pv d4c6
< info depth 3 seldepth 13 multipv 1 score cp 142 nodes 1904 nps 24101 time 79 pv d4c6 b7c6 c1e3
< bestmove d4c6
> setoption name OwnBook value false
> setoption name Threads value 4
> setoption name Speed value 100
> isready
< readyok
> position fen r1bqkb1r/pp3ppp/2N2n2/2Ppp3/8/2N5/PPP1PPPP/R1BQKB1R b KQkq - 0 6
> go movetime 100
< info depth 1 seldepth 15 multipv 1 score cp -142 nodes 723 nps 26777 time 27 pv b7c6
< info depth 2 seldepth 15 multipv 1 score cp -142 nodes 758 nps 27071 time 28 pv b7c6
< info depth 3 seldepth 15 multipv 1 score cp -76 nodes 1916 nps 27371 time 70 pv b7c6 c1e3 d5d4
< bestmove b7c6
> setoption name OwnBook value false
> setoption name Threads value 4
> setoption name Speed value 100
> isready
< readyok
> position fen r1bqkb1r/p4ppp/2p2n2/2Ppp3/8/2N5/PPP1PPPP/R1BQKB1R w KQkq - 0 7
> go movetime 100
< info depth 1 seldepth 14 multipv 1 score cp 142 nodes 985 nps 28142 time 35 pv c1e3
< info depth 2 seldepth 14 multipv 1 score cp 85 nodes 1305 nps 27187 time 48 pv c1e3 c8g4 a1c1
< bestmove c1e3
> setoption name OwnBook value false
> setoption name Threads value 4
> setoption name Speed value 100
> isready
< readyok
> position fen r1bqkb1r/p4ppp/2p2n2/2Ppp3/5P2/2N5/PPP1P1PP/R1BQKB1R b KQkq - 0 7
> go movetime 100
< info depth 1 seldepth 11 multipv 1 score cp 35 nodes 1070 nps 25476 time 42 pv e5f4 h2h3
< info depth 2 seldepth 11 multipv 1 score cp 35 nodes 1137 nps 25840 time 44 pv e5f4
< bestmove e5f4
> setoption name OwnBook value false
> setoption name Threads value 4
> setoption name Speed value 100
> isready
< readyok
> position fen r1bqk2r/p4ppp/2p2n2/2bpp3/5P2/2N5/PPP1P1PP/R1BQKB1R w KQkq - 0 8
> go movetime 100
< info depth 1 seldepth 14 multipv 1 score cp 9 nodes 2283 nps 26546 time 86 pv f4e5 f6e4 c3e4
< bestmove f4e5
> setoption name OwnBook value false
> setoption name Threads value 4
> setoption name Speed value 100
> isready
< readyok
> position fen r1bqk2r/p4ppp/2p2n2/2bpP3/8/2N5/PPP1P1PP/R1BQKB1R b KQkq - 0 8
> go movetime 100
< info depth 1 seldepth 14 multipv 1 score cp -9 nodes 717 nps 29875 time 24 pv f6e4
< info depth 2 seldepth 14 multipv 1 score cp -9 nodes 1318 nps 29288 time 45 pv f6e4
< bestmove f6e4
> setoption name OwnBook value false
> setoption name Threads value 4
> setoption name Speed value 100
> isready
< readyok
> position fen r1bqk2r/p4ppp/2p5/2bpP3/6n1/2N5/PPP1P1PP/R1BQKB1R w KQkq - 1 9
> go movetime 100
< bestmove c1f4
> setoption name OwnBook value false
> setoption name Threads value 4
> setoption name Speed value 100
> isready
< readyok
> position fen r1bqk2r/p4ppp/2p5/2bpP3/6n1/2N1P3/PPP3PP/R1BQKB1R b KQkq - 0 9
> go movetime 100
< info depth 1 seldepth 19 multipv 1 score cp 103 nodes 2534 nps 29465 time 86 pv g4e5
< bestmove g4e5
> setoption name OwnBook value false
> setoption name Threads value 4
> setoption name Speed value 100
> isready
< readyok
> position fen r1bq1rk1/p4ppp/2p5/2bpP3/6n1/2N1P3/PPP3PP/R1BQKB1R w KQ - 1 10
> go movetime 100
< bestmove d1d3
> setoption name OwnBook value false
> setoption name Threads value 4
> setoption name Speed value 100
> isready
< readyok
> position fen r1bq1rk1/p4ppp/2p5/2bpP3/6n1/2NBP3/PPP3PP/R1BQK2R b KQ - 2 10
> go movetime 100
< bestmove g4e3
> setoption name OwnBook value false
> setoption name Threads value 4
> setoption name Speed value 100
> isready
< readyok
> position fen r1b2rk1/p4ppp/2p5/2bpP3/6nq/2NBP3/PPP3PP/R1BQK2R w KQ - 3 11
> go movetime 100
< info depth 1 seldepth 13 multipv 1 score cp 50 nodes 804 nps 36545 time 22 pv g2g3 h4h6
< info depth 2 seldepth 13 multipv 1 score cp -11 nodes 1560 nps 33191 time 47 pv g2g3 h4d8 e1g1
< bestmove g2g3
> setoption name OwnBook value false
> setoption name Threads value 4
> setoption name Speed value 100
> isready
< readyok
> position fen r1b2rk1/p4ppp/2p5/2bpP3/6nq/2NBP1P1/PPP4P/R1BQK2R b KQ - 0 11
> go movetime 100
< info depth 1 seldepth 13 multipv 1 score cp -49 nodes 874 nps 24277 time 36 pv h4h3
< info depth 2 seldepth 14 multipv 1 score cp 46 nodes 1666 nps 26870 time 62 pv h4h6 e3e4 c5f2
< bestmove h4h6
> setoption name OwnBook value false
> setoption name Threads value 4
> setoption name Speed value 100
> isready
< readyok
> position fen r1b2rk1/p4ppp/2p5/2bpP3/6n1/2NBP1Pq/PPP4P/R1BQK2R w KQ - 1 12
> go movetime 100
< bestmove c1d2
> setoption name OwnBook value false
> setoption name Threads value 4
> setoption name Speed value 100
> isready
< readyok
> position fen r1b2rk1/p4ppp/2p5/2bpP3/6n1/2N1P1Pq/PPP4P/R1BQKB1R b KQ - 2 12
> go movetime 100
< info depth 1 seldepth 14 multipv 1 score cp 6 nodes 1831 nps 29532 time 62 pv h3h5
< bestmove h3h5
> setoption name OwnBook value false
> setoption name Threads value 4
> setoption name Speed value 100
> isready
< readyok
> position fen r1b2rk1/p4ppp/2p4q/2bpP3/6n1/2N1P1P1/PPP4P/R1BQKB1R w KQ - 3 13
> go movetime 100
< info depth 1 seldepth 17 multipv 1 score cp 24 nodes 2938 nps 34162 time 86 pv c3d5
< bestmove c3d5
> setoption name OwnBook value false
> setoption name Threads value 4
> setoption name Speed value 100
> isready
< readyok
> position fen r1b2rk1/p4ppp/2p4q/2bNP3/6n1/4P1P1/PPP4P/R1BQKB1R b KQ - 0 13
> go movetime 100
< bestmove g4e5
> setoption name OwnBook value false
> setoption name Threads value 4
> setoption name Speed value 100
> isready
< readyok
> position fen r1b2rk1/p4ppp/7q/2bpP3/6n1/4P1P1/PPP4P/R1BQKB1R w KQ - 0 14
> go movetime 100
< bestmove d1d5
> setoption name OwnBook value false
> setoption name Threads value 4
> setoption name Speed value 100
> isready
< readyok
> position fen r1b2rk1/p4ppp/7q/2bQP3/6n1/4P1P1/PPP4P/R1B1KB1R b KQ - 0 14
> go movetime 100
< bestmove c5e3
> setoption name OwnBook value false
> setoption name Threads value 4
> setoption name Speed value 100
> isready
< readyok
> position fen r1b2rk1/p4ppp/7q/3QP3/6n1/4b1P1/PPP4P/R1B1KB1R w KQ - 0 15
> go movetime 100
< bestmove d5a8
> setoption name OwnBook value false
> setoption name Threads value 4
> setoption name Speed value 100
> isready
< readyok
> position fen r1b2rk1/p4ppp/7q/3QP3/6n1/4B1P1/PPP4P/R3KB1R b KQ - 0 15
> go movetime 100
< bestmove h6e3
> setoption name OwnBook value false
> setoption name Threads value 4
> setoption name Speed value 100
> isready
< readyok
> position fen r1b2rk1/p4ppp/8/3QP3/6n1/4q1P1/PPP4P/R3KB1R w KQ - 0 16
> go movetime 100
< info depth 1 seldepth 17 multipv 1 score cp -121 nodes 1620 nps 40500 time 40 pv f1e2 c8f5
< bestmove f1e2
> setoption name OwnBook value false
> setoption name Threads value 4
> setoption name Speed value 100
> isready
< readyok
> position fen r1b2rk1/p4ppp/8/3QP3/6n1/4q1P1/PPP1B2P/R3K2R b KQ - 1 16
> go movetime 100
< info depth 1 seldepth 13 multipv 1 score cp 188 nodes 1472 nps 30040 time 49 pv e3f2
< bestmove e3f2
> setoption name OwnBook value false
> setoption name Threads value 4
> setoption name Speed value 100
> isready
< readyok
> position fen r1b2rk1/p4ppp/8/3QP3/6n1/6P1/PPP1Bq1P/R3K2R w KQ - 2 17
> go movetime 100
< info depth 1 seldepth 11 multipv 1 score cp -189 nodes 907 nps 39434 time 23 pv e1d2 c8a6 h2h3
< bestmove e1d2
> setoption name OwnBook value false
> setoption name Threads value 4
> setoption name Speed value 100
> isready
< readyok
> position fen r1b2rk1/p4ppp/8/3QP3/6n1/6P1/PPPKBq1P/R6R b - - 3 17
> go movetime 100
< bestmove c8e6
> setoption name OwnBook value false
> setoption name Threads value 4
> setoption name Speed value 100
> isready
< readyok
> position fen r4rk1/pb3ppp/8/3QP3/6n1/6P1/PPPKBq1P/R6R w - - 4 18
> go movetime 100
< bestmove d5b7
> setoption name OwnBook value false
> setoption name Threads value 4
> setoption name Speed value 100
> isready
< readyok
> position fen r4rk1/pQ3ppp/8/4P3/6n1/6P1/PPPKBq1P/R6R b - - 0 18
> go movetime 100
< bestmove f8d8
> setoption name OwnBook value false
> setoption name Threads value 4
> setoption name Speed value 100
> isready
< readyok
> position fen r2r2k1/pQ3ppp/8/4P3/6n1/6P1/PPPKBq1P/R6R w - - 1 19
> go movetime 100
< info depth 1 seldepth 13 multipv 1 score cp -120 nodes 1520 nps 38000 time 40 pv d2c1 f2e2
< bestmove d2c1
> setoption name OwnBook value false
> setoption name Threads value 4
> setoption name Speed value 100
> isready
< readyok
> position fen r2r2k1/pQ3ppp/8/4P3/6n1/6P1/PPP1Bq1P/R1K4R b - - 2 19
> go movetime 100
< info depth 1 seldepth 13 multipv 1 score cp 290 nodes 2013 nps 31952 time 63 pv f2e2
< bestmove f2e2
> setoption name OwnBook value false
> setoption name Threads value 4
> setoption name Speed value 100
> isready
< readyok
> position fen r2r2k1/pQ3ppp/8/4P3/6n1/6P1/PPP1q2P/R1K4R w - - 0 20
> go movetime 100
< bestmove a2a3
> setoption name OwnBook value false
> setoption name Threads value 4
> setoption name Speed value 100
> isready
< readyok
> position fen r2r2k1/pQ3ppp/8/4P3/6n1/1P4P1/P1P1q2P/R1K4R b - - 0 20
> go movetime 100
< bestmove e2e5
> setoption name OwnBook value false
> setoption name Threads value 4
> setoption name Speed value 100
> isready
< readyok
> position fen r2r2k1/pQ3ppp/8/4P3/8/1P2n1P1/P1P1q2P/R1K4R w - - 1 21
> go movetime 100
< bestmove b7c6
> setoption name OwnBook value false
> setoption name Threads value 4
> setoption name Speed value 100
> isready
< readyok
> position fen r2r2k1/pQ3ppp/8/4P3/8/1P2n1P1/PKP1q2P/R6R b - - 2 21
> go movetime 100
< bestmove e2c2
> setoption name OwnBook value false
> setoption name Threads value 4
> setoption name Speed value 100
> isready
< readyok
> position fen r2r2k1/pQ3ppp/8/4P3/8/1P2n1P1/PKq4P/R6R w - - 0 22
> go movetime 100
< bestmove b2a3
> setoption name OwnBook value false
> setoption name Threads value 4
> setoption name Speed value 100
> isready
< readyok
> position fen r2r2k1/pQ3ppp/8/4P3/8/KP2n1P1/P1q4P/R6R b - - 1 22
> go movetime 100
< bestmove c2c5
> quit
