Koi benchmark
config threads 1 speed 100 timed 0 hash cold
position mate_in_one depth 2 nodes 28 qnodes 38 tt_hits 0 score 99999 expected f7e8 move f7e8 match 1
position mate_02 depth 2 nodes 42 qnodes 66 tt_hits 0 score 99999 expected f7g7 move a1a8 match 1
position mate_03 depth 2 nodes 37 qnodes 80 tt_hits 0 score 99999 expected f5f8 move f5c8 match 1
position mate_04 depth 2 nodes 34 qnodes 69 tt_hits 0 score 99999 expected e2e8 move e2e8 match 1
position mate_05 depth 2 nodes 45 qnodes 160 tt_hits 1 score 99999 expected e7b7 move e7b7 match 1
position mate_06 depth 2 nodes 30 qnodes 70 tt_hits 0 score 99999 expected f1f8 move f1f8 match 1
position black_mate depth 2 nodes 28 qnodes 38 tt_hits 0 score 99999 expected c2a2 move c2a2 match 1
position check_01 depth 2 nodes 34 qnodes 84 tt_hits 0 score 99999 expected e2e7 move e2e7 match 1
position check_02 depth 2 nodes 57 qnodes 3676 tt_hits 315 score 1631 expected d2d7 move d2d7 match 1
position check_03 depth 2 nodes 79 qnodes 6372 tt_hits 1291 score 364 expected f2f7 move f2e3 match 1
position check_04 depth 2 nodes 114 qnodes 3424 tt_hits 258 score 1634 expected d2d7 move d2d7 match 1
position check_05 depth 2 nodes 91 qnodes 2285 tt_hits 110 score 0 expected c2c7 move c2c7 match 1
position check_06 depth 2 nodes 33 qnodes 167 tt_hits 23 score 184 expected b2g7 move b2g7 match 1
position check_07 depth 2 nodes 18 qnodes 1123 tt_hits 111 score 0 expected d5f6 move d5f6 match 1
position evasion_01 depth 2 nodes 118 qnodes 1979 tt_hits 106 score -433 expected e1d2 move e1d2 match 1
position evasion_02 depth 2 nodes 61 qnodes 674 tt_hits 98 score -144 expected h1g2 move h1g2 match 1
position evasion_03 depth 2 nodes 80 qnodes 220 tt_hits 48 score -228 expected e1f2 move e1e2 match 1
position evasion_04 depth 2 nodes 197 qnodes 24900 tt_hits 4284 score -1220 expected e1d1 move e1d2 match 1
position evasion_05 depth 2 nodes 90 qnodes 1185 tt_hits 251 score -212 expected a1b2 move a1b2 match 1
position evasion_06 depth 2 nodes 75 qnodes 221 tt_hits 42 score 18 expected e4f3 move e4d4 match 1
position evasion_07 depth 2 nodes 92 qnodes 852 tt_hits 97 score -591 expected d1c2 move d1e2 match 1
position fork depth 3 nodes 150 qnodes 6485 tt_hits 357 score 0 expected c3d5 move c3d5 match 1
position fork_02 depth 3 nodes 360 qnodes 40136 tt_hits 1409 score -1009 expected e4d6 move e4d6 match 1
position fork_03 depth 3 nodes 731 qnodes 61440 tt_hits 6450 score -331 expected f3e5 move f3e5 match 1
position fork_04 depth 3 nodes 1438 qnodes 105605 tt_hits 10122 score 272 expected b3d4 move b3d4 match 1
position fork_05 depth 3 nodes 241 qnodes 18866 tt_hits 1020 score -672 expected g3f5 move g3f5 match 1
position fork_06 depth 3 nodes 585 qnodes 102561 tt_hits 4078 score -99994 expected c3d5 move c3d5 match 1
position fork_07 depth 3 nodes 133 qnodes 4711 tt_hits 349 score -482 expected h3f4 move h3f4 match 1
position pinned_queen depth 2 nodes 38 qnodes 627 tt_hits 38 score 1031 expected e1e7 move e1e7 match 1
position pin_02 depth 2 nodes 98 qnodes 1390 tt_hits 59 score 0 expected a1a7 move a1a7 match 1
position pin_03 depth 2 nodes 13 qnodes 35 tt_hits 11 score 0 expected b1g6 move b1g6 match 1
position pin_04 depth 2 nodes 13 qnodes 31 tt_hits 11 score 0 expected h1b7 move h1b7 match 1
position pin_05 depth 2 nodes 30 qnodes 29 tt_hits 1 score 99999 expected d1d7 move d1d7 match 1
position pin_06 depth 2 nodes 23 qnodes 229 tt_hits 15 score 0 expected h1h7 move h1h7 match 1
position pin_07 depth 2 nodes 35 qnodes 52 tt_hits 0 score 99999 expected a1a7 move a1a7 match 1
position poisoned_capture_01 depth 2 nodes 60 qnodes 3144 tt_hits 238 score 1580 expected c4d5 move c4d5 match 1
position poisoned_capture_02 depth 2 nodes 60 qnodes 3513 tt_hits 225 score 1408 expected c4d5 move c4d5 match 1
position poisoned_capture_03 depth 2 nodes 25 qnodes 194 tt_hits 22 score 0 expected c1c7 move c1c7 match 1
position poisoned_capture_04 depth 2 nodes 196 qnodes 20690 tt_hits 1436 score -1047 expected b2e5 move b2e5 match 1
position poisoned_capture_05 depth 2 nodes 14 qnodes 198 tt_hits 12 score -182 expected c3d5 move c3d5 match 1
position poisoned_capture_06 depth 2 nodes 90 qnodes 13729 tt_hits 507 score -1199 expected c4g4 move c4d5 match 1
position poisoned_capture_07 depth 2 nodes 18 qnodes 430 tt_hits 43 score -592 expected c4d4 move c4d4 match 1
position queen_capture depth 2 nodes 96 qnodes 4727 tt_hits 276 score 1033 expected e4d5 move e4d5 match 1
position promotion depth 2 nodes 17 qnodes 701 tt_hits 23 score 1033 expected a7a8q move a7a8q match 1
position promotion_02 depth 2 nodes 17 qnodes 499 tt_hits 30 score 1032 expected h7h8q move h7h8q match 1
position promotion_03 depth 2 nodes 24 qnodes 698 tt_hits 40 score 1032 expected a7b8q move a7b8q match 1
position promotion_04 depth 2 nodes 17 qnodes 425 tt_hits 40 score 650 expected f7f8q move f7f8q match 1
position promotion_05 depth 2 nodes 17 qnodes 975 tt_hits 46 score 1033 expected a2a1q move a2a1q match 1
position promotion_06 depth 2 nodes 17 qnodes 641 tt_hits 30 score 1032 expected h2h1q move h2h1q match 1
position promotion_07 depth 2 nodes 28 qnodes 711 tt_hits 35 score 1032 expected c2b1q move c2b1q match 1
position recapture depth 2 nodes 9 qnodes 46 tt_hits 7 score 168 expected e3d4 move e3d4 match 1
position defense_02 depth 2 nodes 22 qnodes 79 tt_hits 10 score 217 expected c3d4 move g1d4 match 1
position defense_03 depth 2 nodes 17 qnodes 58 tt_hits 14 score 528 expected f3e4 move f3e4 match 1
position defense_04 depth 2 nodes 42 qnodes 941 tt_hits 51 score -44 expected c3d5 move c3d5 match 1
position defense_05 depth 2 nodes 17 qnodes 98 tt_hits 10 score 525 expected e6d5 move e6d5 match 1
position defense_06 depth 2 nodes 28 qnodes 205 tt_hits 23 score 543 expected c6d4 move e5d4 match 1
position defense_07 depth 2 nodes 8 qnodes 47 tt_hits 6 score -413 expected g7d4 move g7d4 match 1
position pawn_race_01 depth 2 nodes 19 qnodes 889 tt_hits 70 score 980 expected a7a8q move a7a8q match 1
position pawn_race_02 depth 2 nodes 22 qnodes 1273 tt_hits 86 score 1321 expected h2h1q move h2h1q match 1
position pawn_race_03 depth 2 nodes 17 qnodes 320 tt_hits 11 score 759 expected a7a8q move a7a8q match 1
position pawn_race_04 depth 2 nodes 30 qnodes 1429 tt_hits 74 score 1128 expected d2d1q move d2d1q match 1
position pawn_race_05 depth 2 nodes 19 qnodes 1028 tt_hits 38 score 1248 expected b7b8q move b7b8q match 1
position pawn_race_06 depth 2 nodes 16 qnodes 788 tt_hits 61 score 620 expected g2g1q move g2g1q match 1
position pawn_race_07 depth 2 nodes 26 qnodes 2097 tt_hits 219 score 1527 expected e7e8q move e7e8q match 1
