output_directory=C:\Users\ntATh\AI test\Koi engine\artifacts\verification\speed-gate\picker-lazy-sort-20261003-sparse-depth2-5
baseline_executable=C:\Users\ntATh\AI test\Koi engine\artifacts\verification\speed-gate\picker-lazy-sort-20261003-sparse-depth2-5\baseline\koi-bench-baseline.exe
candidate_executable=C:\Users\ntATh\AI test\Koi engine\build\roadmap-visit-win-release\koi-bench.exe
runs=5 threads=1 speed=100 timed=1 fen-file=C:\Users\ntATh\AI test\Koi engine\artifacts\verification\speed-gate\picker-lazy-sort-20261003-sparse-depth2-5\sparse-qsearch-fens.txt depth-sweep=2..5
nps_regression_limit=2.00% row_nps_regression_limit=2.00% min_row_elapsed_ms=20.0
run=1 baseline_nps=315,265 candidate_nps=313,892 order=baseline,candidate
run=2 baseline_nps=304,718 candidate_nps=339,619 order=candidate,baseline
run=3 baseline_nps=317,758 candidate_nps=324,461 order=baseline,candidate
run=4 baseline_nps=313,634 candidate_nps=287,426 order=candidate,baseline
run=5 baseline_nps=307,903 candidate_nps=299,450 order=baseline,candidate
baseline_total_nps=313,634 candidate_total_nps=313,892 delta=0.08%
median_row_nps_delta=4.06% excluded_noise_rows=14
row=fen-001#2 baseline_nps=335090 candidate_nps=368600 nps_delta=10.00% baseline_ms=11 candidate_ms=10
row=fen-001#3 baseline_nps=324790 candidate_nps=350729 nps_delta=7.99% baseline_ms=311 candidate_ms=288
row=fen-001#4 baseline_nps=363203 candidate_nps=377981 nps_delta=4.07% baseline_ms=1763 candidate_ms=1694
row=fen-001#5 baseline_nps=356528 candidate_nps=377142 nps_delta=5.78% baseline_ms=24083 candidate_ms=22756
row=fen-002#2 baseline_nps=309000 candidate_nps=386250 nps_delta=25.00% baseline_ms=5 candidate_ms=4
row=fen-002#3 baseline_nps=401465 candidate_nps=426821 nps_delta=6.32% baseline_ms=101 candidate_ms=95
row=fen-002#4 baseline_nps=408424 candidate_nps=434472 nps_delta=6.38% baseline_ms=450 candidate_ms=423
row=fen-002#5 baseline_nps=393212 candidate_nps=417654 nps_delta=6.22% baseline_ms=5088 candidate_ms=4787
row=fen-003#2 baseline_nps=323000 candidate_nps=323000 nps_delta=0.00% baseline_ms=4 candidate_ms=4
row=fen-003#3 baseline_nps=412448 candidate_nps=436950 nps_delta=5.94% baseline_ms=107 candidate_ms=101
row=fen-003#4 baseline_nps=342096 candidate_nps=376826 nps_delta=10.15% baseline_ms=866 candidate_ms=786
row=fen-003#5 baseline_nps=412907 candidate_nps=450966 nps_delta=9.22% baseline_ms=1583 candidate_ms=1449
row=fen-004#2 baseline_nps=340000 candidate_nps=340000 nps_delta=0.00% baseline_ms=1 candidate_ms=1
row=fen-004#3 baseline_nps=515634 candidate_nps=547102 nps_delta=6.10% baseline_ms=52 candidate_ms=49
row=fen-004#4 baseline_nps=397680 candidate_nps=416979 nps_delta=4.85% baseline_ms=750 candidate_ms=715
row=fen-004#5 baseline_nps=471363 candidate_nps=485963 nps_delta=3.10% baseline_ms=3500 candidate_ms=3442
row=fen-005#2 baseline_nps=501940 candidate_nps=501840 nps_delta=-0.02% baseline_ms=50 candidate_ms=50
row=fen-005#3 baseline_nps=492178 candidate_nps=493854 nps_delta=0.34% baseline_ms=796 candidate_ms=793
row=fen-005#4 baseline_nps=545395 candidate_nps=554912 nps_delta=1.75% baseline_ms=1426 candidate_ms=1400
row=fen-005#5 baseline_nps=443048 candidate_nps=461007 nps_delta=4.05% baseline_ms=33335 candidate_ms=32203
row=fen-006#2 baseline_nps=255000 candidate_nps=255000 nps_delta=0.00% baseline_ms=1 candidate_ms=1
row=fen-006#3 baseline_nps=342428 candidate_nps=319600 nps_delta=-6.67% baseline_ms=14 candidate_ms=15
row=fen-006#4 baseline_nps=397631 candidate_nps=393513 nps_delta=-1.04% baseline_ms=266 candidate_ms=267
row=fen-006#5 baseline_nps=342540 candidate_nps=363017 nps_delta=5.98% baseline_ms=4977 candidate_ms=4628
row=fen-007#2 baseline_nps=424800 candidate_nps=424800 nps_delta=0.00% baseline_ms=5 candidate_ms=5
row=fen-007#3 baseline_nps=416591 candidate_nps=442426 nps_delta=6.20% baseline_ms=137 candidate_ms=129
row=fen-007#4 baseline_nps=382333 candidate_nps=397261 nps_delta=3.90% baseline_ms=3114 candidate_ms=2995
row=fen-007#5 baseline_nps=405306 candidate_nps=421318 nps_delta=3.95% baseline_ms=4717 candidate_ms=4528
row=fen-008#2 baseline_nps=523500 candidate_nps=523500 nps_delta=0.00% baseline_ms=2 candidate_ms=2
row=fen-008#3 baseline_nps=511189 candidate_nps=510913 nps_delta=-0.05% baseline_ms=58 candidate_ms=58
row=fen-008#4 baseline_nps=439502 candidate_nps=479302 nps_delta=9.06% baseline_ms=1851 candidate_ms=1679
row=fen-008#5 baseline_nps=504241 candidate_nps=533783 nps_delta=5.86% baseline_ms=3438 candidate_ms=3072
row=fen-009#2 baseline_nps=268000 candidate_nps=268000 nps_delta=0.00% baseline_ms=1 candidate_ms=1
row=fen-009#3 baseline_nps=397956 candidate_nps=425720 nps_delta=6.98% baseline_ms=46 candidate_ms=43
row=fen-009#4 baseline_nps=439284 candidate_nps=451712 nps_delta=2.83% baseline_ms=204 candidate_ms=198
row=fen-009#5 baseline_nps=401532 candidate_nps=404228 nps_delta=0.67% baseline_ms=533 candidate_ms=529
row=fen-010#2 baseline_nps=276888 candidate_nps=276888 nps_delta=0.00% baseline_ms=9 candidate_ms=9
row=fen-010#3 baseline_nps=331793 candidate_nps=325472 nps_delta=-1.91% baseline_ms=179 candidate_ms=182
row=fen-010#4 baseline_nps=350763 candidate_nps=327496 nps_delta=-6.63% baseline_ms=1040 candidate_ms=1112
row=fen-010#5 baseline_nps=302897 candidate_nps=316926 nps_delta=4.63% baseline_ms=11945 candidate_ms=10698
row=fen-011#2 baseline_nps=401698 candidate_nps=417431 nps_delta=3.92% baseline_ms=53 candidate_ms=51
row=fen-011#3 baseline_nps=366276 candidate_nps=401205 nps_delta=9.54% baseline_ms=894 candidate_ms=816
row=fen-011#4 baseline_nps=423136 candidate_nps=454321 nps_delta=7.37% baseline_ms=1439 candidate_ms=1340
row=fen-011#5 baseline_nps=409313 candidate_nps=434219 nps_delta=6.08% baseline_ms=4983 candidate_ms=4708
row=fen-012#2 baseline_nps=402000 candidate_nps=402000 nps_delta=0.00% baseline_ms=2 candidate_ms=2
row=fen-012#3 baseline_nps=424142 candidate_nps=436529 nps_delta=2.92% baseline_ms=35 candidate_ms=34
row=fen-012#4 baseline_nps=395625 candidate_nps=421119 nps_delta=6.44% baseline_ms=342 candidate_ms=318
row=fen-012#5 baseline_nps=427006 candidate_nps=426218 nps_delta=-0.18% baseline_ms=2333 candidate_ms=2320
row=fen-013#2 baseline_nps=384500 candidate_nps=384500 nps_delta=0.00% baseline_ms=10 candidate_ms=10
row=fen-013#3 baseline_nps=338456 candidate_nps=365553 nps_delta=8.01% baseline_ms=436 candidate_ms=405
row=fen-013#4 baseline_nps=332509 candidate_nps=349613 nps_delta=5.14% baseline_ms=7962 candidate_ms=7614
row=fen-013#5 baseline_nps=392515 candidate_nps=391551 nps_delta=-0.25% baseline_ms=92717 candidate_ms=103072
row=fen-014#2 baseline_nps=292400 candidate_nps=292400 nps_delta=0.00% baseline_ms=5 candidate_ms=5
row=fen-014#3 baseline_nps=299085 candidate_nps=382975 nps_delta=28.05% baseline_ms=105 candidate_ms=82
row=fen-014#4 baseline_nps=352538 candidate_nps=384052 nps_delta=8.94% baseline_ms=1173 candidate_ms=1076
row=fen-014#5 baseline_nps=340593 candidate_nps=345582 nps_delta=1.46% baseline_ms=8282 candidate_ms=8175
row=fen-015#2 baseline_nps=277480 candidate_nps=283142 nps_delta=2.04% baseline_ms=50 candidate_ms=49
row=fen-015#3 baseline_nps=313925 candidate_nps=293655 nps_delta=-6.46% baseline_ms=768 candidate_ms=821
row=fen-015#4 baseline_nps=309275 candidate_nps=293700 nps_delta=-5.04% baseline_ms=15720 candidate_ms=16552
row=fen-015#5 baseline_nps=275304 candidate_nps=273944 nps_delta=-0.49% baseline_ms=470494 candidate_ms=472880
row=fen-016#2 baseline_nps=465000 candidate_nps=232500 nps_delta=-50.00% baseline_ms=1 candidate_ms=2
row=fen-016#3 baseline_nps=451666 candidate_nps=421108 nps_delta=-6.77% baseline_ms=69 candidate_ms=74
row=fen-016#4 baseline_nps=443322 candidate_nps=422436 nps_delta=-4.71% baseline_ms=713 candidate_ms=746
row=fen-016#5 baseline_nps=352388 candidate_nps=363731 nps_delta=3.22% baseline_ms=18308 candidate_ms=17010
summary=C:\Users\ntATh\AI test\Koi engine\artifacts\verification\speed-gate\picker-lazy-sort-20261003-sparse-depth2-5\speed-gate.json
result=PASS
