Koi benchmark
config threads 1 speed 100 timed 0 hash cold
position mate_in_one depth 2 nodes 28 qnodes 38 tt_hits 0 score 99999 expected f7e8 move f7e8 match 1
position mate_02 depth 2 nodes 42 qnodes 66 tt_hits 0 score 99999 expected f7g7 move a1a8 match 1
position mate_03 depth 2 nodes 37 qnodes 80 tt_hits 0 score 99999 expected f5f8 move f5c8 match 1
position mate_04 depth 2 nodes 34 qnodes 69 tt_hits 0 score 99999 expected e2e8 move e2e8 match 1
position mate_05 depth 2 nodes 45 qnodes 169 tt_hits 2 score 99999 expected e7b7 move e7b7 match 1
position mate_06 depth 2 nodes 30 qnodes 70 tt_hits 0 score 99999 expected f1f8 move f1f8 match 1
position black_mate depth 2 nodes 28 qnodes 38 tt_hits 0 score 99999 expected c2a2 move c2a2 match 1
position check_01 depth 2 nodes 34 qnodes 84 tt_hits 0 score 99999 expected e2e7 move e2e7 match 1
position check_02 depth 2 nodes 318 qnodes 117445 tt_hits 1399 score 70 expected d2d7 move d2d7 match 1
position check_03 depth 2 nodes 333 qnodes 76930 tt_hits 2257 score 56 expected f2f7 move f2e3 match 1
position check_04 depth 2 nodes 118 qnodes 7006 tt_hits 347 score 84 expected d2d7 move d2d7 match 1
position check_05 depth 2 nodes 197 qnodes 43388 tt_hits 1647 score 49 expected c2c7 move g2h3 match 0
position check_06 depth 2 nodes 26 qnodes 123 tt_hits 27 score 55 expected b2g7 move b2g7 match 1
position check_07 depth 2 nodes 36 qnodes 5568 tt_hits 107 score 0 expected d5f6 move d5f6 match 1
position evasion_01 depth 2 nodes 142 qnodes 3276 tt_hits 462 score -61 expected e1d2 move e1d1 match 0
position evasion_02 depth 2 nodes 58 qnodes 957 tt_hits 93 score -68 expected h1g2 move h1g2 match 1
position evasion_03 depth 2 nodes 104 qnodes 471 tt_hits 135 score 54 expected e1f2 move e1e2 match 1
position evasion_04 depth 2 nodes 240 qnodes 35456 tt_hits 3499 score -80 expected e1d1 move e1d2 match 1
position evasion_05 depth 2 nodes 79 qnodes 1566 tt_hits 119 score -57 expected a1b2 move a1b1 match 1
position evasion_06 depth 2 nodes 106 qnodes 359 tt_hits 113 score 73 expected e4f3 move e4f4 match 1
position evasion_07 depth 2 nodes 115 qnodes 2767 tt_hits 213 score 0 expected d1c2 move d1e1 match 0
position fork depth 3 nodes 393 qnodes 23735 tt_hits 2343 score 0 expected c3d5 move c3d5 match 1
position fork_02 depth 3 nodes 450 qnodes 75793 tt_hits 3995 score -110 expected e4d6 move e4d6 match 1
position fork_03 depth 3 nodes 8146 qnodes 839995 tt_hits 22002 score -60 expected f3e5 move f3e5 match 1
position fork_04 depth 3 nodes 9738 qnodes 749403 tt_hits 21250 score 19 expected b3d4 move h1h5 match 0
position fork_05 depth 3 nodes 268 qnodes 35364 tt_hits 1758 score -68 expected g3f5 move g3f5 match 1
position fork_06 depth 3 nodes 930 qnodes 182783 tt_hits 9915 score -99994 expected c3d5 move c3d5 match 1
position fork_07 depth 3 nodes 267 qnodes 36140 tt_hits 2861 score -73 expected h3f4 move h3f4 match 1
position pinned_queen depth 2 nodes 74 qnodes 3304 tt_hits 184 score 66 expected e1e7 move e1e7 match 1
position pin_02 depth 2 nodes 50 qnodes 753 tt_hits 87 score 0 expected a1a7 move a1a7 match 1
position pin_03 depth 2 nodes 49 qnodes 1078 tt_hits 23 score 0 expected b1g6 move e1f2 match 0
position pin_04 depth 2 nodes 25 qnodes 39 tt_hits 18 score 0 expected h1b7 move h1e4 match 0
position pin_05 depth 2 nodes 30 qnodes 29 tt_hits 1 score 99999 expected d1d7 move d1d7 match 1
position pin_06 depth 2 nodes 107 qnodes 7936 tt_hits 260 score 0 expected h1h7 move h1h7 match 1
position pin_07 depth 2 nodes 35 qnodes 52 tt_hits 0 score 99999 expected a1a7 move a1a7 match 1
position poisoned_capture_01 depth 2 nodes 129 qnodes 24089 tt_hits 2298 score 73 expected c4d5 move c4c8 match 0
position poisoned_capture_02 depth 2 nodes 103 qnodes 16912 tt_hits 1952 score 61 expected c4d5 move c4c8 match 0
position poisoned_capture_03 depth 2 nodes 54 qnodes 3318 tt_hits 321 score 0 expected c1c7 move c1c7 match 1
position poisoned_capture_04 depth 2 nodes 320 qnodes 56102 tt_hits 1732 score -67 expected b2e5 move b2e5 match 1
position poisoned_capture_05 depth 2 nodes 41 qnodes 4423 tt_hits 406 score -50 expected c3d5 move c3d5 match 1
position poisoned_capture_06 depth 2 nodes 136 qnodes 154610 tt_hits 6011 score -49 expected c4g4 move c4d5 match 1
position poisoned_capture_07 depth 2 nodes 163 qnodes 28496 tt_hits 2376 score -56 expected c4d4 move c4d4 match 1
position queen_capture depth 2 nodes 136 qnodes 31674 tt_hits 1791 score 56 expected e4d5 move e4e7 match 0
position promotion depth 2 nodes 22 qnodes 1087 tt_hits 130 score 72 expected a7a8q move a7a8q match 1
position promotion_02 depth 2 nodes 28 qnodes 1097 tt_hits 167 score 72 expected h7h8q move h7h8r match 0
position promotion_03 depth 2 nodes 33 qnodes 2519 tt_hits 196 score 70 expected a7b8q move a7b8q match 1
position promotion_04 depth 2 nodes 16 qnodes 391 tt_hits 15 score 67 expected f7f8q move e1d2 match 0
position promotion_05 depth 2 nodes 21 qnodes 935 tt_hits 67 score 72 expected a2a1q move a2a1q match 1
position promotion_06 depth 2 nodes 26 qnodes 830 tt_hits 80 score 72 expected h2h1q move h2h1r match 0
position promotion_07 depth 2 nodes 35 qnodes 2058 tt_hits 128 score 70 expected c2b1q move c2b1q match 1
position recapture depth 2 nodes 19 qnodes 138 tt_hits 26 score 54 expected e3d4 move e1f2 match 0
position defense_02 depth 2 nodes 45 qnodes 269 tt_hits 27 score -62 expected c3d4 move g1d4 match 1
position defense_03 depth 2 nodes 18 qnodes 170 tt_hits 22 score 56 expected f3e4 move e1e2 match 0
position defense_04 depth 2 nodes 49 qnodes 1626 tt_hits 96 score 50 expected c3d5 move e1d2 match 0
position defense_05 depth 2 nodes 39 qnodes 432 tt_hits 75 score -57 expected e6d5 move e6d5 match 1
position defense_06 depth 2 nodes 34 qnodes 295 tt_hits 42 score 0 expected c6d4 move e8d7 match 0
position defense_07 depth 2 nodes 8 qnodes 130 tt_hits 12 score -61 expected g7d4 move g7d4 match 1
position pawn_race_01 depth 2 nodes 73 qnodes 11766 tt_hits 598 score -15 expected a7a8q move a1c1 match 0
position pawn_race_02 depth 2 nodes 31 qnodes 2601 tt_hits 201 score 130 expected h2h1q move h2h1r match 0
position pawn_race_03 depth 2 nodes 22 qnodes 2137 tt_hits 100 score 54 expected a7a8q move a7a8q match 1
position pawn_race_04 depth 2 nodes 40 qnodes 11438 tt_hits 904 score 60 expected d2d1q move c8a6 match 0
position pawn_race_05 depth 2 nodes 28 qnodes 2462 tt_hits 311 score 122 expected b7b8q move b7b8q match 1
position pawn_race_06 depth 2 nodes 16 qnodes 1877 tt_hits 43 score 63 expected g2g1q move g2g1q match 1
position pawn_race_07 depth 2 nodes 28 qnodes 5169 tt_hits 464 score 87 expected e7e8q move e7e8q match 1
