Koi benchmark
config threads 1 speed 100 timed 1 hash cold
position mate_in_one depth 2 nodes 28 qnodes 38 tt_hits 0 score 99999 expected f7e8 move f7e8 match 1 elapsed_ms 15 nps 4400
position mate_02 depth 2 nodes 42 qnodes 66 tt_hits 0 score 99999 expected f7g7 move a1a8 match 1 elapsed_ms 28 nps 3857
position mate_03 depth 2 nodes 37 qnodes 80 tt_hits 0 score 99999 expected f5f8 move f5c8 match 1 elapsed_ms 26 nps 4500
position mate_04 depth 2 nodes 34 qnodes 69 tt_hits 0 score 99999 expected e2e8 move e2e8 match 1 elapsed_ms 25 nps 4120
position mate_05 depth 2 nodes 45 qnodes 169 tt_hits 0 score 99999 expected e7b7 move e7b7 match 1 elapsed_ms 50 nps 4280
position mate_06 depth 2 nodes 30 qnodes 70 tt_hits 0 score 99999 expected f1f8 move f1f8 match 1 elapsed_ms 26 nps 3846
position black_mate depth 2 nodes 28 qnodes 38 tt_hits 0 score 99999 expected c2a2 move c2a2 match 1 elapsed_ms 21 nps 3142
position check_01 depth 2 nodes 34 qnodes 84 tt_hits 0 score 99999 expected e2e7 move e2e7 match 1 elapsed_ms 36 nps 3277
position check_02 depth 2 nodes 57 qnodes 4375 tt_hits 0 score 1600 expected d2d7 move d2d7 match 1 elapsed_ms 1135 nps 3904
position check_03 depth 2 nodes 54 qnodes 2689 tt_hits 0 score 453 expected f2f7 move f2e2 match 1 elapsed_ms 722 nps 3799
position check_04 depth 2 nodes 114 qnodes 3417 tt_hits 0 score 1448 expected d2d7 move d2d7 match 1 elapsed_ms 998 nps 3538
position check_05 depth 2 nodes 49 qnodes 1061 tt_hits 0 score 0 expected c2c7 move c2c7 match 1 elapsed_ms 295 nps 3762
position check_06 depth 2 nodes 52 qnodes 136 tt_hits 15 score 136 expected b2g7 move b2g7 match 1 elapsed_ms 45 nps 4177
position check_07 depth 2 nodes 18 qnodes 567 tt_hits 1 score 0 expected d5f6 move d5f6 match 1 elapsed_ms 147 nps 3979
position evasion_01 depth 2 nodes 153 qnodes 2368 tt_hits 24 score -411 expected e1d2 move e1d1 match 0 elapsed_ms 425 nps 5931
position evasion_02 depth 2 nodes 54 qnodes 559 tt_hits 2 score -208 expected h1g2 move h1g1 match 1 elapsed_ms 144 nps 4256
position evasion_03 depth 2 nodes 105 qnodes 430 tt_hits 22 score -109 expected e1f2 move e1e2 match 1 elapsed_ms 101 nps 5297
position evasion_04 depth 2 nodes 254 qnodes 31395 tt_hits 949 score -1501 expected e1d1 move e1d2 match 1 elapsed_ms 4570 nps 6925
position evasion_05 depth 2 nodes 81 qnodes 957 tt_hits 6 score -251 expected a1b2 move a1b1 match 1 elapsed_ms 187 nps 5550
position evasion_06 depth 2 nodes 88 qnodes 298 tt_hits 5 score 95 expected e4f3 move e4f4 match 1 elapsed_ms 82 nps 4707
position evasion_07 depth 2 nodes 103 qnodes 1207 tt_hits 14 score -391 expected d1c2 move d1e2 match 1 elapsed_ms 226 nps 5796
position fork depth 3 nodes 151 qnodes 4544 tt_hits 15 score 0 expected c3d5 move c3d5 match 1 elapsed_ms 1160 nps 4047
position fork_02 depth 3 nodes 392 qnodes 38982 tt_hits 15 score -965 expected e4d6 move e4d6 match 1 elapsed_ms 10148 nps 3879
position fork_03 depth 3 nodes 835 qnodes 69672 tt_hits 49 score -162 expected f3e5 move f3e5 match 1 elapsed_ms 18782 nps 3753
position fork_04 depth 3 nodes 9227 qnodes 387582 tt_hits 53 score 42 expected b3d4 move b3d4 match 1 elapsed_ms 102935 nps 3854
position fork_05 depth 3 nodes 275 qnodes 24496 tt_hits 6 score -654 expected g3f5 move g3f5 match 1 elapsed_ms 6023 nps 4112
position fork_06 depth 3 nodes 749 qnodes 142708 tt_hits 4 score -99994 expected c3d5 move c3d5 match 1 elapsed_ms 36307 nps 3951
position fork_07 depth 3 nodes 163 qnodes 7917 tt_hits 10 score -369 expected h3f4 move h3f4 match 1 elapsed_ms 2038 nps 3964
position pinned_queen depth 2 nodes 72 qnodes 1253 tt_hits 12 score 582 expected e1e7 move e1e7 match 1 elapsed_ms 320 nps 4140
position pin_02 depth 2 nodes 55 qnodes 557 tt_hits 4 score 0 expected a1a7 move a1a7 match 1 elapsed_ms 153 nps 4000
position pin_03 depth 2 nodes 20 qnodes 55 tt_hits 1 score 0 expected b1g6 move b1g6 match 1 elapsed_ms 25 nps 3000
position pin_04 depth 2 nodes 13 qnodes 32 tt_hits 1 score 0 expected h1b7 move h1b7 match 1 elapsed_ms 17 nps 2647
position pin_05 depth 2 nodes 30 qnodes 29 tt_hits 1 score 99999 expected d1d7 move d1d7 match 1 elapsed_ms 15 nps 3933
position pin_06 depth 2 nodes 23 qnodes 214 tt_hits 1 score 0 expected h1h7 move h1h7 match 1 elapsed_ms 84 nps 2821
position pin_07 depth 2 nodes 35 qnodes 52 tt_hits 0 score 99999 expected a1a7 move a1a7 match 1 elapsed_ms 20 nps 4350
position poisoned_capture_01 depth 2 nodes 62 qnodes 3909 tt_hits 0 score 1491 expected c4d5 move c4d5 match 1 elapsed_ms 1137 nps 3492
position poisoned_capture_02 depth 2 nodes 60 qnodes 4181 tt_hits 0 score 1711 expected c4d5 move c4d5 match 1 elapsed_ms 1200 nps 3534
position poisoned_capture_03 depth 2 nodes 36 qnodes 382 tt_hits 1 score 0 expected c1c7 move c1c7 match 1 elapsed_ms 120 nps 3483
position poisoned_capture_04 depth 2 nodes 148 qnodes 15346 tt_hits 4 score -888 expected b2e5 move b2e5 match 1 elapsed_ms 3452 nps 4488
position poisoned_capture_05 depth 2 nodes 27 qnodes 502 tt_hits 6 score -131 expected c3d5 move c3d5 match 1 elapsed_ms 133 nps 3977
position poisoned_capture_06 depth 2 nodes 52 qnodes 8714 tt_hits 0 score -881 expected c4g4 move c4d5 match 1 elapsed_ms 2509 nps 3493
position poisoned_capture_07 depth 2 nodes 18 qnodes 484 tt_hits 0 score -92 expected c4d4 move c4d4 match 1 elapsed_ms 137 nps 3664
position queen_capture depth 2 nodes 96 qnodes 5568 tt_hits 1 score 651 expected e4d5 move e4d5 match 1 elapsed_ms 1337 nps 4236
position promotion depth 2 nodes 18 qnodes 901 tt_hits 0 score 833 expected a7a8q move a7a8q match 1 elapsed_ms 229 nps 4013
position promotion_02 depth 2 nodes 18 qnodes 898 tt_hits 0 score 828 expected h7h8q move h7h8q match 1 elapsed_ms 211 nps 4341
position promotion_03 depth 2 nodes 23 qnodes 1034 tt_hits 0 score 832 expected a7b8q move a7b8q match 1 elapsed_ms 255 nps 4145
position promotion_04 depth 2 nodes 23 qnodes 540 tt_hits 1 score 313 expected f7f8q move e1f2 match 0 elapsed_ms 138 nps 4079
position promotion_05 depth 2 nodes 18 qnodes 920 tt_hits 0 score 833 expected a2a1q move a2a1q match 1 elapsed_ms 203 nps 4620
position promotion_06 depth 2 nodes 18 qnodes 755 tt_hits 0 score 828 expected h2h1q move h2h1q match 1 elapsed_ms 173 nps 4468
position promotion_07 depth 2 nodes 29 qnodes 942 tt_hits 0 score 832 expected c2b1q move c2b1q match 1 elapsed_ms 211 nps 4601
position recapture depth 2 nodes 25 qnodes 95 tt_hits 8 score 86 expected e3d4 move e3d4 match 1 elapsed_ms 30 nps 4000
position defense_02 depth 2 nodes 62 qnodes 284 tt_hits 29 score 4 expected c3d4 move g1d4 match 1 elapsed_ms 89 nps 3887
position defense_03 depth 2 nodes 27 qnodes 145 tt_hits 0 score 325 expected f3e4 move f3e4 match 1 elapsed_ms 44 nps 3909
position defense_04 depth 2 nodes 37 qnodes 556 tt_hits 0 score -109 expected c3d5 move c3d5 match 1 elapsed_ms 158 nps 3753
position defense_05 depth 2 nodes 21 qnodes 182 tt_hits 0 score 312 expected e6d5 move e6d5 match 1 elapsed_ms 49 nps 4142
position defense_06 depth 2 nodes 46 qnodes 172 tt_hits 15 score 484 expected c6d4 move e5d4 match 1 elapsed_ms 53 nps 4113
position defense_07 depth 2 nodes 8 qnodes 49 tt_hits 1 score -381 expected g7d4 move g7d4 match 1 elapsed_ms 18 nps 3166
position pawn_race_01 depth 2 nodes 37 qnodes 1143 tt_hits 2 score 729 expected a7a8q move a7a8q match 1 elapsed_ms 300 nps 3933
position pawn_race_02 depth 2 nodes 24 qnodes 1547 tt_hits 0 score 1012 expected h2h1q move h2h1q match 1 elapsed_ms 402 nps 3907
position pawn_race_03 depth 2 nodes 18 qnodes 783 tt_hits 0 score 286 expected a7a8q move a7a8q match 1 elapsed_ms 196 nps 4086
position pawn_race_04 depth 2 nodes 31 qnodes 1575 tt_hits 0 score 1062 expected d2d1q move d2d1q match 1 elapsed_ms 411 nps 3907
position pawn_race_05 depth 2 nodes 19 qnodes 775 tt_hits 0 score 1220 expected b7b8q move b7b8q match 1 elapsed_ms 206 nps 3854
position pawn_race_06 depth 2 nodes 16 qnodes 791 tt_hits 0 score 259 expected g2g1q move g2g1q match 1 elapsed_ms 224 nps 3602
position pawn_race_07 depth 2 nodes 25 qnodes 1645 tt_hits 0 score 1714 expected e7e8q move e7e8q match 1 elapsed_ms 427 nps 3911
