-- The CXX compiler identification is Clang 18.1.3
-- Detecting CXX compiler ABI info
-- Detecting CXX compiler ABI info - done
-- Check for working CXX compiler: /usr/bin/clang++-18 - skipped
-- Detecting CXX compile features
-- Detecting CXX compile features - done
-- Performing Test CMAKE_HAVE_LIBC_PTHREAD
-- Performing Test CMAKE_HAVE_LIBC_PTHREAD - Success
-- Found Threads: TRUE
CMake Warning at CMakeLists.txt:152 (message):
  Koi Engine Release IPO/LTO is unavailable: Change Dir:
  '/work/build/roadmap-current-linux-clang18-release-20260929/CMakeFiles/_CMakeLTOTest-CXX/bin'




  Run Build Command(s): /usr/bin/ninja -v

  [1/4] /usr/bin/clang++-18 -stdlib=libc++ -g -flto=thin -MD -MT
  CMakeFiles/foo.dir/foo.cpp.o -MF CMakeFiles/foo.dir/foo.cpp.o.d -o
  CMakeFiles/foo.dir/foo.cpp.o -c
  /work/build/roadmap-current-linux-clang18-release-20260929/CMakeFiles/_CMakeLTOTest-CXX/src/foo.cpp


  [2/4] /usr/bin/clang++-18 -stdlib=libc++ -g -flto=thin -MD -MT
  CMakeFiles/boo.dir/main.cpp.o -MF CMakeFiles/boo.dir/main.cpp.o.d -o
  CMakeFiles/boo.dir/main.cpp.o -c
  /work/build/roadmap-current-linux-clang18-release-20260929/CMakeFiles/_CMakeLTOTest-CXX/src/main.cpp


  [3/4] : && /opt/koi-venv/lib/python3.12/site-packages/cmake/data/bin/cmake
  -E rm -f libfoo.a && "CMAKE_CXX_COMPILER_AR-NOTFOUND" qc libfoo.a
  CMakeFiles/foo.dir/foo.cpp.o && "CMAKE_CXX_COMPILER_RANLIB-NOTFOUND"
  libfoo.a && :

  FAILED: libfoo.a

  : && /opt/koi-venv/lib/python3.12/site-packages/cmake/data/bin/cmake -E rm
  -f libfoo.a && "CMAKE_CXX_COMPILER_AR-NOTFOUND" qc libfoo.a
  CMakeFiles/foo.dir/foo.cpp.o && "CMAKE_CXX_COMPILER_RANLIB-NOTFOUND"
  libfoo.a && :

  /bin/sh: 1: CMAKE_CXX_COMPILER_AR-NOTFOUND: not found

  ninja: build stopped: subcommand failed.





-- Configuring done (1.5s)
-- Generating done (1.6s)
-- Build files have been written to: /work/build/roadmap-current-linux-clang18-release-20260929
