loading corpus ...
rows 2138346
tune sample 20000
s1=6 s_l1=6 k3=4 mae   109.01 sat w1 0.0000 l1p 0.0000 l1d 0.0000 w2 0.0000
s1=6 s_l1=6 k3=5 mae   108.47 sat w1 0.0000 l1p 0.0000 l1d 0.0000 w2 0.0000
s1=6 s_l1=6 k3=6 mae   108.43 sat w1 0.0000 l1p 0.0000 l1d 0.0000 w2 0.0000
s1=6 s_l1=6 k3=7 mae   109.04 sat w1 0.0000 l1p 0.0000 l1d 0.0000 w2 0.0430
s1=6 s_l1=6 k3=8 mae   151.37 sat w1 0.0000 l1p 0.0000 l1d 0.0000 w2 0.8125
s1=6 s_l1=7 k3=4 mae    64.79 sat w1 0.0000 l1p 0.0000 l1d 0.0267 w2 0.0000
s1=6 s_l1=7 k3=5 mae    63.56 sat w1 0.0000 l1p 0.0000 l1d 0.0267 w2 0.0000
s1=6 s_l1=7 k3=6 mae    63.48 sat w1 0.0000 l1p 0.0000 l1d 0.0267 w2 0.0000
s1=6 s_l1=7 k3=7 mae    64.43 sat w1 0.0000 l1p 0.0000 l1d 0.0267 w2 0.0430
s1=6 s_l1=7 k3=8 mae   131.14 sat w1 0.0000 l1p 0.0000 l1d 0.0267 w2 0.8125
s1=6 s_l1=8 k3=4 mae    71.55 sat w1 0.0000 l1p 0.0000 l1d 0.3977 w2 0.0000
s1=6 s_l1=8 k3=5 mae    70.51 sat w1 0.0000 l1p 0.0000 l1d 0.3977 w2 0.0000
s1=6 s_l1=8 k3=6 mae    70.52 sat w1 0.0000 l1p 0.0000 l1d 0.3977 w2 0.0000
s1=6 s_l1=8 k3=7 mae    71.18 sat w1 0.0000 l1p 0.0000 l1d 0.3977 w2 0.0430
s1=6 s_l1=8 k3=8 mae   131.26 sat w1 0.0000 l1p 0.0000 l1d 0.3977 w2 0.8125
s1=7 s_l1=6 k3=4 mae    98.78 sat w1 0.0000 l1p 0.0000 l1d 0.0000 w2 0.0000
s1=7 s_l1=6 k3=5 mae    98.02 sat w1 0.0000 l1p 0.0000 l1d 0.0000 w2 0.0000
s1=7 s_l1=6 k3=6 mae    97.82 sat w1 0.0000 l1p 0.0000 l1d 0.0000 w2 0.0000
s1=7 s_l1=6 k3=7 mae    99.12 sat w1 0.0000 l1p 0.0000 l1d 0.0000 w2 0.0430
s1=7 s_l1=6 k3=8 mae   143.99 sat w1 0.0000 l1p 0.0000 l1d 0.0000 w2 0.8125
s1=7 s_l1=7 k3=4 mae    45.05 sat w1 0.0000 l1p 0.0000 l1d 0.0267 w2 0.0000
s1=7 s_l1=7 k3=5 mae    43.81 sat w1 0.0000 l1p 0.0000 l1d 0.0267 w2 0.0000
s1=7 s_l1=7 k3=6 mae    43.68 sat w1 0.0000 l1p 0.0000 l1d 0.0267 w2 0.0000
s1=7 s_l1=7 k3=7 mae    45.25 sat w1 0.0000 l1p 0.0000 l1d 0.0267 w2 0.0430
s1=7 s_l1=7 k3=8 mae   118.73 sat w1 0.0000 l1p 0.0000 l1d 0.0267 w2 0.8125
s1=7 s_l1=8 k3=4 mae    51.57 sat w1 0.0000 l1p 0.0000 l1d 0.3977 w2 0.0000
s1=7 s_l1=8 k3=5 mae    50.61 sat w1 0.0000 l1p 0.0000 l1d 0.3977 w2 0.0000
s1=7 s_l1=8 k3=6 mae    50.66 sat w1 0.0000 l1p 0.0000 l1d 0.3977 w2 0.0000
s1=7 s_l1=8 k3=7 mae    51.90 sat w1 0.0000 l1p 0.0000 l1d 0.3977 w2 0.0430
s1=7 s_l1=8 k3=8 mae   118.55 sat w1 0.0000 l1p 0.0000 l1d 0.3977 w2 0.8125
s1=8 s_l1=6 k3=4 mae   112.38 sat w1 0.0000 l1p 0.0000 l1d 0.0000 w2 0.0000
s1=8 s_l1=6 k3=5 mae   111.73 sat w1 0.0000 l1p 0.0000 l1d 0.0000 w2 0.0000
s1=8 s_l1=6 k3=6 mae   111.47 sat w1 0.0000 l1p 0.0000 l1d 0.0000 w2 0.0000
s1=8 s_l1=6 k3=7 mae   112.59 sat w1 0.0000 l1p 0.0000 l1d 0.0000 w2 0.0430
s1=8 s_l1=6 k3=8 mae   150.00 sat w1 0.0000 l1p 0.0000 l1d 0.0000 w2 0.8125
s1=8 s_l1=7 k3=4 mae    61.43 sat w1 0.0000 l1p 0.0000 l1d 0.0267 w2 0.0000
s1=8 s_l1=7 k3=5 mae    60.61 sat w1 0.0000 l1p 0.0000 l1d 0.0267 w2 0.0000
s1=8 s_l1=7 k3=6 mae    60.45 sat w1 0.0000 l1p 0.0000 l1d 0.0267 w2 0.0000
s1=8 s_l1=7 k3=7 mae    61.95 sat w1 0.0000 l1p 0.0000 l1d 0.0267 w2 0.0430
s1=8 s_l1=7 k3=8 mae   125.16 sat w1 0.0000 l1p 0.0000 l1d 0.0267 w2 0.8125
s1=8 s_l1=8 k3=4 mae    68.63 sat w1 0.0000 l1p 0.0000 l1d 0.3977 w2 0.0000
s1=8 s_l1=8 k3=5 mae    67.94 sat w1 0.0000 l1p 0.0000 l1d 0.3977 w2 0.0000
s1=8 s_l1=8 k3=6 mae    67.94 sat w1 0.0000 l1p 0.0000 l1d 0.3977 w2 0.0000
s1=8 s_l1=8 k3=7 mae    69.34 sat w1 0.0000 l1p 0.0000 l1d 0.3977 w2 0.0430
s1=8 s_l1=8 k3=8 mae   125.70 sat w1 0.0000 l1p 0.0000 l1d 0.3977 w2 0.8125
SELECTED s1=7 s_l1=7 k3=6 mae 43.68 sat (0.0, 0.0, 0.026652018229166668, 0.0)
wrote C:\Users\ntATh\AI test\Koi engine\artifacts\training\koi-v6-reexport-20261007\koi-v6-req.nnue (113351195 bytes) payload f4b79476bd09685687abca695341f338609d6d8b75be353524a104eea10053f5
EXITCODE 0 
