output_directory=C:\Users\ntATh\AI test\Koi engine\artifacts\verification\speed-gate\picker-priority-reuse-20261001-sparse-depth2-5
baseline_executable=C:\Users\ntATh\AI test\Koi engine\artifacts\verification\speed-gate\picker-priority-reuse-20261001-sparse-depth2-5\baseline\koi-bench-baseline.exe
candidate_executable=C:\Users\ntATh\AI test\Koi engine\build\roadmap-visit-win-release\koi-bench.exe
runs=5 threads=1 speed=100 timed=1 fen-file=C:\Users\ntATh\AI test\Koi engine\artifacts\verification\speed-gate\picker-priority-reuse-20261001-sparse-depth2-5\sparse-qsearch-fens.txt depth-sweep=2..5
nps_regression_limit=2.00% row_nps_regression_limit=2.00% min_row_elapsed_ms=20.0
run=1 baseline_nps=297,704 candidate_nps=301,218 order=baseline,candidate
run=2 baseline_nps=296,485 candidate_nps=299,913 order=candidate,baseline
run=3 baseline_nps=295,721 candidate_nps=299,767 order=baseline,candidate
run=4 baseline_nps=292,666 candidate_nps=301,542 order=candidate,baseline
run=5 baseline_nps=296,274 candidate_nps=301,396 order=baseline,candidate
baseline_total_nps=296,274 candidate_total_nps=301,218 delta=1.67%
median_row_nps_delta=1.67% excluded_noise_rows=14
row=fen-001#2 baseline_nps=368600 candidate_nps=368600 nps_delta=0.00% baseline_ms=10 candidate_ms=10
row=fen-001#3 baseline_nps=351951 candidate_nps=351951 nps_delta=0.00% baseline_ms=287 candidate_ms=287
row=fen-001#4 baseline_nps=361154 candidate_nps=369490 nps_delta=2.31% baseline_ms=1773 candidate_ms=1733
row=fen-001#5 baseline_nps=343960 candidate_nps=347904 nps_delta=1.15% baseline_ms=24963 candidate_ms=24680
row=fen-002#2 baseline_nps=386250 candidate_nps=386250 nps_delta=0.00% baseline_ms=4 candidate_ms=4
row=fen-002#3 baseline_nps=389884 candidate_nps=409575 nps_delta=5.05% baseline_ms=104 candidate_ms=99
row=fen-002#4 baseline_nps=394401 candidate_nps=409334 nps_delta=3.79% baseline_ms=466 candidate_ms=449
row=fen-002#5 baseline_nps=364952 candidate_nps=374656 nps_delta=2.66% baseline_ms=5482 candidate_ms=5340
row=fen-003#2 baseline_nps=323000 candidate_nps=323000 nps_delta=0.00% baseline_ms=4 candidate_ms=4
row=fen-003#3 baseline_nps=412448 candidate_nps=390548 nps_delta=-5.31% baseline_ms=107 candidate_ms=113
row=fen-003#4 baseline_nps=339743 candidate_nps=346498 nps_delta=1.99% baseline_ms=872 candidate_ms=855
row=fen-003#5 baseline_nps=414216 candidate_nps=398071 nps_delta=-3.90% baseline_ms=1578 candidate_ms=1642
row=fen-004#2 baseline_nps=340000 candidate_nps=340000 nps_delta=0.00% baseline_ms=1 candidate_ms=1
row=fen-004#3 baseline_nps=496537 candidate_nps=496537 nps_delta=0.00% baseline_ms=54 candidate_ms=54
row=fen-004#4 baseline_nps=365514 candidate_nps=374228 nps_delta=2.38% baseline_ms=816 candidate_ms=797
row=fen-004#5 baseline_nps=424651 candidate_nps=439939 nps_delta=3.60% baseline_ms=3885 candidate_ms=3750
row=fen-005#2 baseline_nps=464759 candidate_nps=464759 nps_delta=0.00% baseline_ms=54 candidate_ms=54
row=fen-005#3 baseline_nps=444692 candidate_nps=453442 nps_delta=1.97% baseline_ms=881 candidate_ms=864
row=fen-005#4 baseline_nps=502412 candidate_nps=510659 nps_delta=1.64% baseline_ms=1548 candidate_ms=1523
row=fen-005#5 baseline_nps=432208 candidate_nps=439972 nps_delta=1.80% baseline_ms=34171 candidate_ms=33568
row=fen-006#2 baseline_nps=255000 candidate_nps=255000 nps_delta=0.00% baseline_ms=1 candidate_ms=1
row=fen-006#3 baseline_nps=342428 candidate_nps=342428 nps_delta=0.00% baseline_ms=14 candidate_ms=14
row=fen-006#4 baseline_nps=376405 candidate_nps=396142 nps_delta=5.24% baseline_ms=281 candidate_ms=267
row=fen-006#5 baseline_nps=342196 candidate_nps=344617 nps_delta=0.71% baseline_ms=4982 candidate_ms=4947
row=fen-007#2 baseline_nps=424800 candidate_nps=424800 nps_delta=0.00% baseline_ms=5 candidate_ms=5
row=fen-007#3 baseline_nps=399111 candidate_nps=401922 nps_delta=0.70% baseline_ms=143 candidate_ms=142
row=fen-007#4 baseline_nps=360128 candidate_nps=376410 nps_delta=4.52% baseline_ms=3306 candidate_ms=3163
row=fen-007#5 baseline_nps=387559 candidate_nps=395824 nps_delta=2.13% baseline_ms=4933 candidate_ms=4830
row=fen-008#2 baseline_nps=523500 candidate_nps=523500 nps_delta=0.00% baseline_ms=2 candidate_ms=2
row=fen-008#3 baseline_nps=494150 candidate_nps=449227 nps_delta=-9.09% baseline_ms=60 candidate_ms=66
row=fen-008#4 baseline_nps=431346 candidate_nps=442610 nps_delta=2.61% baseline_ms=1886 candidate_ms=1838
row=fen-008#5 baseline_nps=499015 candidate_nps=515946 nps_delta=3.39% baseline_ms=3474 candidate_ms=3360
row=fen-009#2 baseline_nps=268000 candidate_nps=268000 nps_delta=0.00% baseline_ms=1 candidate_ms=1
row=fen-009#3 baseline_nps=435857 candidate_nps=435857 nps_delta=0.00% baseline_ms=42 candidate_ms=42
row=fen-009#4 baseline_nps=450321 candidate_nps=454893 nps_delta=1.02% baseline_ms=199 candidate_ms=197
row=fen-009#5 baseline_nps=365216 candidate_nps=400780 nps_delta=9.74% baseline_ms=586 candidate_ms=534
row=fen-010#2 baseline_nps=276888 candidate_nps=276888 nps_delta=0.00% baseline_ms=9 candidate_ms=9
row=fen-010#3 baseline_nps=322777 candidate_nps=326324 nps_delta=1.10% baseline_ms=184 candidate_ms=182
row=fen-010#4 baseline_nps=344145 candidate_nps=341887 nps_delta=-0.66% baseline_ms=1060 candidate_ms=1067
row=fen-010#5 baseline_nps=296882 candidate_nps=305248 nps_delta=2.82% baseline_ms=12187 candidate_ms=11853
row=fen-011#2 baseline_nps=373508 candidate_nps=360847 nps_delta=-3.39% baseline_ms=57 candidate_ms=59
row=fen-011#3 baseline_nps=347243 candidate_nps=346508 nps_delta=-0.21% baseline_ms=943 candidate_ms=945
row=fen-011#4 baseline_nps=397450 candidate_nps=405929 nps_delta=2.13% baseline_ms=1532 candidate_ms=1500
row=fen-011#5 baseline_nps=370030 candidate_nps=383169 nps_delta=3.55% baseline_ms=5512 candidate_ms=5323
row=fen-012#2 baseline_nps=402000 candidate_nps=402000 nps_delta=0.00% baseline_ms=2 candidate_ms=2
row=fen-012#3 baseline_nps=412361 candidate_nps=412361 nps_delta=0.00% baseline_ms=36 candidate_ms=36
row=fen-012#4 baseline_nps=368675 candidate_nps=385481 nps_delta=4.56% baseline_ms=367 candidate_ms=351
row=fen-012#5 baseline_nps=395320 candidate_nps=409119 nps_delta=3.49% baseline_ms=2520 candidate_ms=2435
row=fen-013#2 baseline_nps=384500 candidate_nps=384500 nps_delta=0.00% baseline_ms=10 candidate_ms=10
row=fen-013#3 baseline_nps=351350 candidate_nps=358172 nps_delta=1.94% baseline_ms=420 candidate_ms=412
row=fen-013#4 baseline_nps=333640 candidate_nps=333682 nps_delta=0.01% baseline_ms=7935 candidate_ms=7934
row=fen-013#5 baseline_nps=382494 candidate_nps=388115 nps_delta=1.47% baseline_ms=95146 candidate_ms=93768
row=fen-014#2 baseline_nps=292400 candidate_nps=292400 nps_delta=0.00% baseline_ms=5 candidate_ms=5
row=fen-014#3 baseline_nps=360965 candidate_nps=365162 nps_delta=1.16% baseline_ms=87 candidate_ms=86
row=fen-014#4 baseline_nps=348674 candidate_nps=342324 nps_delta=-1.82% baseline_ms=1186 candidate_ms=1208
row=fen-014#5 baseline_nps=331157 candidate_nps=334693 nps_delta=1.07% baseline_ms=8518 candidate_ms=8428
row=fen-015#2 baseline_nps=266807 candidate_nps=272039 nps_delta=1.96% baseline_ms=52 candidate_ms=51
row=fen-015#3 baseline_nps=305570 candidate_nps=310289 nps_delta=1.54% baseline_ms=789 candidate_ms=777
row=fen-015#4 baseline_nps=299982 candidate_nps=306256 nps_delta=2.09% baseline_ms=16207 candidate_ms=15875
row=fen-015#5 baseline_nps=256327 candidate_nps=260684 nps_delta=1.70% baseline_ms=505327 candidate_ms=496882
row=fen-016#2 baseline_nps=465000 candidate_nps=465000 nps_delta=0.00% baseline_ms=1 candidate_ms=1
row=fen-016#3 baseline_nps=426917 candidate_nps=426917 nps_delta=0.00% baseline_ms=73 candidate_ms=73
row=fen-016#4 baseline_nps=398598 candidate_nps=404723 nps_delta=1.54% baseline_ms=793 candidate_ms=781
row=fen-016#5 baseline_nps=319920 candidate_nps=325850 nps_delta=1.85% baseline_ms=20166 candidate_ms=19799
summary=C:\Users\ntATh\AI test\Koi engine\artifacts\verification\speed-gate\picker-priority-reuse-20261001-sparse-depth2-5\speed-gate.json
result=PASS
