output_directory=C:\Users\ntATh\AI test\Koi engine\artifacts\verification\speed-gate\batch3-diag-picker-revert-20261004\v1-picker-revert
baseline_executable=C:\Users\ntATh\AI test\Koi engine\artifacts\verification\speed-gate\batch3-tt-prefetch-evaluator-picker-20261004-sparse-depth2-5\baseline\koi-bench-baseline.exe
candidate_executable=C:\Users\ntATh\AI test\Koi engine\artifacts\verification\speed-gate\batch3-diag-picker-revert-20261004\v1-picker-revert\koi-bench-v1.exe
runs=2 threads=1 speed=100 timed=1 fen-file=C:\Users\ntATh\AI test\Koi engine\artifacts\verification\speed-gate\batch3-diag-picker-revert-20261004\sparse-qsearch-fens.txt depth-sweep=2..5
nps_regression_limit=2.00% row_nps_regression_limit=2.00% min_row_elapsed_ms=20.0
run=1 baseline_nps=392,017 candidate_nps=383,435 order=baseline,candidate
run=2 baseline_nps=390,803 candidate_nps=383,675 order=candidate,baseline
baseline_total_nps=391,410 candidate_total_nps=383,555 delta=-2.01%
median_row_nps_delta=-1.59% excluded_noise_rows=14
row=fen-001#2 baseline_nps=460750 candidate_nps=460750 nps_delta=0.00% baseline_ms=8 candidate_ms=8
row=fen-001#3 baseline_nps=440300 candidate_nps=419388 nps_delta=-4.75% baseline_ms=230 candidate_ms=241
row=fen-001#4 baseline_nps=462647 candidate_nps=442984 nps_delta=-4.25% baseline_ms=1384 candidate_ms=1446
row=fen-001#5 baseline_nps=438540 candidate_nps=434698 nps_delta=-0.88% baseline_ms=19574 candidate_ms=19743
row=fen-002#2 baseline_nps=450625 candidate_nps=450625 nps_delta=0.00% baseline_ms=4 candidate_ms=4
row=fen-002#3 baseline_nps=526597 candidate_nps=526597 nps_delta=0.00% baseline_ms=77 candidate_ms=77
row=fen-002#4 baseline_nps=531931 candidate_nps=525843 nps_delta=-1.14% baseline_ms=346 candidate_ms=350
row=fen-002#5 baseline_nps=493424 candidate_nps=487282 nps_delta=-1.24% baseline_ms=4052 candidate_ms=4103
row=fen-003#2 baseline_nps=430666 candidate_nps=430666 nps_delta=0.00% baseline_ms=3 candidate_ms=3
row=fen-003#3 baseline_nps=510213 candidate_nps=504382 nps_delta=-1.14% baseline_ms=86 candidate_ms=88
row=fen-003#4 baseline_nps=439772 candidate_nps=433972 nps_delta=-1.32% baseline_ms=674 candidate_ms=682
row=fen-003#5 baseline_nps=525281 candidate_nps=519023 nps_delta=-1.19% baseline_ms=1244 candidate_ms=1259
row=fen-004#2 baseline_nps=340000 candidate_nps=340000 nps_delta=0.00% baseline_ms=1 candidate_ms=1
row=fen-004#3 baseline_nps=630863 candidate_nps=623441 nps_delta=-1.18% baseline_ms=42 candidate_ms=43
row=fen-004#4 baseline_nps=496486 candidate_nps=481652 nps_delta=-2.99% baseline_ms=600 candidate_ms=619
row=fen-004#5 baseline_nps=572252 candidate_nps=559895 nps_delta=-2.16% baseline_ms=2923 candidate_ms=2988
row=fen-005#2 baseline_nps=583534 candidate_nps=576903 nps_delta=-1.14% baseline_ms=43 candidate_ms=44
row=fen-005#3 baseline_nps=570476 candidate_nps=563090 nps_delta=-1.29% baseline_ms=686 candidate_ms=696
row=fen-005#4 baseline_nps=637830 candidate_nps=630582 nps_delta=-1.14% baseline_ms=1218 candidate_ms=1232
row=fen-005#5 baseline_nps=554605 candidate_nps=552546 nps_delta=-0.37% baseline_ms=26772 candidate_ms=26868
row=fen-006#2 baseline_nps=255000 candidate_nps=255000 nps_delta=0.00% baseline_ms=1 candidate_ms=1
row=fen-006#3 baseline_nps=435818 candidate_nps=435818 nps_delta=0.00% baseline_ms=11 candidate_ms=11
row=fen-006#4 baseline_nps=505134 candidate_nps=499138 nps_delta=-1.19% baseline_ms=208 candidate_ms=210
row=fen-006#5 baseline_nps=454256 candidate_nps=449400 nps_delta=-1.07% baseline_ms=3698 candidate_ms=3738
row=fen-007#2 baseline_nps=531000 candidate_nps=531000 nps_delta=0.00% baseline_ms=4 candidate_ms=4
row=fen-007#3 baseline_nps=523605 candidate_nps=514171 nps_delta=-1.80% baseline_ms=109 candidate_ms=111
row=fen-007#4 baseline_nps=484642 candidate_nps=476873 nps_delta=-1.60% baseline_ms=2455 candidate_ms=2495
row=fen-007#5 baseline_nps=513866 candidate_nps=506096 nps_delta=-1.51% baseline_ms=3712 candidate_ms=3770
row=fen-008#2 baseline_nps=523500 candidate_nps=523500 nps_delta=0.00% baseline_ms=2 candidate_ms=2
row=fen-008#3 baseline_nps=630489 candidate_nps=630489 nps_delta=0.00% baseline_ms=47 candidate_ms=47
row=fen-008#4 baseline_nps=564538 candidate_nps=562764 nps_delta=-0.31% baseline_ms=1426 candidate_ms=1430
row=fen-008#5 baseline_nps=637304 candidate_nps=632876 nps_delta=-0.69% baseline_ms=2573 candidate_ms=2591
row=fen-009#2 baseline_nps=268000 candidate_nps=268000 nps_delta=0.00% baseline_ms=1 candidate_ms=1
row=fen-009#3 baseline_nps=554727 candidate_nps=546569 nps_delta=-1.47% baseline_ms=33 candidate_ms=34
row=fen-009#4 baseline_nps=577025 candidate_nps=567872 nps_delta=-1.59% baseline_ms=155 candidate_ms=158
row=fen-009#5 baseline_nps=512184 candidate_nps=503148 nps_delta=-1.76% baseline_ms=418 candidate_ms=425
row=fen-010#2 baseline_nps=356000 candidate_nps=356000 nps_delta=0.00% baseline_ms=7 candidate_ms=7
row=fen-010#3 baseline_nps=420113 candidate_nps=414237 nps_delta=-1.40% baseline_ms=141 candidate_ms=143
row=fen-010#4 baseline_nps=450992 candidate_nps=444118 nps_delta=-1.52% baseline_ms=808 candidate_ms=820
row=fen-010#5 baseline_nps=400862 candidate_nps=393761 nps_delta=-1.77% baseline_ms=8458 candidate_ms=8610
row=fen-011#2 baseline_nps=500986 candidate_nps=489466 nps_delta=-2.30% baseline_ms=42 candidate_ms=44
row=fen-011#3 baseline_nps=465699 candidate_nps=457240 nps_delta=-1.82% baseline_ms=703 candidate_ms=716
row=fen-011#4 baseline_nps=527322 candidate_nps=518562 nps_delta=-1.66% baseline_ms=1154 candidate_ms=1174
row=fen-011#5 baseline_nps=501609 candidate_nps=491010 nps_delta=-2.11% baseline_ms=4076 candidate_ms=4164
row=fen-012#2 baseline_nps=402000 candidate_nps=402000 nps_delta=0.00% baseline_ms=2 candidate_ms=2
row=fen-012#3 baseline_nps=530071 candidate_nps=530071 nps_delta=0.00% baseline_ms=28 candidate_ms=28
row=fen-012#4 baseline_nps=491449 candidate_nps=477420 nps_delta=-2.85% baseline_ms=272 candidate_ms=280
row=fen-012#5 baseline_nps=519346 candidate_nps=510362 nps_delta=-1.73% baseline_ms=1904 candidate_ms=1938
row=fen-013#2 baseline_nps=480625 candidate_nps=480625 nps_delta=0.00% baseline_ms=8 candidate_ms=8
row=fen-013#3 baseline_nps=449996 candidate_nps=440626 nps_delta=-2.08% baseline_ms=329 candidate_ms=336
row=fen-013#4 baseline_nps=439052 candidate_nps=427760 nps_delta=-2.57% baseline_ms=6063 candidate_ms=6223
row=fen-013#5 baseline_nps=497326 candidate_nps=486086 nps_delta=-2.26% baseline_ms=81150 candidate_ms=83026
row=fen-014#2 baseline_nps=365500 candidate_nps=365500 nps_delta=0.00% baseline_ms=4 candidate_ms=4
row=fen-014#3 baseline_nps=468716 candidate_nps=461823 nps_delta=-1.47% baseline_ms=67 candidate_ms=68
row=fen-014#4 baseline_nps=466411 candidate_nps=458139 nps_delta=-1.77% baseline_ms=886 candidate_ms=902
row=fen-014#5 baseline_nps=443402 candidate_nps=434736 nps_delta=-1.95% baseline_ms=6372 candidate_ms=6498
row=fen-015#2 baseline_nps=346850 candidate_nps=342620 nps_delta=-1.22% baseline_ms=40 candidate_ms=40
row=fen-015#3 baseline_nps=397184 candidate_nps=387294 nps_delta=-2.49% baseline_ms=607 candidate_ms=622
row=fen-015#4 baseline_nps=394692 candidate_nps=386480 nps_delta=-2.08% baseline_ms=12317 candidate_ms=12578
row=fen-015#5 baseline_nps=338436 candidate_nps=331205 nps_delta=-2.14% baseline_ms=382774 candidate_ms=391125
row=fen-016#2 baseline_nps=465000 candidate_nps=465000 nps_delta=0.00% baseline_ms=1 candidate_ms=1
row=fen-016#3 baseline_nps=556464 candidate_nps=546701 nps_delta=-1.75% baseline_ms=56 candidate_ms=57
row=fen-016#4 baseline_nps=523050 candidate_nps=512419 nps_delta=-2.03% baseline_ms=602 candidate_ms=615
row=fen-016#5 baseline_nps=443581 candidate_nps=431878 nps_delta=-2.64% baseline_ms=13948 candidate_ms=14326
