id name Koi Engine
id author Koi Engine contributors
option name RandomSeed type spin default 0 min 0 max 2147483647
option name Hash type spin default 512 min 1 max 4096
option name Threads type spin default 1 min 1 max 8
option name Speed type spin default 100 min 1 max 100
option name UCI_AnalyseMode type check default false
option name MultiPV type spin default 1 min 1 max 16
option name Ponder type check default false
option name OwnBook type check default true
option name BookFile type string default book.bin
option name BookDepth type spin default 16 min 0 max 40
option name BookRandom type check default false
option name BookSafety type check default true
option name BookSafetyDepth type spin default 2 min 0 max 3
option name Clear Hash type button
option name UCI_ShowWDL type check default false
option name Move Overhead type spin default 10 min 0 max 5000
option name Slow Mover type spin default 100 min 10 max 1000
option name UCI_LimitStrength type check default false
option name UCI_Elo type spin default 1320 min 1320 max 3190
option name StrengthMode type check default false
option name SyzygyPath type string default 
option name SyzygyProbeDepth type spin default 1 min 1 max 100
option name SyzygyProbeLimit type spin default 5 min 0 max 7
option name Syzygy50MoveRule type check default true
uciok
readyok
readyok
info depth 1 seldepth 1 multipv 1 score cp 102 nodes 23 nps 23 time 0 pv b1c3
info depth 2 seldepth 8 multipv 1 score cp 0 nodes 182 nps 60666 time 3 pv g1f3 b8c6
info depth 3 seldepth 8 multipv 1 score cp 102 nodes 325 nps 65000 time 5 pv g1f3 b8c6 b1c3
info depth 4 seldepth 12 multipv 1 score cp 0 nodes 1595 nps 63800 time 25 pv b1c3 b8c6 g1f3
bestmove b1c3
info depth 1 seldepth 1 multipv 1 score cp 0 nodes 21 nps 21 time 0 pv b8c6
info depth 2 seldepth 1 multipv 1 score cp -44 nodes 42 nps 42 time 0 pv b8c6
info depth 3 seldepth 1 multipv 1 score cp -44 nodes 63 nps 63 time 0 pv b8c6
info depth 4 seldepth 6 multipv 1 score cp -44 nodes 162 nps 81000 time 2 pv b8c6
info depth 5 seldepth 15 multipv 1 score cp 0 nodes 4809 nps 57250 time 84 pv b8c6 g1f3 g8f6 d2d4 d7d5
bestmove b8c6
info depth 1 seldepth 11 multipv 1 score cp 134 nodes 464 nps 58000 time 8 pv g1f3
info depth 2 seldepth 11 multipv 1 score cp 35 nodes 567 nps 56700 time 10 pv e2e4
info depth 3 seldepth 11 multipv 1 score cp 76 nodes 998 nps 55444 time 18 pv d2d4 b8c6 g1f3
info depth 4 seldepth 11 multipv 1 score cp 2 nodes 4449 nps 54256 time 82 pv e2e4 g8f6 d1f3 d5e4
bestmove e2e4
info depth 1 seldepth 11 multipv 1 score cp -21 nodes 161 nps 53666 time 3 pv d8d6
info depth 2 seldepth 11 multipv 1 score cp -76 nodes 243 nps 48600 time 5 pv b8c6 g1f3
info depth 3 seldepth 11 multipv 1 score cp 0 nodes 304 nps 50666 time 6 pv b8c6 g1f3 g8f6
info depth 4 seldepth 18 multipv 1 score cp -60 nodes 3349 nps 53158 time 63 pv b8c6 g1f3 g8f6 d1d3
bestmove b8c6
info depth 1 seldepth 11 multipv 1 score cp 102 nodes 159 nps 53000 time 3 pv g1f3
info depth 2 seldepth 11 multipv 1 score cp 60 nodes 189 nps 63000 time 3 pv g1f3 b8c6
info depth 3 seldepth 11 multipv 1 score cp 60 nodes 479 nps 47900 time 10 pv g1f3 b8c6
bestmove g1f3
info depth 1 seldepth 7 multipv 1 score cp -14 nodes 112 nps 56000 time 2 pv b8c6
info depth 2 seldepth 7 multipv 1 score cp -14 nodes 142 nps 47333 time 3 pv b8c6
info depth 3 seldepth 7 multipv 1 score cp -14 nodes 172 nps 57333 time 3 pv b8c6
bestmove b8c6
info depth 1 seldepth 14 multipv 1 score cp 111 nodes 973 nps 46333 time 21 pv d4c5 b8c6
info depth 2 seldepth 14 multipv 1 score cp 111 nodes 1391 nps 43468 time 32 pv d4c5
info depth 3 seldepth 14 multipv 1 score cp 171 nodes 2640 nps 41904 time 63 pv d4c5 b8c6 d1d3
bestmove d4c5
info depth 1 seldepth 13 multipv 1 score cp -111 nodes 667 nps 39235 time 17 pv b8c6
info depth 2 seldepth 13 multipv 1 score cp -171 nodes 731 nps 40611 time 18 pv b8c6
info depth 3 seldepth 13 multipv 1 score cp -108 nodes 1722 nps 35875 time 48 pv b8c6 d1d3 d8a5
bestmove b8c6
info depth 1 seldepth 10 multipv 1 score cp 167 nodes 967 nps 46047 time 21 pv c1g5
info depth 2 seldepth 10 multipv 1 score cp 104 nodes 1120 nps 46666 time 24 pv d1d3
info depth 3 seldepth 10 multipv 1 score cp 124 nodes 2177 nps 38875 time 56 pv c1e3 c8f5 e3g5
bestmove c1e3
info depth 1 seldepth 14 multipv 1 score cp -92 nodes 547 nps 39071 time 14 pv d8c7
info depth 2 seldepth 14 multipv 1 score cp -96 nodes 795 nps 37857 time 21 pv e7e5 d4c6
info depth 3 seldepth 14 multipv 1 score cp -65 nodes 2125 nps 34836 time 61 pv d8a5 d4c6 b7c6
bestmove d8a5
info depth 1 seldepth 13 multipv 1 score cp 96 nodes 707 nps 39277 time 18 pv d4c6
info depth 2 seldepth 13 multipv 1 score cp 96 nodes 742 nps 39052 time 19 pv d4c6
info depth 3 seldepth 13 multipv 1 score cp 142 nodes 1915 nps 34818 time 55 pv d4c6 b7c6 c1e3
bestmove d4c6
info depth 1 seldepth 15 multipv 1 score cp -142 nodes 723 nps 36150 time 20 pv b7c6
info depth 2 seldepth 15 multipv 1 score cp -142 nodes 758 nps 36095 time 21 pv b7c6
info depth 3 seldepth 15 multipv 1 score cp -76 nodes 1916 nps 39916 time 48 pv b7c6 c1e3 d5d4
bestmove b7c6
info depth 1 seldepth 14 multipv 1 score cp 142 nodes 809 nps 50562 time 16 pv c1e3
info depth 2 seldepth 14 multipv 1 score cp 57 nodes 1089 nps 49500 time 22 pv c1e3 f6e4 c3e4
info depth 3 seldepth 14 multipv 1 score cp 57 nodes 1583 nps 46558 time 34 pv c1e3 f6e4
bestmove c1e3
info depth 1 seldepth 11 multipv 1 score cp 31 nodes 1124 nps 44960 time 25 pv e5f4 d1d3 d8a5
info depth 2 seldepth 11 multipv 1 score cp 31 nodes 1230 nps 45555 time 27 pv e5f4 d1d3
info depth 3 seldepth 11 multipv 1 score cp 31 nodes 2355 nps 49062 time 48 pv e5f4 d1d3
bestmove e5f4
info depth 1 seldepth 14 multipv 1 score cp 9 nodes 2780 nps 48771 time 57 pv f4e5 f6e4 c3e4
bestmove f4e5
info depth 1 seldepth 14 multipv 1 score cp -9 nodes 717 nps 47800 time 15 pv f6e4
info depth 2 seldepth 14 multipv 1 score cp -9 nodes 1318 nps 48814 time 27 pv f6e4
info depth 3 seldepth 14 multipv 1 score cp -13 nodes 4439 nps 54134 time 82 pv f6g4 e2e4 c5f2
bestmove f6g4
info depth 1 seldepth 16 multipv 1 score cp 13 nodes 1877 nps 49394 time 38 pv e2e4
info depth 2 seldepth 16 multipv 1 score cp 13 nodes 1905 nps 48846 time 39 pv e2e4
bestmove e2e4
info depth 1 seldepth 19 multipv 1 score cp 74 nodes 3734 nps 48493 time 77 pv d8a5 f1d3
bestmove d8a5
info depth 1 seldepth 19 multipv 1 score cp -51 nodes 4141 nps 49297 time 84 pv f1d3
bestmove f1d3
bestmove g4e3
info depth 1 seldepth 13 multipv 1 score cp 50 nodes 804 nps 53600 time 15 pv g2g3 h4h6
info depth 2 seldepth 13 multipv 1 score cp -11 nodes 1560 nps 48750 time 32 pv g2g3 h4d8 e1g1
bestmove g2g3
info depth 1 seldepth 13 multipv 1 score cp 57 nodes 1091 nps 41961 time 26 pv h4g5 h1f1 g5e5
info depth 2 seldepth 13 multipv 1 score cp 57 nodes 1446 nps 45187 time 32 pv h4g5 h1f1
info depth 3 seldepth 15 multipv 1 score cp 57 nodes 3260 nps 44657 time 73 pv h4g5 h1f1
bestmove h4g5
bestmove d3f1
info depth 1 seldepth 12 multipv 1 score cp 6 nodes 1485 nps 42428 time 35 pv h3h5
info depth 2 seldepth 12 multipv 1 score cp 6 nodes 1644 nps 43263 time 38 pv h3h5
bestmove h3h5
info depth 1 seldepth 14 multipv 1 score cp -123 nodes 1850 nps 40217 time 46 pv a2a3 g4e5
bestmove a2a3
bestmove g4e5
bestmove d1d5
bestmove c5e3
info depth 1 seldepth 17 multipv 1 score cp 30 nodes 4495 nps 52267 time 86 pv d5a8
bestmove d5a8
info depth 1 seldepth 13 multipv 1 score cp 218 nodes 3503 nps 41211 time 85 pv h6e3 f1e2 c8e6
bestmove h6e3
info depth 1 seldepth 1 multipv 1 score cp -218 nodes 3 nps 3 time 0 pv f1e2
info depth 2 seldepth 14 multipv 1 score cp -259 nodes 2169 nps 45187 time 48 pv f1e2 c8e6
bestmove f1e2
info depth 1 seldepth 13 multipv 1 score cp 259 nodes 1668 nps 47657 time 35 pv c8e6
info depth 2 seldepth 13 multipv 1 score cp 259 nodes 1981 nps 48317 time 41 pv c8e6
bestmove c8e6
info depth 1 seldepth 1 multipv 1 score cp -188 nodes 3 nps 3 time 0 pv e1d2
info depth 2 seldepth 15 multipv 1 score cp -255 nodes 3600 nps 53731 time 67 pv e1d2 c8f5 d5d6
bestmove e1d2
info depth 1 seldepth 15 multipv 1 score cp 174 nodes 3277 nps 52015 time 63 pv c8e6
bestmove c8e6
bestmove d5b7
bestmove f8d8
info depth 1 seldepth 13 multipv 1 score cp -120 nodes 1520 nps 56296 time 27 pv d2c1 f2e2
bestmove d2c1
info depth 1 seldepth 13 multipv 1 score cp 290 nodes 2013 nps 46813 time 43 pv f2e2
bestmove f2e2
info depth 1 seldepth 15 multipv 1 score cp -290 nodes 4557 nps 67014 time 68 pv a2a3
bestmove a2a3
info depth 1 seldepth 12 multipv 1 score cp 347 nodes 4301 nps 60577 time 71 pv g4f2
bestmove g4f2
bestmove b7e4
bestmove e2c2
info depth 1 seldepth 13 multipv 1 score cp -454 nodes 4763 nps 69028 time 69 pv b2a3 c2c3 a3a4
bestmove b2a3
bestmove c2c5
