id name Koi Engine
id author Koi Engine contributors
option name RandomSeed type spin default 0 min 0 max 2147483647
option name Hash type spin default 512 min 1 max 4096
option name Threads type spin default 1 min 1 max 8
option name Speed type spin default 100 min 1 max 100
option name UCI_AnalyseMode type check default false
option name MultiPV type spin default 1 min 1 max 16
option name Ponder type check default false
option name OwnBook type check default true
option name BookFile type string default book.bin
option name BookDepth type spin default 16 min 0 max 40
option name BookRandom type check default false
option name BookSafety type check default true
option name BookSafetyDepth type spin default 2 min 0 max 3
option name Clear Hash type button
option name UCI_ShowWDL type check default false
option name Move Overhead type spin default 10 min 0 max 5000
option name Slow Mover type spin default 100 min 10 max 1000
option name UCI_LimitStrength type check default false
option name UCI_Elo type spin default 1320 min 1320 max 3190
option name StrengthMode type check default false
option name SyzygyPath type string default 
option name SyzygyProbeDepth type spin default 1 min 1 max 100
option name SyzygyProbeLimit type spin default 5 min 0 max 7
option name Syzygy50MoveRule type check default true
uciok
readyok
readyok
info depth 1 seldepth 1 multipv 1 score cp 102 nodes 23 nps 23 time 0 pv b1c3
info depth 2 seldepth 8 multipv 1 score cp 0 nodes 182 nps 60666 time 3 pv g1f3 b8c6
info depth 3 seldepth 8 multipv 1 score cp 102 nodes 325 nps 65000 time 5 pv g1f3 b8c6 b1c3
info depth 4 seldepth 12 multipv 1 score cp 0 nodes 1595 nps 61346 time 26 pv b1c3 b8c6 g1f3
bestmove b1c3
info depth 1 seldepth 1 multipv 1 score cp 0 nodes 21 nps 21 time 0 pv b8c6
info depth 2 seldepth 1 multipv 1 score cp -44 nodes 42 nps 42 time 0 pv b8c6
info depth 3 seldepth 1 multipv 1 score cp -44 nodes 63 nps 63000 time 1 pv b8c6
info depth 4 seldepth 6 multipv 1 score cp -44 nodes 162 nps 81000 time 2 pv b8c6
bestmove b8c6
info depth 1 seldepth 11 multipv 1 score cp 134 nodes 464 nps 58000 time 8 pv g1f3
info depth 2 seldepth 11 multipv 1 score cp 35 nodes 567 nps 63000 time 9 pv e2e4
info depth 3 seldepth 11 multipv 1 score cp 76 nodes 998 nps 55444 time 18 pv d2d4 b8c6 g1f3
bestmove d2d4
info depth 1 seldepth 11 multipv 1 score cp -21 nodes 161 nps 32200 time 5 pv d8d6
info depth 2 seldepth 11 multipv 1 score cp -76 nodes 243 nps 40500 time 6 pv b8c6 g1f3
info depth 3 seldepth 11 multipv 1 score cp 0 nodes 304 nps 43428 time 7 pv b8c6 g1f3 g8f6
info depth 4 seldepth 18 multipv 1 score cp -60 nodes 3349 nps 41345 time 81 pv b8c6 g1f3 g8f6 d1d3
bestmove b8c6
info depth 1 seldepth 11 multipv 1 score cp 102 nodes 159 nps 31800 time 5 pv g1f3
info depth 2 seldepth 11 multipv 1 score cp 60 nodes 189 nps 37800 time 5 pv g1f3 b8c6
info depth 3 seldepth 11 multipv 1 score cp 60 nodes 479 nps 31933 time 15 pv g1f3 b8c6
bestmove g1f3
info depth 1 seldepth 7 multipv 1 score cp -14 nodes 112 nps 56000 time 2 pv b8c6
info depth 2 seldepth 7 multipv 1 score cp -14 nodes 142 nps 47333 time 3 pv b8c6
info depth 3 seldepth 7 multipv 1 score cp -14 nodes 172 nps 57333 time 3 pv b8c6
bestmove b8c6
info depth 1 seldepth 14 multipv 1 score cp 111 nodes 973 nps 46333 time 21 pv d4c5 b8c6
info depth 2 seldepth 14 multipv 1 score cp 111 nodes 1391 nps 46366 time 30 pv d4c5
info depth 3 seldepth 14 multipv 1 score cp 171 nodes 2640 nps 45517 time 58 pv d4c5 b8c6 d1d3
bestmove d4c5
info depth 1 seldepth 13 multipv 1 score cp -111 nodes 667 nps 39235 time 17 pv b8c6
info depth 2 seldepth 13 multipv 1 score cp -171 nodes 731 nps 40611 time 18 pv b8c6
info depth 3 seldepth 13 multipv 1 score cp -108 nodes 1722 nps 34440 time 50 pv b8c6 d1d3 d8a5
bestmove b8c6
info depth 1 seldepth 10 multipv 1 score cp 167 nodes 967 nps 42043 time 23 pv c1g5
info depth 2 seldepth 10 multipv 1 score cp 104 nodes 1120 nps 41481 time 27 pv d1d3
info depth 3 seldepth 10 multipv 1 score cp 124 nodes 2126 nps 39370 time 54 pv c1e3 c8f5
bestmove c1e3
info depth 1 seldepth 11 multipv 1 score cp -92 nodes 508 nps 42333 time 12 pv d8c7
info depth 2 seldepth 11 multipv 1 score cp -96 nodes 756 nps 42000 time 18 pv e7e5 d4c6
info depth 3 seldepth 11 multipv 1 score cp -65 nodes 2082 nps 41640 time 50 pv d8a5 d4c6 b7c6
bestmove d8a5
info depth 1 seldepth 13 multipv 1 score cp 96 nodes 707 nps 41588 time 17 pv d4c6
info depth 2 seldepth 13 multipv 1 score cp 96 nodes 742 nps 41222 time 18 pv d4c6
info depth 3 seldepth 13 multipv 1 score cp 142 nodes 1913 nps 37509 time 51 pv d4c6 b7c6 c1e3
bestmove d4c6
info depth 1 seldepth 15 multipv 1 score cp -142 nodes 724 nps 32909 time 22 pv b7c6 c1e3
info depth 2 seldepth 15 multipv 1 score cp -142 nodes 761 nps 31708 time 24 pv b7c6 c1e3
info depth 3 seldepth 15 multipv 1 score cp -76 nodes 1814 nps 34884 time 52 pv b7c6 c1e3 d5d4
bestmove b7c6
info depth 1 seldepth 14 multipv 1 score cp 142 nodes 985 nps 31774 time 31 pv c1e3
info depth 2 seldepth 14 multipv 1 score cp 57 nodes 1265 nps 34189 time 37 pv c1e3 f6e4 c3e4
info depth 3 seldepth 14 multipv 1 score cp 57 nodes 1857 nps 35711 time 52 pv c1e3 f6e4
bestmove c1e3
info depth 1 seldepth 11 multipv 1 score cp 35 nodes 1065 nps 44375 time 24 pv e5f4 h2h3
info depth 2 seldepth 11 multipv 1 score cp 35 nodes 1130 nps 45200 time 25 pv e5f4
info depth 3 seldepth 11 multipv 1 score cp 55 nodes 2493 nps 47037 time 53 pv e5f4 c1f4 f8c5
bestmove e5f4
info depth 1 seldepth 14 multipv 1 score cp 9 nodes 2620 nps 44406 time 59 pv f4e5 f6e4 c3e4
bestmove f4e5
info depth 1 seldepth 10 multipv 1 score cp -9 nodes 614 nps 47230 time 13 pv f6e4
info depth 2 seldepth 10 multipv 1 score cp -9 nodes 658 nps 47000 time 14 pv f6e4
bestmove f6e4
info depth 1 seldepth 16 multipv 1 score cp 13 nodes 1877 nps 44690 time 42 pv e2e4
info depth 2 seldepth 16 multipv 1 score cp 13 nodes 1905 nps 44302 time 43 pv e2e4
bestmove e2e4
info depth 1 seldepth 19 multipv 1 score cp 73 nodes 3702 nps 43046 time 86 pv d8c7
bestmove d8c7
bestmove d1d3
info depth 1 seldepth 14 multipv 1 score cp 34 nodes 3978 nps 46255 time 86 pv g4e3
bestmove g4e3
info depth 1 seldepth 13 multipv 1 score cp 50 nodes 804 nps 50250 time 16 pv g2g3 h4h6
info depth 2 seldepth 13 multipv 1 score cp -11 nodes 1560 nps 44571 time 35 pv g2g3 h4d8 e1g1
bestmove g2g3
info depth 1 seldepth 11 multipv 1 score cp 51 nodes 749 nps 37450 time 20 pv h4e7
info depth 2 seldepth 11 multipv 1 score cp 51 nodes 791 nps 37666 time 21 pv h4e7
info depth 3 seldepth 15 multipv 1 score cp 57 nodes 2765 nps 42538 time 65 pv h4g5 h1f1 g5e5
bestmove h4g5
bestmove d3f1
info depth 1 seldepth 12 multipv 1 score cp 6 nodes 1485 nps 39078 time 38 pv h3h5
info depth 2 seldepth 12 multipv 1 score cp 6 nodes 1644 nps 39142 time 42 pv h3h5
bestmove h3h5
info depth 1 seldepth 14 multipv 1 score cp -123 nodes 1909 nps 47725 time 40 pv a2a3 g4e5
info depth 2 seldepth 14 multipv 1 score cp -74 nodes 3028 nps 46584 time 65 pv f1d3 f8e8 c1d2
bestmove f1d3
bestmove g4e5
bestmove d1d5
bestmove c5e3
bestmove d5a8
info depth 1 seldepth 13 multipv 1 score cp 218 nodes 3503 nps 44341 time 79 pv h6e3 f1e2 c8e6
bestmove h6e3
info depth 1 seldepth 1 multipv 1 score cp -218 nodes 3 nps 3 time 0 pv f1e2
info depth 2 seldepth 14 multipv 1 score cp -259 nodes 2169 nps 47152 time 46 pv f1e2 c8e6
bestmove f1e2
info depth 1 seldepth 13 multipv 1 score cp 259 nodes 1668 nps 29263 time 57 pv c8e6
bestmove c8e6
info depth 1 seldepth 1 multipv 1 score cp -188 nodes 3 nps 3 time 0 pv e1d2
bestmove e1d2
info depth 1 seldepth 15 multipv 1 score cp 179 nodes 3438 nps 53718 time 64 pv c8e6
bestmove c8e6
bestmove d5b7
bestmove f8d8
info depth 1 seldepth 13 multipv 1 score cp -120 nodes 1520 nps 63333 time 24 pv d2c1 f2e2
info depth 2 seldepth 14 multipv 1 score cp -290 nodes 4872 nps 58000 time 84 pv d2c1 f2e2 a2a3
bestmove d2c1
info depth 1 seldepth 13 multipv 1 score cp 290 nodes 2013 nps 47928 time 42 pv f2e2
info depth 2 seldepth 13 multipv 1 score cp 290 nodes 2058 nps 47860 time 43 pv f2e2
bestmove f2e2
info depth 1 seldepth 15 multipv 1 score cp -290 nodes 4515 nps 64500 time 70 pv a2a3
bestmove a2a3
info depth 1 seldepth 12 multipv 1 score cp 347 nodes 4301 nps 57346 time 75 pv g4f2
bestmove g4f2
bestmove b7c6
bestmove e2c2
info depth 1 seldepth 13 multipv 1 score cp -454 nodes 4763 nps 67084 time 71 pv b2a3 c2c3 a3a4
bestmove b2a3
bestmove c2c5
