id name Koi Engine
id author Koi Engine contributors
option name RandomSeed type spin default 0 min 0 max 2147483647
option name Hash type spin default 512 min 1 max 4096
option name Threads type spin default 1 min 1 max 8
option name Speed type spin default 100 min 1 max 100
option name UCI_AnalyseMode type check default false
option name MultiPV type spin default 1 min 1 max 16
option name Ponder type check default false
option name OwnBook type check default true
option name BookFile type string default book.bin
option name BookDepth type spin default 16 min 0 max 40
option name BookRandom type check default false
option name BookSafety type check default true
option name BookSafetyDepth type spin default 2 min 0 max 3
option name Clear Hash type button
option name UCI_ShowWDL type check default false
option name Move Overhead type spin default 10 min 0 max 5000
option name Slow Mover type spin default 100 min 10 max 1000
option name UCI_LimitStrength type check default false
option name UCI_Elo type spin default 1320 min 1320 max 3190
option name StrengthMode type check default false
option name SyzygyPath type string default 
option name SyzygyProbeDepth type spin default 1 min 1 max 100
option name SyzygyProbeLimit type spin default 5 min 0 max 7
option name Syzygy50MoveRule type check default true
uciok
readyok
readyok
info depth 1 seldepth 1 multipv 1 score cp 102 nodes 23 nps 23 time 0 pv b1c3
info depth 2 seldepth 8 multipv 1 score cp 0 nodes 182 nps 60666 time 3 pv g1f3 b8c6
info depth 3 seldepth 8 multipv 1 score cp 102 nodes 325 nps 65000 time 5 pv g1f3 b8c6 b1c3
info depth 4 seldepth 12 multipv 1 score cp 0 nodes 1595 nps 59074 time 27 pv b1c3 b8c6 g1f3
bestmove b1c3
info depth 1 seldepth 1 multipv 1 score cp 0 nodes 21 nps 21 time 0 pv b8c6
info depth 2 seldepth 1 multipv 1 score cp -44 nodes 42 nps 42 time 0 pv b8c6
info depth 3 seldepth 1 multipv 1 score cp -44 nodes 63 nps 63000 time 1 pv b8c6
info depth 4 seldepth 6 multipv 1 score cp -44 nodes 162 nps 81000 time 2 pv b8c6
bestmove b8c6
info depth 1 seldepth 11 multipv 1 score cp 134 nodes 464 nps 58000 time 8 pv g1f3
info depth 2 seldepth 11 multipv 1 score cp 35 nodes 567 nps 56700 time 10 pv e2e4
info depth 3 seldepth 11 multipv 1 score cp 76 nodes 998 nps 52526 time 19 pv d2d4 b8c6 g1f3
bestmove d2d4
info depth 1 seldepth 11 multipv 1 score cp -21 nodes 161 nps 53666 time 3 pv d8d6
info depth 2 seldepth 11 multipv 1 score cp -76 nodes 243 nps 48600 time 5 pv b8c6 g1f3
info depth 3 seldepth 11 multipv 1 score cp 0 nodes 304 nps 43428 time 7 pv b8c6 g1f3 g8f6
info depth 4 seldepth 18 multipv 1 score cp -60 nodes 3349 nps 49985 time 67 pv b8c6 g1f3 g8f6 d1d3
bestmove b8c6
info depth 1 seldepth 11 multipv 1 score cp 102 nodes 159 nps 53000 time 3 pv g1f3
info depth 2 seldepth 11 multipv 1 score cp 60 nodes 189 nps 63000 time 3 pv g1f3 b8c6
info depth 3 seldepth 11 multipv 1 score cp 60 nodes 479 nps 47900 time 10 pv g1f3 b8c6
bestmove g1f3
info depth 1 seldepth 7 multipv 1 score cp -14 nodes 112 nps 37333 time 3 pv b8c6
info depth 2 seldepth 7 multipv 1 score cp -14 nodes 142 nps 47333 time 3 pv b8c6
info depth 3 seldepth 7 multipv 1 score cp -14 nodes 172 nps 57333 time 3 pv b8c6
bestmove b8c6
info depth 1 seldepth 14 multipv 1 score cp 111 nodes 973 nps 44227 time 22 pv d4c5 b8c6
info depth 2 seldepth 14 multipv 1 score cp 111 nodes 1391 nps 43468 time 32 pv d4c5
info depth 3 seldepth 14 multipv 1 score cp 171 nodes 2640 nps 43278 time 61 pv d4c5 b8c6 d1d3
bestmove d4c5
info depth 1 seldepth 13 multipv 1 score cp -111 nodes 667 nps 44466 time 15 pv b8c6
info depth 2 seldepth 13 multipv 1 score cp -171 nodes 731 nps 45687 time 16 pv b8c6
info depth 3 seldepth 13 multipv 1 score cp -108 nodes 1722 nps 42000 time 41 pv b8c6 d1d3 d8a5
bestmove b8c6
info depth 1 seldepth 10 multipv 1 score cp 167 nodes 1058 nps 44083 time 24 pv c1g5
info depth 2 seldepth 10 multipv 1 score cp 124 nodes 1140 nps 43846 time 26 pv c1e3
info depth 3 seldepth 10 multipv 1 score cp 124 nodes 1755 nps 40813 time 43 pv c1e3
bestmove c1e3
info depth 1 seldepth 8 multipv 1 score cp -92 nodes 421 nps 42100 time 10 pv d8c7
info depth 2 seldepth 13 multipv 1 score cp -96 nodes 784 nps 39200 time 20 pv e7e5 d4c6
info depth 3 seldepth 13 multipv 1 score cp -65 nodes 1864 nps 39659 time 47 pv d8a5 d4c6 b7c6
bestmove d8a5
info depth 1 seldepth 13 multipv 1 score cp 96 nodes 743 nps 39105 time 19 pv d4c6 b7c6
info depth 2 seldepth 13 multipv 1 score cp 96 nodes 861 nps 39136 time 22 pv d4c6
info depth 3 seldepth 13 multipv 1 score cp 142 nodes 1974 nps 35250 time 56 pv d4c6 b7c6 c1e3
bestmove d4c6
info depth 1 seldepth 15 multipv 1 score cp -142 nodes 723 nps 40166 time 18 pv b7c6
info depth 2 seldepth 15 multipv 1 score cp -142 nodes 758 nps 39894 time 19 pv b7c6
info depth 3 seldepth 15 multipv 1 score cp -76 nodes 1916 nps 41652 time 46 pv b7c6 c1e3 d5d4
bestmove b7c6
info depth 1 seldepth 14 multipv 1 score cp 142 nodes 821 nps 45611 time 18 pv c1e3
info depth 2 seldepth 14 multipv 1 score cp 57 nodes 1101 nps 44040 time 25 pv c1e3 f6e4 c3e4
info depth 3 seldepth 14 multipv 1 score cp 57 nodes 1595 nps 43108 time 37 pv c1e3 f6e4
bestmove c1e3
info depth 1 seldepth 11 multipv 1 score cp 31 nodes 1124 nps 43230 time 26 pv e5f4 d1d3 d8a5
info depth 2 seldepth 11 multipv 1 score cp 31 nodes 1230 nps 43928 time 28 pv e5f4 d1d3
info depth 3 seldepth 11 multipv 1 score cp 31 nodes 2355 nps 47100 time 50 pv e5f4 d1d3
bestmove e5f4
info depth 1 seldepth 14 multipv 1 score cp 9 nodes 2780 nps 47118 time 59 pv f4e5 f6e4 c3e4
bestmove f4e5
info depth 1 seldepth 14 multipv 1 score cp -9 nodes 717 nps 47800 time 15 pv f6e4
info depth 2 seldepth 14 multipv 1 score cp -9 nodes 1318 nps 47071 time 28 pv f6e4
info depth 3 seldepth 14 multipv 1 score cp -13 nodes 4439 nps 52223 time 85 pv f6g4 e2e4 c5f2
bestmove f6g4
info depth 1 seldepth 16 multipv 1 score cp 13 nodes 1877 nps 44690 time 42 pv e2e4
info depth 2 seldepth 16 multipv 1 score cp 13 nodes 1905 nps 44302 time 43 pv e2e4
bestmove e2e4
info depth 1 seldepth 19 multipv 1 score cp 74 nodes 3734 nps 47871 time 78 pv d8a5 f1d3
bestmove d8a5
bestmove d1d3
bestmove g4e3
info depth 1 seldepth 13 multipv 1 score cp 50 nodes 804 nps 47294 time 17 pv g2g3 h4h6
info depth 2 seldepth 13 multipv 1 score cp -11 nodes 1560 nps 45882 time 34 pv g2g3 h4d8 e1g1
bestmove g2g3
info depth 1 seldepth 11 multipv 1 score cp 51 nodes 791 nps 37666 time 21 pv h4e7
info depth 2 seldepth 11 multipv 1 score cp 51 nodes 833 nps 37863 time 22 pv h4e7
info depth 3 seldepth 15 multipv 1 score cp 57 nodes 2850 nps 41304 time 69 pv h4g5 h1f1 g5e5
bestmove h4g5
bestmove d3f1
info depth 1 seldepth 12 multipv 1 score cp 6 nodes 1485 nps 41250 time 36 pv h3h5
info depth 2 seldepth 12 multipv 1 score cp 6 nodes 1644 nps 41100 time 40 pv h3h5
bestmove h3h5
info depth 1 seldepth 14 multipv 1 score cp -123 nodes 1850 nps 45121 time 41 pv a2a3 g4e5
info depth 2 seldepth 14 multipv 1 score cp -74 nodes 2055 nps 45666 time 45 pv f1d3
bestmove f1d3
bestmove g4e5
bestmove d1d5
bestmove c5e3
info depth 1 seldepth 17 multipv 1 score cp 30 nodes 4425 nps 51453 time 86 pv d5a8
bestmove d5a8
info depth 1 seldepth 13 multipv 1 score cp 218 nodes 3503 nps 47986 time 73 pv h6e3 f1e2 c8e6
bestmove h6e3
info depth 1 seldepth 1 multipv 1 score cp -218 nodes 3 nps 3 time 0 pv f1e2
info depth 2 seldepth 14 multipv 1 score cp -259 nodes 2169 nps 50441 time 43 pv f1e2 c8e6
bestmove f1e2
info depth 1 seldepth 13 multipv 1 score cp 259 nodes 1668 nps 43894 time 38 pv c8e6
info depth 2 seldepth 13 multipv 1 score cp 259 nodes 1981 nps 44022 time 45 pv c8e6
bestmove c8e6
info depth 1 seldepth 1 multipv 1 score cp -188 nodes 3 nps 3 time 0 pv e1d2
info depth 2 seldepth 15 multipv 1 score cp -255 nodes 3673 nps 47701 time 77 pv e1d2 c8f5 d5d6
bestmove e1d2
info depth 1 seldepth 15 multipv 1 score cp 174 nodes 3277 nps 47492 time 69 pv c8e6
bestmove c8e6
bestmove d5b7
bestmove f8d8
info depth 1 seldepth 13 multipv 1 score cp -120 nodes 1520 nps 52413 time 29 pv d2c1 f2e2
bestmove d2c1
info depth 1 seldepth 13 multipv 1 score cp 290 nodes 2013 nps 40260 time 50 pv f2e2
bestmove f2e2
info depth 1 seldepth 15 multipv 1 score cp -290 nodes 4557 nps 67014 time 68 pv a2a3
bestmove a2a3
info depth 1 seldepth 12 multipv 1 score cp 347 nodes 4301 nps 58917 time 73 pv g4f2
bestmove g4f2
bestmove b7c6
bestmove e2c2
info depth 1 seldepth 13 multipv 1 score cp -454 nodes 4763 nps 68042 time 70 pv b2a3 c2c3 a3a4
bestmove b2a3
bestmove c2c5
