id name Koi Engine
id author Koi Engine contributors
option name RandomSeed type spin default 0 min 0 max 2147483647
option name Hash type spin default 512 min 1 max 4096
option name Threads type spin default 1 min 1 max 8
option name Speed type spin default 100 min 1 max 100
option name UCI_AnalyseMode type check default false
option name MultiPV type spin default 1 min 1 max 16
option name Ponder type check default false
option name OwnBook type check default true
option name BookFile type string default book.bin
option name BookDepth type spin default 16 min 0 max 40
option name BookRandom type check default false
option name BookSafety type check default true
option name BookSafetyDepth type spin default 2 min 0 max 3
option name Clear Hash type button
option name UCI_ShowWDL type check default false
option name Move Overhead type spin default 10 min 0 max 5000
option name Slow Mover type spin default 100 min 10 max 1000
option name UCI_LimitStrength type check default false
option name UCI_Elo type spin default 1320 min 1320 max 3190
option name StrengthMode type check default false
option name SyzygyPath type string default 
option name SyzygyProbeDepth type spin default 1 min 1 max 100
option name SyzygyProbeLimit type spin default 5 min 0 max 7
option name Syzygy50MoveRule type check default true
uciok
readyok
readyok
info depth 1 seldepth 1 multipv 1 score cp 102 nodes 23 nps 23 time 0 pv b1c3
info depth 2 seldepth 8 multipv 1 score cp 0 nodes 182 nps 60666 time 3 pv g1f3 b8c6
info depth 3 seldepth 8 multipv 1 score cp 102 nodes 325 nps 65000 time 5 pv g1f3 b8c6 b1c3
info depth 4 seldepth 12 multipv 1 score cp 0 nodes 1595 nps 55000 time 29 pv b1c3 b8c6 g1f3
bestmove b1c3
info depth 1 seldepth 1 multipv 1 score cp 0 nodes 21 nps 21 time 0 pv b8c6
info depth 2 seldepth 1 multipv 1 score cp -44 nodes 42 nps 42 time 0 pv b8c6
info depth 3 seldepth 1 multipv 1 score cp -44 nodes 63 nps 63000 time 1 pv b8c6
info depth 4 seldepth 6 multipv 1 score cp -44 nodes 162 nps 54000 time 3 pv b8c6
bestmove b8c6
info depth 1 seldepth 11 multipv 1 score cp 134 nodes 463 nps 51444 time 9 pv g1f3
info depth 2 seldepth 11 multipv 1 score cp 35 nodes 595 nps 49583 time 12 pv e2e4
info depth 3 seldepth 11 multipv 1 score cp 60 nodes 1414 nps 48758 time 29 pv d2d3 d5d4 c3e4
bestmove d2d3
info depth 1 seldepth 11 multipv 1 score cp 0 nodes 155 nps 31000 time 5 pv b8c6
info depth 2 seldepth 11 multipv 1 score cp 0 nodes 183 nps 36600 time 5 pv b8c6
info depth 3 seldepth 11 multipv 1 score cp 0 nodes 211 nps 35166 time 6 pv b8c6
info depth 4 seldepth 18 multipv 1 score cp -60 nodes 3297 nps 44554 time 74 pv b8c6 g1f3 g8f6 d1d3
bestmove b8c6
info depth 1 seldepth 11 multipv 1 score cp 102 nodes 159 nps 53000 time 3 pv g1f3
info depth 2 seldepth 11 multipv 1 score cp 60 nodes 189 nps 47250 time 4 pv g1f3 b8c6
info depth 3 seldepth 11 multipv 1 score cp 60 nodes 418 nps 41800 time 10 pv g1f3 b8c6
bestmove g1f3
info depth 1 seldepth 7 multipv 1 score cp -14 nodes 112 nps 37333 time 3 pv b8c6
info depth 2 seldepth 7 multipv 1 score cp -14 nodes 142 nps 35500 time 4 pv b8c6
info depth 3 seldepth 7 multipv 1 score cp -14 nodes 172 nps 43000 time 4 pv b8c6
bestmove b8c6
info depth 1 seldepth 14 multipv 1 score cp 111 nodes 973 nps 37423 time 26 pv d4c5 b8c6
info depth 2 seldepth 14 multipv 1 score cp 111 nodes 1391 nps 34775 time 40 pv d4c5
info depth 3 seldepth 14 multipv 1 score cp 171 nodes 2640 nps 34285 time 77 pv d4c5 b8c6 d1d3
bestmove d4c5
info depth 1 seldepth 13 multipv 1 score cp -111 nodes 667 nps 33350 time 20 pv b8c6
info depth 2 seldepth 13 multipv 1 score cp -171 nodes 731 nps 33227 time 22 pv b8c6
info depth 3 seldepth 13 multipv 1 score cp -108 nodes 1722 nps 33764 time 51 pv b8c6 d1d3 d8a5
bestmove b8c6
info depth 1 seldepth 10 multipv 1 score cp 167 nodes 967 nps 38680 time 25 pv c1g5
info depth 2 seldepth 10 multipv 1 score cp 104 nodes 1120 nps 38620 time 29 pv d1d3
info depth 3 seldepth 10 multipv 1 score cp 124 nodes 2177 nps 34015 time 64 pv c1e3 c8f5 e3g5
bestmove c1e3
info depth 1 seldepth 14 multipv 1 score cp -92 nodes 547 nps 32176 time 17 pv d8c7
info depth 2 seldepth 14 multipv 1 score cp -96 nodes 795 nps 30576 time 26 pv e7e5 d4c6
info depth 3 seldepth 14 multipv 1 score cp -65 nodes 2125 nps 32692 time 65 pv d8a5 d4c6 b7c6
bestmove d8a5
info depth 1 seldepth 13 multipv 1 score cp 96 nodes 707 nps 32136 time 22 pv d4c6
info depth 2 seldepth 13 multipv 1 score cp 96 nodes 742 nps 30916 time 24 pv d4c6
info depth 3 seldepth 13 multipv 1 score cp 142 nodes 1915 nps 25533 time 75 pv d4c6 b7c6 c1e3
bestmove d4c6
info depth 1 seldepth 15 multipv 1 score cp -142 nodes 723 nps 34428 time 21 pv b7c6
info depth 2 seldepth 15 multipv 1 score cp -142 nodes 758 nps 34454 time 22 pv b7c6
info depth 3 seldepth 15 multipv 1 score cp -76 nodes 1916 nps 34836 time 55 pv b7c6 c1e3 d5d4
bestmove b7c6
info depth 1 seldepth 14 multipv 1 score cp 142 nodes 985 nps 41041 time 24 pv c1e3
info depth 2 seldepth 14 multipv 1 score cp 85 nodes 1305 nps 40781 time 32 pv c1e3 c8g4 a1c1
info depth 3 seldepth 14 multipv 1 score cp 112 nodes 2556 nps 38727 time 66 pv c1e3 a8b8 a1b1
bestmove c1e3
info depth 1 seldepth 11 multipv 1 score cp 35 nodes 1070 nps 41153 time 26 pv e5f4 h2h3
info depth 2 seldepth 11 multipv 1 score cp 35 nodes 1137 nps 40607 time 28 pv e5f4
info depth 3 seldepth 11 multipv 1 score cp 55 nodes 2500 nps 43859 time 57 pv e5f4 c1f4 f8c5
bestmove e5f4
info depth 1 seldepth 14 multipv 1 score cp 9 nodes 2734 nps 42718 time 64 pv f4e5 f6e4 c3e4
bestmove f4e5
info depth 1 seldepth 14 multipv 1 score cp -9 nodes 717 nps 44812 time 16 pv f6e4
info depth 2 seldepth 14 multipv 1 score cp -9 nodes 1318 nps 43933 time 30 pv f6e4
bestmove f6e4
info depth 1 seldepth 16 multipv 1 score cp 13 nodes 1877 nps 42659 time 44 pv e2e4
bestmove e2e4
info depth 1 seldepth 19 multipv 1 score cp 73 nodes 3638 nps 42302 time 86 pv d8c7
bestmove d8c7
bestmove d1d3
bestmove g4e3
info depth 1 seldepth 13 multipv 1 score cp 50 nodes 804 nps 47294 time 17 pv g2g3 h4h6
info depth 2 seldepth 13 multipv 1 score cp -11 nodes 1560 nps 43333 time 36 pv g2g3 h4d8 e1g1
bestmove g2g3
info depth 1 seldepth 11 multipv 1 score cp 51 nodes 754 nps 27925 time 27 pv h4e7 e1g1
info depth 2 seldepth 11 multipv 1 score cp 51 nodes 802 nps 28642 time 28 pv h4e7 e1g1
bestmove h4e7
bestmove d3f1
info depth 1 seldepth 12 multipv 1 score cp 6 nodes 1485 nps 40135 time 37 pv h3h5
info depth 2 seldepth 12 multipv 1 score cp 6 nodes 1644 nps 40097 time 41 pv h3h5
bestmove h3h5
info depth 1 seldepth 15 multipv 1 score cp -123 nodes 2402 nps 43672 time 55 pv a2a3 g4e5
bestmove a2a3
bestmove g4e5
bestmove d1d5
bestmove c5e3
bestmove d5a8
bestmove h6e3
info depth 1 seldepth 17 multipv 1 score cp -121 nodes 1620 nps 57857 time 28 pv f1e2 c8f5
info depth 2 seldepth 17 multipv 1 score cp -188 nodes 3579 nps 52632 time 68 pv f1e2 e3f2 e1d2 c8e6
bestmove f1e2
info depth 1 seldepth 15 multipv 1 score cp 188 nodes 1973 nps 46976 time 42 pv e3f2
info depth 2 seldepth 15 multipv 1 score cp 188 nodes 2094 nps 47590 time 44 pv e3f2
bestmove e3f2
info depth 1 seldepth 14 multipv 1 score cp -302 nodes 1825 nps 48026 time 38 pv e1d2 c8a6 c2c4
info depth 2 seldepth 14 multipv 1 score cp -302 nodes 2698 nps 44229 time 61 pv e1d2 c8a6
bestmove e1d2
info depth 1 seldepth 15 multipv 1 score cp 179 nodes 3524 nps 41458 time 85 pv c8e6
bestmove c8e6
bestmove d5b7
bestmove f8d8
info depth 1 seldepth 13 multipv 1 score cp -120 nodes 1520 nps 52413 time 29 pv d2c1 f2e2
bestmove d2c1
info depth 1 seldepth 13 multipv 1 score cp 290 nodes 2013 nps 43760 time 46 pv f2e2
bestmove f2e2
info depth 1 seldepth 15 multipv 1 score cp -290 nodes 4557 nps 66043 time 69 pv a2a3
bestmove a2a3
info depth 1 seldepth 12 multipv 1 score cp 347 nodes 4301 nps 60577 time 71 pv g4f2
bestmove g4f2
bestmove b7c6
bestmove e2c2
info depth 1 seldepth 13 multipv 1 score cp -454 nodes 4763 nps 65246 time 73 pv b2a3 c2c3 a3a4
bestmove b2a3
bestmove c2c5
