Koi benchmark
config threads 1 speed 100 timed 0 hash cold
position mate_in_one depth 2 nodes 28 qnodes 38 tt_hits 0 score 99999 expected f7e8 move f7e8 match 1
position mate_02 depth 2 nodes 42 qnodes 66 tt_hits 0 score 99999 expected f7g7 move a1a8 match 1
position mate_03 depth 2 nodes 37 qnodes 80 tt_hits 0 score 99999 expected f5f8 move f5c8 match 1
position mate_04 depth 2 nodes 34 qnodes 69 tt_hits 0 score 99999 expected e2e8 move e2e8 match 1
position mate_05 depth 2 nodes 45 qnodes 158 tt_hits 1 score 99999 expected e7b7 move e7b7 match 1
position mate_06 depth 2 nodes 30 qnodes 70 tt_hits 0 score 99999 expected f1f8 move f1f8 match 1
position black_mate depth 2 nodes 28 qnodes 38 tt_hits 0 score 99999 expected c2a2 move c2a2 match 1
position check_01 depth 2 nodes 34 qnodes 84 tt_hits 1 score 99999 expected e2e7 move e2e7 match 1
position check_02 depth 2 nodes 59 qnodes 3107 tt_hits 145 score 1 expected d2d7 move d2d7 match 1
position check_03 depth 2 nodes 75 qnodes 2109 tt_hits 65 score 0 expected f2f7 move f2f7 match 1
position check_04 depth 2 nodes 254 qnodes 13475 tt_hits 140 score 1 expected d2d7 move d2d7 match 1
position check_05 depth 2 nodes 45 qnodes 1346 tt_hits 58 score 0 expected c2c7 move c2c7 match 1
position check_06 depth 2 nodes 32 qnodes 127 tt_hits 20 score 1 expected b2g7 move b2g7 match 1
position check_07 depth 2 nodes 38 qnodes 5122 tt_hits 150 score 0 expected d5f6 move d5f6 match 1
position evasion_01 depth 2 nodes 90 qnodes 827 tt_hits 40 score -1 expected e1d2 move e1f2 match 1
position evasion_02 depth 2 nodes 47 qnodes 393 tt_hits 33 score -1 expected h1g2 move h1g1 match 1
position evasion_03 depth 2 nodes 79 qnodes 134 tt_hits 17 score 1 expected e1f2 move e1d1 match 1
position evasion_04 depth 2 nodes 95 qnodes 5805 tt_hits 269 score -1 expected e1d1 move e1f1 match 1
position evasion_05 depth 2 nodes 79 qnodes 1256 tt_hits 86 score -1 expected a1b2 move a1b1 match 1
position evasion_06 depth 2 nodes 81 qnodes 317 tt_hits 18 score 1 expected e4f3 move e4d4 match 1
position evasion_07 depth 2 nodes 91 qnodes 1445 tt_hits 25 score 0 expected d1c2 move d1e1 match 0
position fork depth 3 nodes 944 qnodes 31288 tt_hits 1470 score 0 expected c3d5 move c3d5 match 1
position fork_02 depth 3 nodes 2991 qnodes 408212 tt_hits 2007 score 0 expected e4d6 move e4f2 match 0
position fork_03 depth 3 nodes 4540 qnodes 266500 tt_hits 5704 score 0 expected f3e5 move a1a2 match 0
position fork_04 depth 3 nodes 11594 qnodes 372066 tt_hits 5394 score 0 expected b3d4 move b3d4 match 1
position fork_05 depth 3 nodes 350 qnodes 30051 tt_hits 3075 score 0 expected g3f5 move g3f5 match 1
position fork_06 depth 3 nodes 757 qnodes 140105 tt_hits 14403 score -99994 expected c3d5 move c3d5 match 1
position fork_07 depth 3 nodes 211 qnodes 11042 tt_hits 1127 score 0 expected h3f4 move h3f4 match 1
position pinned_queen depth 2 nodes 60 qnodes 1285 tt_hits 49 score 1 expected e1e7 move e1e7 match 1
position pin_02 depth 2 nodes 125 qnodes 1240 tt_hits 65 score 0 expected a1a7 move a1a7 match 1
position pin_03 depth 2 nodes 63 qnodes 971 tt_hits 15 score 0 expected b1g6 move b1g6 match 1
position pin_04 depth 2 nodes 29 qnodes 222 tt_hits 10 score 0 expected h1b7 move h1b7 match 1
position pin_05 depth 2 nodes 30 qnodes 29 tt_hits 1 score 99999 expected d1d7 move d1d7 match 1
position pin_06 depth 2 nodes 142 qnodes 3910 tt_hits 102 score 0 expected h1h7 move h1h7 match 1
position pin_07 depth 2 nodes 35 qnodes 52 tt_hits 0 score 99999 expected a1a7 move a1a7 match 1
position poisoned_capture_01 depth 2 nodes 92 qnodes 3630 tt_hits 160 score 0 expected c4d5 move c4a2 match 0
position poisoned_capture_02 depth 2 nodes 90 qnodes 4172 tt_hits 237 score 0 expected c4d5 move c4a2 match 0
position poisoned_capture_03 depth 2 nodes 197 qnodes 6171 tt_hits 271 score 0 expected c1c7 move c1c7 match 1
position poisoned_capture_04 depth 2 nodes 334 qnodes 39645 tt_hits 749 score -1 expected b2e5 move b2e5 match 1
position poisoned_capture_05 depth 2 nodes 56 qnodes 2152 tt_hits 40 score -1 expected c3d5 move c3d5 match 1
position poisoned_capture_06 depth 2 nodes 85 qnodes 15092 tt_hits 471 score 0 expected c4g4 move c4e4 match 0
position poisoned_capture_07 depth 2 nodes 281 qnodes 19463 tt_hits 479 score -1 expected c4d4 move c4d4 match 1
position queen_capture depth 2 nodes 132 qnodes 11298 tt_hits 493 score 1 expected e4d5 move e4a4 match 0
position promotion depth 2 nodes 36 qnodes 1147 tt_hits 29 score 1 expected a7a8q move a7a8q match 1
position promotion_02 depth 2 nodes 36 qnodes 1076 tt_hits 26 score 1 expected h7h8q move h7h8q match 1
position promotion_03 depth 2 nodes 45 qnodes 1779 tt_hits 30 score 1 expected a7b8q move a7b8q match 1
position promotion_04 depth 2 nodes 16 qnodes 661 tt_hits 41 score 1 expected f7f8q move e1d1 match 0
position promotion_05 depth 2 nodes 36 qnodes 1262 tt_hits 42 score 1 expected a2a1q move a2a1q match 1
position promotion_06 depth 2 nodes 36 qnodes 1021 tt_hits 34 score 1 expected h2h1q move h2h1q match 1
position promotion_07 depth 2 nodes 53 qnodes 2070 tt_hits 37 score 1 expected c2b1q move c2b1q match 1
position recapture depth 2 nodes 20 qnodes 109 tt_hits 7 score 1 expected e3d4 move e1d2 match 0
position defense_02 depth 2 nodes 29 qnodes 84 tt_hits 11 score 0 expected c3d4 move c3d4 match 1
position defense_03 depth 2 nodes 33 qnodes 121 tt_hits 22 score 1 expected f3e4 move e1e2 match 0
position defense_04 depth 2 nodes 43 qnodes 437 tt_hits 15 score 0 expected c3d5 move c3a2 match 0
position defense_05 depth 2 nodes 40 qnodes 213 tt_hits 29 score 1 expected e6d5 move e8d7 match 0
position defense_06 depth 2 nodes 38 qnodes 177 tt_hits 26 score 0 expected c6d4 move e5e4 match 0
position defense_07 depth 2 nodes 8 qnodes 100 tt_hits 7 score -1 expected g7d4 move g7d4 match 1
position pawn_race_01 depth 2 nodes 19 qnodes 331 tt_hits 27 score 0 expected a7a8q move a7a8q match 1
position pawn_race_02 depth 2 nodes 31 qnodes 5654 tt_hits 616 score 1 expected h2h1q move h2h1q match 1
position pawn_race_03 depth 2 nodes 17 qnodes 312 tt_hits 14 score 1 expected a7a8q move a7a8q match 1
position pawn_race_04 depth 2 nodes 30 qnodes 1153 tt_hits 56 score 0 expected d2d1q move d2d1q match 1
position pawn_race_05 depth 2 nodes 19 qnodes 1020 tt_hits 26 score 1 expected b7b8q move b7b8q match 1
position pawn_race_06 depth 2 nodes 16 qnodes 645 tt_hits 25 score 1 expected g2g1q move g2g1q match 1
position pawn_race_07 depth 2 nodes 25 qnodes 1591 tt_hits 78 score 1 expected e7e8q move e7e8q match 1
