loaded 40000 rows (47 own, 47 opp, pad 47) in 0.00s
epoch 1/6 train_loss 3.60973 val_loss 4.17550 val_mae_cp 417.55 time 17.8s
epoch 2/6 train_loss 3.60945 val_loss 4.17281 val_mae_cp 417.28 time 19.2s
epoch 3/6 train_loss 3.60998 val_loss 4.17199 val_mae_cp 417.20 time 17.3s
epoch 4/6 train_loss 3.60892 val_loss 4.17296 val_mae_cp 417.30 time 18.5s
epoch 5/6 train_loss 3.60829 val_loss 4.17350 val_mae_cp 417.35 time 18.8s
epoch 6/6 train_loss 3.60734 val_loss 4.17400 val_mae_cp 417.40 time 20.7s
quantization v5 s1=6 s_l1=6 k3=12 val_mae_cp 417.14
quantization v5 s1=6 s_l1=6 k3=14 val_mae_cp 417.11
quantization v5 s1=6 s_l1=6 k3=16 val_mae_cp 417.11
quantization v5 s1=6 s_l1=6 k3=18 val_mae_cp 417.11
quantization v5 s1=6 s_l1=6 k3=20 val_mae_cp 417.11
quantization v5 s1=6 s_l1=7 k3=12 val_mae_cp 417.12
quantization v5 s1=6 s_l1=7 k3=14 val_mae_cp 417.11
quantization v5 s1=6 s_l1=7 k3=16 val_mae_cp 417.12
quantization v5 s1=6 s_l1=7 k3=18 val_mae_cp 417.11
quantization v5 s1=6 s_l1=7 k3=20 val_mae_cp 417.11
quantization v5 s1=6 s_l1=8 k3=12 val_mae_cp 417.19
quantization v5 s1=6 s_l1=8 k3=14 val_mae_cp 417.13
quantization v5 s1=6 s_l1=8 k3=16 val_mae_cp 417.11
quantization v5 s1=6 s_l1=8 k3=18 val_mae_cp 417.11
quantization v5 s1=6 s_l1=8 k3=20 val_mae_cp 417.11
quantization v5 s1=7 s_l1=6 k3=12 val_mae_cp 417.14
quantization v5 s1=7 s_l1=6 k3=14 val_mae_cp 417.11
quantization v5 s1=7 s_l1=6 k3=16 val_mae_cp 417.11
quantization v5 s1=7 s_l1=6 k3=18 val_mae_cp 417.11
quantization v5 s1=7 s_l1=6 k3=20 val_mae_cp 417.11
quantization v5 s1=7 s_l1=7 k3=12 val_mae_cp 417.13
quantization v5 s1=7 s_l1=7 k3=14 val_mae_cp 417.11
quantization v5 s1=7 s_l1=7 k3=16 val_mae_cp 417.12
quantization v5 s1=7 s_l1=7 k3=18 val_mae_cp 417.11
quantization v5 s1=7 s_l1=7 k3=20 val_mae_cp 417.11
quantization v5 s1=7 s_l1=8 k3=12 val_mae_cp 417.19
quantization v5 s1=7 s_l1=8 k3=14 val_mae_cp 417.13
quantization v5 s1=7 s_l1=8 k3=16 val_mae_cp 417.11
quantization v5 s1=7 s_l1=8 k3=18 val_mae_cp 417.11
quantization v5 s1=7 s_l1=8 k3=20 val_mae_cp 417.11
quantization v5 s1=8 s_l1=6 k3=12 val_mae_cp 417.14
quantization v5 s1=8 s_l1=6 k3=14 val_mae_cp 417.11
quantization v5 s1=8 s_l1=6 k3=16 val_mae_cp 417.11
quantization v5 s1=8 s_l1=6 k3=18 val_mae_cp 417.11
quantization v5 s1=8 s_l1=6 k3=20 val_mae_cp 417.11
quantization v5 s1=8 s_l1=7 k3=12 val_mae_cp 417.13
quantization v5 s1=8 s_l1=7 k3=14 val_mae_cp 417.11
quantization v5 s1=8 s_l1=7 k3=16 val_mae_cp 417.12
quantization v5 s1=8 s_l1=7 k3=18 val_mae_cp 417.11
quantization v5 s1=8 s_l1=7 k3=20 val_mae_cp 417.11
quantization v5 s1=8 s_l1=8 k3=12 val_mae_cp 417.19
quantization v5 s1=8 s_l1=8 k3=14 val_mae_cp 417.12
quantization v5 s1=8 s_l1=8 k3=16 val_mae_cp 417.11
quantization v5 s1=8 s_l1=8 k3=18 val_mae_cp 417.11
quantization v5 s1=8 s_l1=8 k3=20 val_mae_cp 417.11
selected v5 s1=7 s_l1=7 k3=14 val_mae_cp 417.11
wrote artifacts\training\wp48\koi-v5-smoke2.nnue (37767707 bytes) and artifacts\training\wp48\koi-v5-smoke2.json
