output_directory=C:\Users\ntATh\AI test\Koi engine\artifacts\verification\speed-gate\metadata-fill-20261002-sparse-depth2-5
baseline_executable=C:\Users\ntATh\AI test\Koi engine\artifacts\verification\speed-gate\metadata-fill-20261002-sparse-depth2-5\baseline\koi-bench-baseline.exe
candidate_executable=C:\Users\ntATh\AI test\Koi engine\build\roadmap-visit-win-release\koi-bench.exe
runs=5 threads=1 speed=100 timed=1 fen-file=C:\Users\ntATh\AI test\Koi engine\artifacts\verification\speed-gate\metadata-fill-20261002-sparse-depth2-5\sparse-qsearch-fens.txt depth-sweep=2..5
nps_regression_limit=2.00% row_nps_regression_limit=2.00% min_row_elapsed_ms=20.0
run=1 baseline_nps=246,509 candidate_nps=252,140 order=baseline,candidate
run=2 baseline_nps=270,864 candidate_nps=259,193 order=candidate,baseline
run=3 baseline_nps=318,754 candidate_nps=328,127 order=baseline,candidate
run=4 baseline_nps=332,150 candidate_nps=303,063 order=candidate,baseline
run=5 baseline_nps=324,886 candidate_nps=332,910 order=baseline,candidate
baseline_total_nps=318,754 candidate_total_nps=303,063 delta=-4.92%
median_row_nps_delta=-2.89% excluded_noise_rows=14
row=fen-001#2 baseline_nps=409555 candidate_nps=409555 nps_delta=0.00% baseline_ms=9 candidate_ms=9
row=fen-001#3 baseline_nps=362043 candidate_nps=367309 nps_delta=1.45% baseline_ms=279 candidate_ms=275
row=fen-001#4 baseline_nps=384811 candidate_nps=393079 nps_delta=2.15% baseline_ms=1664 candidate_ms=1629
row=fen-001#5 baseline_nps=370913 candidate_nps=357091 nps_delta=-3.73% baseline_ms=23149 candidate_ms=24045
row=fen-002#2 baseline_nps=386250 candidate_nps=386250 nps_delta=0.00% baseline_ms=4 candidate_ms=4
row=fen-002#3 baseline_nps=413755 candidate_nps=422375 nps_delta=2.08% baseline_ms=98 candidate_ms=96
row=fen-002#4 baseline_nps=420574 candidate_nps=410247 nps_delta=-2.46% baseline_ms=437 candidate_ms=448
row=fen-002#5 baseline_nps=408299 candidate_nps=395466 nps_delta=-3.14% baseline_ms=4900 candidate_ms=5059
row=fen-003#2 baseline_nps=430666 candidate_nps=323000 nps_delta=-25.00% baseline_ms=3 candidate_ms=4
row=fen-003#3 baseline_nps=432666 candidate_nps=416339 nps_delta=-3.77% baseline_ms=102 candidate_ms=106
row=fen-003#4 baseline_nps=370320 candidate_nps=356934 nps_delta=-3.61% baseline_ms=800 candidate_ms=830
row=fen-003#5 baseline_nps=450781 candidate_nps=431440 nps_delta=-4.29% baseline_ms=1450 candidate_ms=1515
row=fen-004#2 baseline_nps=340000 candidate_nps=340000 nps_delta=0.00% baseline_ms=1 candidate_ms=1
row=fen-004#3 baseline_nps=547204 candidate_nps=515634 nps_delta=-5.77% baseline_ms=49 candidate_ms=52
row=fen-004#4 baseline_nps=420084 candidate_nps=391931 nps_delta=-6.70% baseline_ms=710 candidate_ms=761
row=fen-004#5 baseline_nps=477088 candidate_nps=464462 nps_delta=-2.65% baseline_ms=3458 candidate_ms=3552
row=fen-005#2 baseline_nps=492098 candidate_nps=501940 nps_delta=2.00% baseline_ms=51 candidate_ms=50
row=fen-005#3 baseline_nps=472016 candidate_nps=497175 nps_delta=5.33% baseline_ms=830 candidate_ms=788
row=fen-005#4 baseline_nps=514374 candidate_nps=549247 nps_delta=6.78% baseline_ms=1512 candidate_ms=1416
row=fen-005#5 baseline_nps=463486 candidate_nps=483469 nps_delta=4.31% baseline_ms=31865 candidate_ms=30548
row=fen-006#2 baseline_nps=255000 candidate_nps=255000 nps_delta=0.00% baseline_ms=1 candidate_ms=1
row=fen-006#3 baseline_nps=368769 candidate_nps=368769 nps_delta=0.00% baseline_ms=13 candidate_ms=13
row=fen-006#4 baseline_nps=419722 candidate_nps=418063 nps_delta=-0.40% baseline_ms=252 candidate_ms=253
row=fen-006#5 baseline_nps=363889 candidate_nps=378933 nps_delta=4.13% baseline_ms=4685 candidate_ms=4499
row=fen-007#2 baseline_nps=424800 candidate_nps=424800 nps_delta=0.00% baseline_ms=5 candidate_ms=5
row=fen-007#3 baseline_nps=390910 candidate_nps=435671 nps_delta=11.45% baseline_ms=146 candidate_ms=131
row=fen-007#4 baseline_nps=389334 candidate_nps=405512 nps_delta=4.16% baseline_ms=3058 candidate_ms=2936
row=fen-007#5 baseline_nps=415887 candidate_nps=432345 nps_delta=3.96% baseline_ms=4597 candidate_ms=4422
row=fen-008#2 baseline_nps=523500 candidate_nps=523500 nps_delta=0.00% baseline_ms=2 candidate_ms=2
row=fen-008#3 baseline_nps=529446 candidate_nps=529446 nps_delta=0.00% baseline_ms=56 candidate_ms=56
row=fen-008#4 baseline_nps=484525 candidate_nps=457804 nps_delta=-5.51% baseline_ms=1679 candidate_ms=1777
row=fen-008#5 baseline_nps=553329 candidate_nps=533737 nps_delta=-3.54% baseline_ms=3133 candidate_ms=3248
row=fen-009#2 baseline_nps=268000 candidate_nps=268000 nps_delta=0.00% baseline_ms=1 candidate_ms=1
row=fen-009#3 baseline_nps=446487 candidate_nps=435857 nps_delta=-2.38% baseline_ms=41 candidate_ms=42
row=fen-009#4 baseline_nps=474148 candidate_nps=443633 nps_delta=-6.44% baseline_ms=189 candidate_ms=202
row=fen-009#5 baseline_nps=437662 candidate_nps=418001 nps_delta=-4.49% baseline_ms=489 candidate_ms=512
row=fen-010#2 baseline_nps=276888 candidate_nps=276888 nps_delta=0.00% baseline_ms=9 candidate_ms=9
row=fen-010#3 baseline_nps=353517 candidate_nps=341327 nps_delta=-3.45% baseline_ms=168 candidate_ms=174
row=fen-010#4 baseline_nps=378024 candidate_nps=365891 nps_delta=-3.21% baseline_ms=965 candidate_ms=997
row=fen-010#5 baseline_nps=320016 candidate_nps=332607 nps_delta=3.93% baseline_ms=11306 candidate_ms=10878
row=fen-011#2 baseline_nps=367068 candidate_nps=401698 nps_delta=9.43% baseline_ms=58 candidate_ms=53
row=fen-011#3 baseline_nps=347612 candidate_nps=387515 nps_delta=11.48% baseline_ms=942 candidate_ms=845
row=fen-011#4 baseline_nps=403241 candidate_nps=440589 nps_delta=9.26% baseline_ms=1510 candidate_ms=1382
row=fen-011#5 baseline_nps=405650 candidate_nps=427322 nps_delta=5.34% baseline_ms=5028 candidate_ms=4773
row=fen-012#2 baseline_nps=402000 candidate_nps=402000 nps_delta=0.00% baseline_ms=2 candidate_ms=2
row=fen-012#3 baseline_nps=412361 candidate_nps=449848 nps_delta=9.09% baseline_ms=36 candidate_ms=33
row=fen-012#4 baseline_nps=418897 candidate_nps=405101 nps_delta=-3.29% baseline_ms=323 candidate_ms=334
row=fen-012#5 baseline_nps=449551 candidate_nps=424821 nps_delta=-5.50% baseline_ms=2216 candidate_ms=2345
row=fen-013#2 baseline_nps=384500 candidate_nps=384500 nps_delta=0.00% baseline_ms=10 candidate_ms=10
row=fen-013#3 baseline_nps=353877 candidate_nps=359043 nps_delta=1.46% baseline_ms=417 candidate_ms=411
row=fen-013#4 baseline_nps=360588 candidate_nps=361622 nps_delta=0.29% baseline_ms=7342 candidate_ms=7321
row=fen-013#5 baseline_nps=406751 candidate_nps=405930 nps_delta=-0.20% baseline_ms=89472 candidate_ms=89653
row=fen-014#2 baseline_nps=292400 candidate_nps=292400 nps_delta=0.00% baseline_ms=5 candidate_ms=5
row=fen-014#3 baseline_nps=337677 candidate_nps=323752 nps_delta=-4.12% baseline_ms=93 candidate_ms=97
row=fen-014#4 baseline_nps=357723 candidate_nps=336201 nps_delta=-6.02% baseline_ms=1156 candidate_ms=1230
row=fen-014#5 baseline_nps=349454 candidate_nps=320617 nps_delta=-8.25% baseline_ms=8072 candidate_ms=8798
row=fen-015#2 baseline_nps=277480 candidate_nps=252254 nps_delta=-9.09% baseline_ms=50 candidate_ms=55
row=fen-015#3 baseline_nps=292591 candidate_nps=282975 nps_delta=-3.29% baseline_ms=824 candidate_ms=852
row=fen-015#4 baseline_nps=316215 candidate_nps=290500 nps_delta=-8.13% baseline_ms=15375 candidate_ms=16736
row=fen-015#5 baseline_nps=277160 candidate_nps=256395 nps_delta=-7.49% baseline_ms=467343 candidate_ms=505194
row=fen-016#2 baseline_nps=465000 candidate_nps=465000 nps_delta=0.00% baseline_ms=1 candidate_ms=1
row=fen-016#3 baseline_nps=451666 candidate_nps=404740 nps_delta=-10.39% baseline_ms=69 candidate_ms=77
row=fen-016#4 baseline_nps=454804 candidate_nps=423144 nps_delta=-6.96% baseline_ms=695 candidate_ms=747
row=fen-016#5 baseline_nps=384866 candidate_nps=355201 nps_delta=-7.71% baseline_ms=16763 candidate_ms=18163
