Warning: Stockfish doesn't have option OwnBook
Started game 1 of 5 (Koi vs Stockfish)
Finished game 1 (Koi vs Stockfish): 0-1 {Black mates}
Score of Koi vs Stockfish: 0 - 1 - 0  [0.000] 1
Started game 2 of 5 (Stockfish vs Koi)
Finished game 2 (Stockfish vs Koi): 1-0 {White mates}
Score of Koi vs Stockfish: 0 - 2 - 0  [0.000] 2
Started game 3 of 5 (Koi vs Stockfish)
Finished game 3 (Koi vs Stockfish): 0-1 {Black mates}
Score of Koi vs Stockfish: 0 - 3 - 0  [0.000] 3
Started game 4 of 5 (Stockfish vs Koi)
Finished game 4 (Stockfish vs Koi): 1-0 {White mates}
Score of Koi vs Stockfish: 0 - 4 - 0  [0.000] 4
Started game 5 of 5 (Koi vs Stockfish)
Finished game 5 (Koi vs Stockfish): 0-1 {Black mates}
Score of Koi vs Stockfish: 0 - 5 - 0  [0.000] 5
...      Koi playing White: 0 - 3 - 0  [0.000] 3
...      Koi playing Black: 0 - 2 - 0  [0.000] 2
...      White vs Black: 2 - 3 - 0  [0.400] 5
Elo difference: -inf +/- nan, LOS: 1.3 %, DrawRatio: 0.0 %
SPRT: llr 0 (0.0%), lbound -inf, ubound inf

Player: Koi
   "Loss: Black mates": 3
   "Loss: White mates": 2
Player: Stockfish
   "Win: Black mates": 3
   "Win: White mates": 2
Finished match
