output_directory=C:\Users\ntATh\AI test\Koi engine\artifacts\verification\speed-gate\batch3-final-4change-20261004-sparse-depth2-5
baseline_executable=C:\Users\ntATh\AI test\Koi engine\artifacts\verification\speed-gate\batch3-final-4change-20261004-sparse-depth2-5\baseline\koi-bench-baseline.exe
candidate_executable=C:\Users\ntATh\AI test\Koi engine\build\roadmap-visit-win-release\koi-bench.exe
runs=5 threads=1 speed=100 timed=1 fen-file=C:\Users\ntATh\AI test\Koi engine\artifacts\verification\speed-gate\batch3-final-4change-20261004-sparse-depth2-5\sparse-qsearch-fens.txt depth-sweep=2..5
nps_regression_limit=2.00% row_nps_regression_limit=2.00% min_row_elapsed_ms=20.0
run=1 baseline_nps=388,853 candidate_nps=391,211 order=baseline,candidate
run=2 baseline_nps=387,261 candidate_nps=390,704 order=candidate,baseline
run=3 baseline_nps=389,082 candidate_nps=390,347 order=baseline,candidate
run=4 baseline_nps=390,607 candidate_nps=390,592 order=candidate,baseline
run=5 baseline_nps=388,601 candidate_nps=390,692 order=baseline,candidate
baseline_total_nps=388,853 candidate_total_nps=390,692 delta=0.47%
median_row_nps_delta=0.19% excluded_noise_rows=14
row=fen-001#2 baseline_nps=460750 candidate_nps=460750 nps_delta=0.00% baseline_ms=8 candidate_ms=8
row=fen-001#3 baseline_nps=437272 candidate_nps=431666 nps_delta=-1.28% baseline_ms=231 candidate_ms=234
row=fen-001#4 baseline_nps=457031 candidate_nps=449334 nps_delta=-1.68% baseline_ms=1401 candidate_ms=1425
row=fen-001#5 baseline_nps=439035 candidate_nps=439035 nps_delta=0.00% baseline_ms=19548 candidate_ms=19548
row=fen-002#2 baseline_nps=515000 candidate_nps=515000 nps_delta=0.00% baseline_ms=3 candidate_ms=3
row=fen-002#3 baseline_nps=526597 candidate_nps=526597 nps_delta=0.00% baseline_ms=77 candidate_ms=77
row=fen-002#4 baseline_nps=525091 candidate_nps=529631 nps_delta=0.86% baseline_ms=350 candidate_ms=347
row=fen-002#5 baseline_nps=489907 candidate_nps=493413 nps_delta=0.72% baseline_ms=4081 candidate_ms=4052
row=fen-003#2 baseline_nps=430666 candidate_nps=430666 nps_delta=0.00% baseline_ms=3 candidate_ms=3
row=fen-003#3 baseline_nps=507264 candidate_nps=507264 nps_delta=0.00% baseline_ms=87 candidate_ms=87
row=fen-003#4 baseline_nps=436852 candidate_nps=438144 nps_delta=0.30% baseline_ms=678 candidate_ms=676
row=fen-003#5 baseline_nps=520262 candidate_nps=521924 nps_delta=0.32% baseline_ms=1256 candidate_ms=1252
row=fen-004#2 baseline_nps=340000 candidate_nps=340000 nps_delta=0.00% baseline_ms=1 candidate_ms=1
row=fen-004#3 baseline_nps=638285 candidate_nps=638285 nps_delta=0.00% baseline_ms=42 candidate_ms=42
row=fen-004#4 baseline_nps=491980 candidate_nps=493609 nps_delta=0.33% baseline_ms=606 candidate_ms=604
row=fen-004#5 baseline_nps=567397 candidate_nps=571077 nps_delta=0.65% baseline_ms=2948 candidate_ms=2929
row=fen-005#2 baseline_nps=583534 candidate_nps=583534 nps_delta=0.00% baseline_ms=43 candidate_ms=43
row=fen-005#3 baseline_nps=566753 candidate_nps=563492 nps_delta=-0.58% baseline_ms=691 candidate_ms=695
row=fen-005#4 baseline_nps=633668 candidate_nps=632122 nps_delta=-0.24% baseline_ms=1226 candidate_ms=1229
row=fen-005#5 baseline_nps=555752 candidate_nps=557086 nps_delta=0.24% baseline_ms=26713 candidate_ms=26649
row=fen-006#2 baseline_nps=255000 candidate_nps=255000 nps_delta=0.00% baseline_ms=1 candidate_ms=1
row=fen-006#3 baseline_nps=435818 candidate_nps=435818 nps_delta=0.00% baseline_ms=11 candidate_ms=11
row=fen-006#4 baseline_nps=497952 candidate_nps=500323 nps_delta=0.48% baseline_ms=211 candidate_ms=210
row=fen-006#5 baseline_nps=451745 candidate_nps=452963 nps_delta=0.27% baseline_ms=3719 candidate_ms=3709
row=fen-007#2 baseline_nps=531000 candidate_nps=531000 nps_delta=0.00% baseline_ms=4 candidate_ms=4
row=fen-007#3 baseline_nps=518845 candidate_nps=518845 nps_delta=0.00% baseline_ms=110 candidate_ms=110
row=fen-007#4 baseline_nps=479951 candidate_nps=480532 nps_delta=0.12% baseline_ms=2479 candidate_ms=2476
row=fen-007#5 baseline_nps=509543 candidate_nps=510634 nps_delta=0.21% baseline_ms=3744 candidate_ms=3736
row=fen-008#2 baseline_nps=523500 candidate_nps=523500 nps_delta=0.00% baseline_ms=2 candidate_ms=2
row=fen-008#3 baseline_nps=630489 candidate_nps=617354 nps_delta=-2.08% baseline_ms=47 candidate_ms=48
row=fen-008#4 baseline_nps=567924 candidate_nps=565132 nps_delta=-0.49% baseline_ms=1417 candidate_ms=1424
row=fen-008#5 baseline_nps=635821 candidate_nps=634837 nps_delta=-0.15% baseline_ms=2579 candidate_ms=2583
row=fen-009#2 baseline_nps=268000 candidate_nps=268000 nps_delta=0.00% baseline_ms=1 candidate_ms=1
row=fen-009#3 baseline_nps=554727 candidate_nps=554727 nps_delta=0.00% baseline_ms=33 candidate_ms=33
row=fen-009#4 baseline_nps=573326 candidate_nps=573326 nps_delta=0.00% baseline_ms=156 candidate_ms=156
row=fen-009#5 baseline_nps=507926 candidate_nps=509135 nps_delta=0.24% baseline_ms=421 candidate_ms=420
row=fen-010#2 baseline_nps=356000 candidate_nps=356000 nps_delta=0.00% baseline_ms=7 candidate_ms=7
row=fen-010#3 baseline_nps=417154 candidate_nps=417154 nps_delta=0.00% baseline_ms=142 candidate_ms=142
row=fen-010#4 baseline_nps=447390 candidate_nps=447390 nps_delta=0.00% baseline_ms=814 candidate_ms=814
row=fen-010#5 baseline_nps=398271 candidate_nps=399256 nps_delta=0.25% baseline_ms=8513 candidate_ms=8492
row=fen-011#2 baseline_nps=495093 candidate_nps=495093 nps_delta=0.00% baseline_ms=43 candidate_ms=43
row=fen-011#3 baseline_nps=463060 candidate_nps=464374 nps_delta=0.28% baseline_ms=707 candidate_ms=705
row=fen-011#4 baseline_nps=523466 candidate_nps=525272 nps_delta=0.34% baseline_ms=1163 candidate_ms=1159
row=fen-011#5 baseline_nps=495109 candidate_nps=498489 nps_delta=0.68% baseline_ms=4129 candidate_ms=4101
row=fen-012#2 baseline_nps=402000 candidate_nps=402000 nps_delta=0.00% baseline_ms=2 candidate_ms=2
row=fen-012#3 baseline_nps=530071 candidate_nps=530071 nps_delta=0.00% baseline_ms=28 candidate_ms=28
row=fen-012#4 baseline_nps=483451 candidate_nps=486967 nps_delta=0.73% baseline_ms=277 candidate_ms=275
row=fen-012#5 baseline_nps=515550 candidate_nps=516628 nps_delta=0.21% baseline_ms=1918 candidate_ms=1914
row=fen-013#2 baseline_nps=480625 candidate_nps=480625 nps_delta=0.00% baseline_ms=8 candidate_ms=8
row=fen-013#3 baseline_nps=448633 candidate_nps=449996 nps_delta=0.30% baseline_ms=330 candidate_ms=329
row=fen-013#4 baseline_nps=434746 candidate_nps=435102 nps_delta=0.08% baseline_ms=6123 candidate_ms=6118
row=fen-013#5 baseline_nps=492766 candidate_nps=494099 nps_delta=0.27% baseline_ms=81901 candidate_ms=81680
row=fen-014#2 baseline_nps=365500 candidate_nps=365500 nps_delta=0.00% baseline_ms=4 candidate_ms=4
row=fen-014#3 baseline_nps=468716 candidate_nps=468716 nps_delta=0.00% baseline_ms=67 candidate_ms=67
row=fen-014#4 baseline_nps=464315 candidate_nps=467467 nps_delta=0.68% baseline_ms=890 candidate_ms=884
row=fen-014#5 baseline_nps=440395 candidate_nps=440945 nps_delta=0.12% baseline_ms=6415 candidate_ms=6407
row=fen-015#2 baseline_nps=346850 candidate_nps=355743 nps_delta=2.56% baseline_ms=40 candidate_ms=39
row=fen-015#3 baseline_nps=394584 candidate_nps=394584 nps_delta=0.00% baseline_ms=611 candidate_ms=611
row=fen-015#4 baseline_nps=390845 candidate_nps=393853 nps_delta=0.77% baseline_ms=12438 candidate_ms=12343
row=fen-015#5 baseline_nps=336598 candidate_nps=338243 nps_delta=0.49% baseline_ms=384858 candidate_ms=382986
row=fen-016#2 baseline_nps=465000 candidate_nps=465000 nps_delta=0.00% baseline_ms=1 candidate_ms=1
row=fen-016#3 baseline_nps=546701 candidate_nps=556464 nps_delta=1.79% baseline_ms=57 candidate_ms=56
row=fen-016#4 baseline_nps=518319 candidate_nps=519172 nps_delta=0.16% baseline_ms=608 candidate_ms=607
row=fen-016#5 baseline_nps=436631 candidate_nps=440298 nps_delta=0.84% baseline_ms=14170 candidate_ms=14052
summary=C:\Users\ntATh\AI test\Koi engine\artifacts\verification\speed-gate\batch3-final-4change-20261004-sparse-depth2-5\speed-gate.json
result=PASS
