output_directory=C:\Users\ntATh\AI test\Koi engine\artifacts\verification\speed-gate\batch3-diag-v0-baseline-in-candidate-dir
baseline_executable=C:\Users\ntATh\AI test\Koi engine\artifacts\verification\speed-gate\batch3-tt-prefetch-evaluator-picker-20261004-sparse-depth2-5\baseline\koi-bench-baseline.exe
candidate_executable=C:\Users\ntATh\AI test\Koi engine\artifacts\verification\speed-gate\batch3-diag-v0-baseline-in-candidate-dir\koi-bench-v0.exe
runs=2 threads=1 speed=100 timed=1 fen-file=C:\Users\ntATh\AI test\Koi engine\artifacts\verification\speed-gate\batch3-diag-picker-revert-20261004\sparse-qsearch-fens.txt depth-sweep=2..5
nps_regression_limit=2.00% row_nps_regression_limit=2.00% min_row_elapsed_ms=20.0
run=1 baseline_nps=384,237 candidate_nps=389,974 order=baseline,candidate
run=2 baseline_nps=388,963 candidate_nps=389,629 order=candidate,baseline
baseline_total_nps=386,600 candidate_total_nps=389,802 delta=0.83%
median_row_nps_delta=0.21% excluded_noise_rows=14
row=fen-001#2 baseline_nps=460750 candidate_nps=460750 nps_delta=0.00% baseline_ms=8 candidate_ms=8
row=fen-001#3 baseline_nps=444018 candidate_nps=399255 nps_delta=-10.08% baseline_ms=228 candidate_ms=253
row=fen-001#4 baseline_nps=453320 candidate_nps=438575 nps_delta=-3.25% baseline_ms=1412 candidate_ms=1460
row=fen-001#5 baseline_nps=435462 candidate_nps=436278 nps_delta=0.19% baseline_ms=19710 candidate_ms=19672
row=fen-002#2 baseline_nps=450625 candidate_nps=515000 nps_delta=14.29% baseline_ms=4 candidate_ms=3
row=fen-002#3 baseline_nps=486090 candidate_nps=526597 nps_delta=8.33% baseline_ms=84 candidate_ms=77
row=fen-002#4 baseline_nps=489630 candidate_nps=528870 nps_delta=8.01% baseline_ms=378 candidate_ms=348
row=fen-002#5 baseline_nps=479464 candidate_nps=489198 nps_delta=2.03% baseline_ms=4172 candidate_ms=4087
row=fen-003#2 baseline_nps=430666 candidate_nps=430666 nps_delta=0.00% baseline_ms=3 candidate_ms=3
row=fen-003#3 baseline_nps=488376 candidate_nps=496428 nps_delta=1.65% baseline_ms=90 candidate_ms=89
row=fen-003#4 baseline_nps=432433 candidate_nps=430381 nps_delta=-0.47% baseline_ms=685 candidate_ms=688
row=fen-003#5 baseline_nps=516788 candidate_nps=514971 nps_delta=-0.35% baseline_ms=1264 candidate_ms=1269
row=fen-004#2 baseline_nps=340000 candidate_nps=340000 nps_delta=0.00% baseline_ms=1 candidate_ms=1
row=fen-004#3 baseline_nps=638285 candidate_nps=638285 nps_delta=0.00% baseline_ms=42 candidate_ms=42
row=fen-004#4 baseline_nps=476343 candidate_nps=489962 nps_delta=2.86% baseline_ms=626 candidate_ms=608
row=fen-004#5 baseline_nps=560470 candidate_nps=568264 nps_delta=1.39% baseline_ms=2985 candidate_ms=2944
row=fen-005#2 baseline_nps=583534 candidate_nps=583534 nps_delta=0.00% baseline_ms=43 candidate_ms=43
row=fen-005#3 baseline_nps=565528 candidate_nps=565534 nps_delta=0.00% baseline_ms=692 candidate_ms=692
row=fen-005#4 baseline_nps=632388 candidate_nps=632897 nps_delta=0.08% baseline_ms=1228 candidate_ms=1228
row=fen-005#5 baseline_nps=556628 candidate_nps=556085 nps_delta=-0.10% baseline_ms=26671 candidate_ms=26697
row=fen-006#2 baseline_nps=255000 candidate_nps=255000 nps_delta=0.00% baseline_ms=1 candidate_ms=1
row=fen-006#3 baseline_nps=435818 candidate_nps=435818 nps_delta=0.00% baseline_ms=11 candidate_ms=11
row=fen-006#4 baseline_nps=501520 candidate_nps=503926 nps_delta=0.48% baseline_ms=210 candidate_ms=208
row=fen-006#5 baseline_nps=450172 candidate_nps=452658 nps_delta=0.55% baseline_ms=3732 candidate_ms=3712
row=fen-007#2 baseline_nps=531000 candidate_nps=531000 nps_delta=0.00% baseline_ms=4 candidate_ms=4
row=fen-007#3 baseline_nps=516508 candidate_nps=516592 nps_delta=0.02% baseline_ms=110 candidate_ms=110
row=fen-007#4 baseline_nps=480532 candidate_nps=481506 nps_delta=0.20% baseline_ms=2476 candidate_ms=2471
row=fen-007#5 baseline_nps=508524 candidate_nps=511250 nps_delta=0.54% baseline_ms=3752 candidate_ms=3732
row=fen-008#2 baseline_nps=523500 candidate_nps=523500 nps_delta=0.00% baseline_ms=2 candidate_ms=2
row=fen-008#3 baseline_nps=623922 candidate_nps=630489 nps_delta=1.05% baseline_ms=48 candidate_ms=47
row=fen-008#4 baseline_nps=564142 candidate_nps=565134 nps_delta=0.18% baseline_ms=1426 candidate_ms=1424
row=fen-008#5 baseline_nps=633855 candidate_nps=635454 nps_delta=0.25% baseline_ms=2587 candidate_ms=2580
row=fen-009#2 baseline_nps=268000 candidate_nps=268000 nps_delta=0.00% baseline_ms=1 candidate_ms=1
row=fen-009#3 baseline_nps=554727 candidate_nps=554727 nps_delta=0.00% baseline_ms=33 candidate_ms=33
row=fen-009#4 baseline_nps=571500 candidate_nps=577025 nps_delta=0.97% baseline_ms=156 candidate_ms=155
row=fen-009#5 baseline_nps=507324 candidate_nps=510353 nps_delta=0.60% baseline_ms=422 candidate_ms=419
row=fen-010#2 baseline_nps=333750 candidate_nps=356000 nps_delta=6.67% baseline_ms=8 candidate_ms=7
row=fen-010#3 baseline_nps=420113 candidate_nps=414237 nps_delta=-1.40% baseline_ms=141 candidate_ms=143
row=fen-010#4 baseline_nps=446571 candidate_nps=447674 nps_delta=0.25% baseline_ms=816 candidate_ms=814
row=fen-010#5 baseline_nps=397548 candidate_nps=398178 nps_delta=0.16% baseline_ms=8528 candidate_ms=8515
row=fen-011#2 baseline_nps=489466 candidate_nps=495093 nps_delta=1.15% baseline_ms=44 candidate_ms=43
row=fen-011#3 baseline_nps=462744 candidate_nps=463716 nps_delta=0.21% baseline_ms=708 candidate_ms=706
row=fen-011#4 baseline_nps=523922 candidate_nps=524594 nps_delta=0.13% baseline_ms=1162 candidate_ms=1160
row=fen-011#5 baseline_nps=495834 candidate_nps=498489 nps_delta=0.54% baseline_ms=4123 candidate_ms=4101
row=fen-012#2 baseline_nps=402000 candidate_nps=402000 nps_delta=0.00% baseline_ms=2 candidate_ms=2
row=fen-012#3 baseline_nps=530071 candidate_nps=530071 nps_delta=0.00% baseline_ms=28 candidate_ms=28
row=fen-012#4 baseline_nps=486973 candidate_nps=489652 nps_delta=0.55% baseline_ms=275 candidate_ms=274
row=fen-012#5 baseline_nps=514092 candidate_nps=502580 nps_delta=-2.24% baseline_ms=1924 candidate_ms=1968
row=fen-013#2 baseline_nps=480625 candidate_nps=453924 nps_delta=-5.56% baseline_ms=8 candidate_ms=8
row=fen-013#3 baseline_nps=447955 candidate_nps=449314 nps_delta=0.30% baseline_ms=330 candidate_ms=330
row=fen-013#4 baseline_nps=434925 candidate_nps=433122 nps_delta=-0.41% baseline_ms=6120 candidate_ms=6146
row=fen-013#5 baseline_nps=492879 candidate_nps=492212 nps_delta=-0.14% baseline_ms=81882 candidate_ms=81994
row=fen-014#2 baseline_nps=365500 candidate_nps=365500 nps_delta=0.00% baseline_ms=4 candidate_ms=4
row=fen-014#3 baseline_nps=465270 candidate_nps=465270 nps_delta=0.00% baseline_ms=68 candidate_ms=68
row=fen-014#4 baseline_nps=463014 candidate_nps=464838 nps_delta=0.39% baseline_ms=892 candidate_ms=889
row=fen-014#5 baseline_nps=440292 candidate_nps=441324 nps_delta=0.23% baseline_ms=6416 candidate_ms=6402
row=fen-015#2 baseline_nps=351296 candidate_nps=346850 nps_delta=-1.27% baseline_ms=40 candidate_ms=40
row=fen-015#3 baseline_nps=394264 candidate_nps=393618 nps_delta=-0.16% baseline_ms=612 candidate_ms=612
row=fen-015#4 baseline_nps=392217 candidate_nps=393026 nps_delta=0.21% baseline_ms=12394 candidate_ms=12369
row=fen-015#5 baseline_nps=333474 candidate_nps=337654 nps_delta=1.25% baseline_ms=388493 candidate_ms=383656
row=fen-016#2 baseline_nps=465000 candidate_nps=348750 nps_delta=-25.00% baseline_ms=1 candidate_ms=2
row=fen-016#3 baseline_nps=546701 candidate_nps=551582 nps_delta=0.89% baseline_ms=57 candidate_ms=56
row=fen-016#4 baseline_nps=518746 candidate_nps=520890 nps_delta=0.41% baseline_ms=608 candidate_ms=605
row=fen-016#5 baseline_nps=438380 candidate_nps=440628 nps_delta=0.51% baseline_ms=14114 candidate_ms=14042
summary=C:\Users\ntATh\AI test\Koi engine\artifacts\verification\speed-gate\batch3-diag-v0-baseline-in-candidate-dir\speed-gate.json
result=PASS
