Koi benchmark
config threads 1 speed 100 timed 1 hash cold
position mate_in_one depth 2 nodes 30 qnodes 193 tt_hits 1 score 99999 expected f7e8 move f7e8 match 1 elapsed_ms 9 nps 24777
position mate_02 depth 2 nodes 46 qnodes 570 tt_hits 1 score 99999 expected f7g7 move a1a8 match 1 elapsed_ms 20 nps 30800
position mate_03 depth 2 nodes 42 qnodes 469 tt_hits 1 score 99999 expected f5f8 move f5c8 match 1 elapsed_ms 16 nps 31937
position mate_04 depth 2 nodes 38 qnodes 574 tt_hits 1 score 99999 expected e2e8 move e2e8 match 1 elapsed_ms 18 nps 34000
position mate_05 depth 2 nodes 51 qnodes 1478 tt_hits 1 score 99999 expected e7b7 move e7b7 match 1 elapsed_ms 48 nps 31854
position mate_06 depth 2 nodes 35 qnodes 606 tt_hits 1 score 99999 expected f1f8 move f1f8 match 1 elapsed_ms 19 nps 33736
position black_mate depth 2 nodes 30 qnodes 188 tt_hits 1 score 99999 expected c2a2 move c2a2 match 1 elapsed_ms 6 nps 36333
position check_01 depth 2 nodes 36 qnodes 736 tt_hits 1 score 99999 expected e2e7 move e2e7 match 1 elapsed_ms 30 nps 25733
position check_02 depth 2 nodes 38 qnodes 803 tt_hits 1 score 1608 expected d2d7 move d2d7 match 1 elapsed_ms 28 nps 30035
position check_03 depth 2 nodes 48 qnodes 2682 tt_hits 8 score 364 expected f2f7 move f2e3 match 1 elapsed_ms 96 nps 28437
position check_04 depth 2 nodes 34 qnodes 443 tt_hits 2 score 1616 expected d2d7 move d2d7 match 1 elapsed_ms 14 nps 34071
position check_05 depth 2 nodes 32 qnodes 303 tt_hits 1 score 0 expected c2c7 move c2c7 match 1 elapsed_ms 13 nps 25769
position check_06 depth 2 nodes 23 qnodes 95 tt_hits 5 score 184 expected b2g7 move b2g7 match 1 elapsed_ms 5 nps 23600
position check_07 depth 2 nodes 14 qnodes 54 tt_hits 1 score 0 expected d5f6 move d5f6 match 1 elapsed_ms 4 nps 17000
position evasion_01 depth 2 nodes 34 qnodes 258 tt_hits 6 score -403 expected e1d2 move e1d2 match 1 elapsed_ms 9 nps 32444
position evasion_02 depth 2 nodes 44 qnodes 270 tt_hits 18 score -117 expected h1g2 move h1g2 match 1 elapsed_ms 10 nps 31400
position evasion_03 depth 2 nodes 28 qnodes 103 tt_hits 6 score -228 expected e1f2 move e1e2 match 1 elapsed_ms 5 nps 26200
position evasion_04 depth 2 nodes 84 qnodes 1752 tt_hits 28 score -1222 expected e1d1 move e1d2 match 1 elapsed_ms 54 nps 34000
position evasion_05 depth 2 nodes 43 qnodes 591 tt_hits 13 score -187 expected a1b2 move a1b2 match 1 elapsed_ms 17 nps 37294
position evasion_06 depth 2 nodes 74 qnodes 206 tt_hits 15 score 39 expected e4f3 move e4f4 match 1 elapsed_ms 9 nps 31111
position evasion_07 depth 2 nodes 33 qnodes 222 tt_hits 7 score -563 expected d1c2 move d1e2 match 1 elapsed_ms 7 nps 36428
position fork depth 3 nodes 90 qnodes 169 tt_hits 22 score 0 expected c3d5 move c3d5 match 1 elapsed_ms 10 nps 25900
position fork_02 depth 3 nodes 70 qnodes 295 tt_hits 19 score -979 expected e4d6 move e4d6 match 1 elapsed_ms 14 nps 26071
position fork_03 depth 3 nodes 147 qnodes 938 tt_hits 34 score -306 expected f3e5 move f3e5 match 1 elapsed_ms 40 nps 27125
position fork_04 depth 3 nodes 176 qnodes 1367 tt_hits 41 score 242 expected b3d4 move b3d4 match 1 elapsed_ms 61 nps 25295
position fork_05 depth 3 nodes 65 qnodes 344 tt_hits 27 score -642 expected g3f5 move g3f5 match 1 elapsed_ms 16 nps 25562
position fork_06 depth 3 nodes 255 qnodes 8798 tt_hits 51 score -99994 expected c3d5 move c3d5 match 1 elapsed_ms 306 nps 29584
position fork_07 depth 3 nodes 65 qnodes 288 tt_hits 14 score -456 expected h3f4 move h3f4 match 1 elapsed_ms 13 nps 27153
position pinned_queen depth 2 nodes 26 qnodes 218 tt_hits 1 score 1004 expected e1e7 move e1e7 match 1 elapsed_ms 8 nps 30500
position pin_02 depth 2 nodes 21 qnodes 117 tt_hits 2 score 0 expected a1a7 move a1a7 match 1 elapsed_ms 5 nps 27600
position pin_03 depth 2 nodes 13 qnodes 35 tt_hits 1 score 0 expected b1g6 move b1g6 match 1 elapsed_ms 3 nps 16000
position pin_04 depth 2 nodes 13 qnodes 31 tt_hits 1 score 0 expected h1b7 move h1b7 match 1 elapsed_ms 3 nps 14666
position pin_05 depth 2 nodes 30 qnodes 145 tt_hits 1 score 99999 expected d1d7 move d1d7 match 1 elapsed_ms 7 nps 25000
position pin_06 depth 2 nodes 17 qnodes 46 tt_hits 1 score 0 expected h1h7 move h1h7 match 1 elapsed_ms 4 nps 15750
position pin_07 depth 2 nodes 36 qnodes 252 tt_hits 1 score 99999 expected a1a7 move a1a7 match 1 elapsed_ms 10 nps 28800
position poisoned_capture_01 depth 2 nodes 45 qnodes 583 tt_hits 3 score 1554 expected c4d5 move c4d5 match 1 elapsed_ms 26 nps 24153
position poisoned_capture_02 depth 2 nodes 45 qnodes 849 tt_hits 3 score 1193 expected c4d5 move c4d5 match 1 elapsed_ms 36 nps 24833
position poisoned_capture_03 depth 2 nodes 20 qnodes 74 tt_hits 1 score 0 expected c1c7 move c1c7 match 1 elapsed_ms 5 nps 18800
position poisoned_capture_04 depth 2 nodes 53 qnodes 1531 tt_hits 5 score -1047 expected b2e5 move b2e5 match 1 elapsed_ms 43 nps 36837
position poisoned_capture_05 depth 2 nodes 13 qnodes 74 tt_hits 1 score -182 expected c3d5 move c3d5 match 1 elapsed_ms 5 nps 17400
position poisoned_capture_06 depth 2 nodes 32 qnodes 299 tt_hits 1 score -1192 expected c4g4 move c4d5 match 1 elapsed_ms 18 nps 18388
position poisoned_capture_07 depth 2 nodes 15 qnodes 66 tt_hits 1 score -564 expected c4d4 move c4d4 match 1 elapsed_ms 5 nps 16200
position queen_capture depth 2 nodes 49 qnodes 430 tt_hits 1 score 1033 expected e4d5 move e4d5 match 1 elapsed_ms 17 nps 28176
position promotion depth 2 nodes 15 qnodes 556 tt_hits 1 score 1033 expected a7a8q move a7a8q match 1 elapsed_ms 14 nps 40785
position promotion_02 depth 2 nodes 15 qnodes 318 tt_hits 1 score 1032 expected h7h8q move h7h8q match 1 elapsed_ms 9 nps 37000
position promotion_03 depth 2 nodes 19 qnodes 532 tt_hits 1 score 1032 expected a7b8q move a7b8q match 1 elapsed_ms 17 nps 32411
position promotion_04 depth 2 nodes 11 qnodes 110 tt_hits 1 score 650 expected f7f8q move f7f8q match 1 elapsed_ms 6 nps 20166
position promotion_05 depth 2 nodes 15 qnodes 771 tt_hits 1 score 1033 expected a2a1q move a2a1q match 1 elapsed_ms 23 nps 34173
position promotion_06 depth 2 nodes 15 qnodes 375 tt_hits 1 score 1032 expected h2h1q move h2h1q match 1 elapsed_ms 11 nps 35454
position promotion_07 depth 2 nodes 21 qnodes 601 tt_hits 2 score 1032 expected c2b1q move c2b1q match 1 elapsed_ms 17 nps 36588
position recapture depth 2 nodes 9 qnodes 34 tt_hits 1 score 169 expected e3d4 move e3d4 match 1 elapsed_ms 3 nps 14333
position defense_02 depth 2 nodes 25 qnodes 41 tt_hits 13 score 219 expected c3d4 move g1d4 match 1 elapsed_ms 3 nps 22000
position defense_03 depth 2 nodes 16 qnodes 40 tt_hits 1 score 529 expected f3e4 move f3e4 match 1 elapsed_ms 3 nps 18666
position defense_04 depth 2 nodes 32 qnodes 117 tt_hits 17 score -26 expected c3d5 move c3d5 match 1 elapsed_ms 6 nps 24833
position defense_05 depth 2 nodes 12 qnodes 45 tt_hits 1 score 527 expected e6d5 move e6d5 match 1 elapsed_ms 3 nps 19000
position defense_06 depth 2 nodes 17 qnodes 54 tt_hits 2 score 558 expected c6d4 move c6d4 match 1 elapsed_ms 3 nps 23666
position defense_07 depth 2 nodes 7 qnodes 21 tt_hits 1 score -416 expected g7d4 move g7d4 match 1 elapsed_ms 3 nps 9333
position pawn_race_01 depth 2 nodes 19 qnodes 280 tt_hits 1 score 959 expected a7a8q move a7a8q match 1 elapsed_ms 13 nps 23000
position pawn_race_02 depth 2 nodes 20 qnodes 658 tt_hits 2 score 1313 expected h2h1q move h2h1q match 1 elapsed_ms 22 nps 30818
position pawn_race_03 depth 2 nodes 15 qnodes 251 tt_hits 1 score 758 expected a7a8q move a7a8q match 1 elapsed_ms 10 nps 26600
position pawn_race_04 depth 2 nodes 23 qnodes 684 tt_hits 1 score 1127 expected d2d1q move d2d1q match 1 elapsed_ms 26 nps 27192
position pawn_race_05 depth 2 nodes 17 qnodes 501 tt_hits 1 score 1249 expected b7b8q move b7b8q match 1 elapsed_ms 15 nps 34533
position pawn_race_06 depth 2 nodes 14 qnodes 647 tt_hits 1 score 621 expected g2g1q move g2g1q match 1 elapsed_ms 22 nps 30045
position pawn_race_07 depth 2 nodes 25 qnodes 1485 tt_hits 2 score 1505 expected e7e8q move e7e8q match 1 elapsed_ms 46 nps 32826
