loaded 20000 rows (47 own, 47 opp, pad 47) in 0.00s
epoch 1/4 train_loss 3.75688 val_loss 4.08243 val_mae_cp 408.24 time 1.3s
epoch 2/4 train_loss 3.63212 val_loss 4.11893 val_mae_cp 411.89 time 1.3s
epoch 3/4 train_loss 3.57125 val_loss 4.16569 val_mae_cp 416.57 time 1.3s
epoch 4/4 train_loss 3.47666 val_loss 4.20249 val_mae_cp 420.25 time 1.3s
quantization v5 s1=6 s_l1=6 k3=5 val_mae_cp 409.88
quantization v5 s1=6 s_l1=6 k3=6 val_mae_cp 409.83
quantization v5 s1=6 s_l1=6 k3=7 val_mae_cp 409.79
quantization v5 s1=6 s_l1=7 k3=5 val_mae_cp 409.68
quantization v5 s1=6 s_l1=7 k3=6 val_mae_cp 409.62
quantization v5 s1=6 s_l1=7 k3=7 val_mae_cp 409.56
quantization v5 s1=6 s_l1=8 k3=5 val_mae_cp 409.71
quantization v5 s1=6 s_l1=8 k3=6 val_mae_cp 409.69
quantization v5 s1=6 s_l1=8 k3=7 val_mae_cp 409.61
quantization v5 s1=7 s_l1=6 k3=5 val_mae_cp 418.19
quantization v5 s1=7 s_l1=6 k3=6 val_mae_cp 418.15
quantization v5 s1=7 s_l1=6 k3=7 val_mae_cp 418.10
quantization v5 s1=7 s_l1=7 k3=5 val_mae_cp 420.33
quantization v5 s1=7 s_l1=7 k3=6 val_mae_cp 420.34
quantization v5 s1=7 s_l1=7 k3=7 val_mae_cp 420.27
quantization v5 s1=7 s_l1=8 k3=5 val_mae_cp 420.09
quantization v5 s1=7 s_l1=8 k3=6 val_mae_cp 419.99
quantization v5 s1=7 s_l1=8 k3=7 val_mae_cp 419.94
quantization v5 s1=8 s_l1=6 k3=5 val_mae_cp 418.54
quantization v5 s1=8 s_l1=6 k3=6 val_mae_cp 418.51
quantization v5 s1=8 s_l1=6 k3=7 val_mae_cp 418.54
quantization v5 s1=8 s_l1=7 k3=5 val_mae_cp 420.58
quantization v5 s1=8 s_l1=7 k3=6 val_mae_cp 420.59
quantization v5 s1=8 s_l1=7 k3=7 val_mae_cp 420.58
quantization v5 s1=8 s_l1=8 k3=5 val_mae_cp 419.26
quantization v5 s1=8 s_l1=8 k3=6 val_mae_cp 419.24
quantization v5 s1=8 s_l1=8 k3=7 val_mae_cp 419.24
selected v5 s1=6 s_l1=7 k3=7 val_mae_cp 409.56
wrote artifacts\verification\wp48b\quick.nnue (4721435 bytes) and artifacts\verification\wp48b\quick.json
