> uci
< id name Koi Engine
< id author Koi Engine contributors
< option name RandomSeed type spin default 0 min 0 max 2147483647
< option name Hash type spin default 512 min 1 max 4096
< option name Threads type spin default 1 min 1 max 8
< option name Speed type spin default 100 min 1 max 100
< option name UCI_AnalyseMode type check default false
< option name MultiPV type spin default 1 min 1 max 16
< option name Ponder type check default false
< option name OwnBook type check default true
< option name BookFile type string default book.bin
< option name BookDepth type spin default 16 min 0 max 40
< option name BookRandom type check default false
< option name BookSafety type check default true
< option name BookSafetyDepth type spin default 2 min 0 max 3
< option name Clear Hash type button
< option name UCI_ShowWDL type check default false
< option name Move Overhead type spin default 10 min 0 max 5000
< option name Slow Mover type spin default 100 min 10 max 1000
< option name UCI_LimitStrength type check default false
< option name UCI_Elo type spin default 1320 min 1320 max 3190
< option name StrengthMode type check default false
< option name SyzygyPath type string default 
< option name SyzygyProbeDepth type spin default 1 min 1 max 100
< option name SyzygyProbeLimit type spin default 5 min 0 max 7
< option name Syzygy50MoveRule type check default true
< uciok
> setoption name OwnBook value false
> setoption name Threads value 4
> setoption name Speed value 100
> isready
< readyok
> position fen rnbqkbnr/pppppppp/8/8/8/8/PPPPPPPP/RNBQKBNR w KQkq - 0 1
> go movetime 100
< info depth 1 seldepth 1 multipv 1 score cp 102 nodes 23 nps 23 time 0 pv b1c3
< info depth 2 seldepth 8 multipv 1 score cp 0 nodes 182 nps 60666 time 3 pv g1f3 b8c6
< info depth 3 seldepth 8 multipv 1 score cp 102 nodes 325 nps 54166 time 6 pv g1f3 b8c6 b1c3
< info depth 4 seldepth 12 multipv 1 score cp 0 nodes 1595 nps 56964 time 28 pv b1c3 b8c6 g1f3
< bestmove b1c3
POSITION 1 ACTUAL b1c3 RESULT bestmove b1c3
> setoption name OwnBook value false
> setoption name Threads value 4
> setoption name Speed value 100
> isready
< readyok
> position fen rnbqkbnr/pppppppp/8/8/8/2N5/PPPPPPPP/R1BQKBNR b KQkq - 1 1
> go movetime 100
< info depth 1 seldepth 1 multipv 1 score cp 0 nodes 21 nps 21 time 0 pv b8c6
< info depth 2 seldepth 1 multipv 1 score cp -44 nodes 42 nps 42 time 0 pv b8c6
< info depth 3 seldepth 1 multipv 1 score cp -44 nodes 63 nps 63 time 0 pv b8c6
< info depth 4 seldepth 6 multipv 1 score cp -44 nodes 162 nps 81000 time 2 pv b8c6
< bestmove b8c6
POSITION 2 ACTUAL d7d5 RESULT bestmove b8c6
> setoption name OwnBook value false
> setoption name Threads value 4
> setoption name Speed value 100
> isready
< readyok
> position fen rnbqkbnr/ppp1pppp/8/3p4/8/2N5/PPPPPPPP/R1BQKBNR w KQkq - 0 2
> go movetime 100
< info depth 1 seldepth 11 multipv 1 score cp 134 nodes 464 nps 58000 time 8 pv g1f3
< info depth 2 seldepth 11 multipv 1 score cp 35 nodes 567 nps 63000 time 9 pv e2e4
< info depth 3 seldepth 11 multipv 1 score cp 76 nodes 998 nps 52526 time 19 pv d2d4 b8c6 g1f3
< bestmove d2d4
POSITION 3 ACTUAL d2d4 RESULT bestmove d2d4
> setoption name OwnBook value false
> setoption name Threads value 4
> setoption name Speed value 100
> isready
< readyok
> position fen rnbqkbnr/ppp1pppp/8/3p4/3P4/2N5/PPP1PPPP/R1BQKBNR b KQkq - 0 2
> go movetime 100
< info depth 1 seldepth 11 multipv 1 score cp -21 nodes 161 nps 53666 time 3 pv d8d6
< info depth 2 seldepth 11 multipv 1 score cp -76 nodes 243 nps 48600 time 5 pv b8c6 g1f3
< info depth 3 seldepth 11 multipv 1 score cp 0 nodes 304 nps 50666 time 6 pv b8c6 g1f3 g8f6
< info depth 4 seldepth 18 multipv 1 score cp -60 nodes 3349 nps 45256 time 74 pv b8c6 g1f3 g8f6 d1d3
< bestmove b8c6
POSITION 4 ACTUAL g8f6 RESULT bestmove b8c6
> setoption name OwnBook value false
> setoption name Threads value 4
> setoption name Speed value 100
> isready
< readyok
> position fen rnbqkb1r/ppp1pppp/5n2/3p4/3P4/2N5/PPP1PPPP/R1BQKBNR w KQkq - 1 3
> go movetime 100
< info depth 1 seldepth 11 multipv 1 score cp 102 nodes 159 nps 53000 time 3 pv g1f3
< info depth 2 seldepth 11 multipv 1 score cp 60 nodes 189 nps 47250 time 4 pv g1f3 b8c6
< info depth 3 seldepth 11 multipv 1 score cp 60 nodes 479 nps 47900 time 10 pv g1f3 b8c6
< bestmove g1f3
POSITION 5 ACTUAL g1f3 RESULT bestmove g1f3
> setoption name OwnBook value false
> setoption name Threads value 4
> setoption name Speed value 100
> isready
< readyok
> position fen rnbqkb1r/ppp1pppp/5n2/3p4/3P4/2N2N2/PPP1PPPP/R1BQKB1R b KQkq - 2 3
> go movetime 100
< info depth 1 seldepth 7 multipv 1 score cp -14 nodes 112 nps 37333 time 3 pv b8c6
< info depth 2 seldepth 7 multipv 1 score cp -14 nodes 142 nps 35500 time 4 pv b8c6
< info depth 3 seldepth 7 multipv 1 score cp -14 nodes 172 nps 34400 time 5 pv b8c6
< bestmove b8c6
POSITION 6 ACTUAL c7c5 RESULT bestmove b8c6
> setoption name OwnBook value false
> setoption name Threads value 4
> setoption name Speed value 100
> isready
< readyok
> position fen rnbqkb1r/pp2pppp/5n2/2pp4/3P4/2N2N2/PPP1PPPP/R1BQKB1R w KQkq - 0 4
> go movetime 100
< info depth 1 seldepth 14 multipv 1 score cp 111 nodes 973 nps 44227 time 22 pv d4c5 b8c6
< info depth 2 seldepth 14 multipv 1 score cp 111 nodes 1391 nps 42151 time 33 pv d4c5
< info depth 3 seldepth 14 multipv 1 score cp 171 nodes 2640 nps 40615 time 65 pv d4c5 b8c6 d1d3
< bestmove d4c5
POSITION 7 ACTUAL d4c5 RESULT bestmove d4c5
> setoption name OwnBook value false
> setoption name Threads value 4
> setoption name Speed value 100
> isready
< readyok
> position fen rnbqkb1r/pp2pppp/5n2/2Pp4/8/2N2N2/PPP1PPPP/R1BQKB1R b KQkq - 0 4
> go movetime 100
< info depth 1 seldepth 13 multipv 1 score cp -111 nodes 667 nps 41687 time 16 pv b8c6
< info depth 2 seldepth 13 multipv 1 score cp -171 nodes 731 nps 40611 time 18 pv b8c6
< info depth 3 seldepth 13 multipv 1 score cp -108 nodes 1722 nps 38266 time 45 pv b8c6 d1d3 d8a5
< bestmove b8c6
POSITION 8 ACTUAL b8c6 RESULT bestmove b8c6
> setoption name OwnBook value false
> setoption name Threads value 4
> setoption name Speed value 100
> isready
< readyok
> position fen r1bqkb1r/pp2pppp/2n2n2/2Pp4/8/2N2N2/PPP1PPPP/R1BQKB1R w KQkq - 1 5
> go movetime 100
< info depth 1 seldepth 10 multipv 1 score cp 167 nodes 1058 nps 40692 time 26 pv c1g5
< info depth 2 seldepth 10 multipv 1 score cp 124 nodes 1140 nps 40714 time 28 pv c1e3
< info depth 3 seldepth 10 multipv 1 score cp 124 nodes 1888 nps 37760 time 50 pv c1e3
< bestmove c1e3
POSITION 9 ACTUAL f3d4 RESULT bestmove c1e3
> setoption name OwnBook value false
> setoption name Threads value 4
> setoption name Speed value 100
> isready
< readyok
> position fen r1bqkb1r/pp2pppp/2n2n2/2Pp4/3N4/2N5/PPP1PPPP/R1BQKB1R b KQkq - 2 5
> go movetime 100
< info depth 1 seldepth 8 multipv 1 score cp -92 nodes 421 nps 38272 time 11 pv d8c7
< info depth 2 seldepth 13 multipv 1 score cp -96 nodes 784 nps 39200 time 20 pv e7e5 d4c6
< info depth 3 seldepth 13 multipv 1 score cp -65 nodes 1864 nps 38833 time 48 pv d8a5 d4c6 b7c6
< bestmove d8a5
POSITION 10 ACTUAL e7e5 RESULT bestmove d8a5
> setoption name OwnBook value false
> setoption name Threads value 4
> setoption name Speed value 100
> isready
< readyok
> position fen r1bqkb1r/pp3ppp/2n2n2/2Ppp3/3N4/2N5/PPP1PPPP/R1BQKB1R w KQkq - 0 6
> go movetime 100
< info depth 1 seldepth 13 multipv 1 score cp 96 nodes 743 nps 32304 time 23 pv d4c6 b7c6
< info depth 2 seldepth 13 multipv 1 score cp 96 nodes 861 nps 33115 time 26 pv d4c6
< info depth 3 seldepth 13 multipv 1 score cp 142 nodes 1974 nps 27416 time 72 pv d4c6 b7c6 c1e3
< bestmove d4c6
POSITION 11 ACTUAL d4c6 RESULT bestmove d4c6
> setoption name OwnBook value false
> setoption name Threads value 4
> setoption name Speed value 100
> isready
< readyok
> position fen r1bqkb1r/pp3ppp/2N2n2/2Ppp3/8/2N5/PPP1PPPP/R1BQKB1R b KQkq - 0 6
> go movetime 100
< info depth 1 seldepth 15 multipv 1 score cp -142 nodes 723 nps 34428 time 21 pv b7c6
< info depth 2 seldepth 15 multipv 1 score cp -142 nodes 758 nps 34454 time 22 pv b7c6
< info depth 3 seldepth 15 multipv 1 score cp -76 nodes 1916 nps 34836 time 55 pv b7c6 c1e3 d5d4
< bestmove b7c6
POSITION 12 ACTUAL b7c6 RESULT bestmove b7c6
> setoption name OwnBook value false
> setoption name Threads value 4
> setoption name Speed value 100
> isready
< readyok
> position fen r1bqkb1r/p4ppp/2p2n2/2Ppp3/8/2N5/PPP1PPPP/R1BQKB1R w KQkq - 0 7
> go movetime 100
< info depth 1 seldepth 14 multipv 1 score cp 142 nodes 985 nps 42826 time 23 pv c1e3
< info depth 2 seldepth 14 multipv 1 score cp 85 nodes 1305 nps 43500 time 30 pv c1e3 c8g4 a1c1
< info depth 3 seldepth 14 multipv 1 score cp 112 nodes 2556 nps 40571 time 63 pv c1e3 a8b8 a1b1
< bestmove c1e3
POSITION 13 ACTUAL f2f4 RESULT bestmove c1e3
> setoption name OwnBook value false
> setoption name Threads value 4
> setoption name Speed value 100
> isready
< readyok
> position fen r1bqkb1r/p4ppp/2p2n2/2Ppp3/5P2/2N5/PPP1P1PP/R1BQKB1R b KQkq - 0 7
> go movetime 100
< info depth 1 seldepth 11 multipv 1 score cp 35 nodes 1070 nps 39629 time 27 pv e5f4 h2h3
< info depth 2 seldepth 11 multipv 1 score cp 35 nodes 1137 nps 40607 time 28 pv e5f4
< info depth 3 seldepth 11 multipv 1 score cp 55 nodes 2500 nps 43859 time 57 pv e5f4 c1f4 f8c5
< bestmove e5f4
POSITION 14 ACTUAL f8c5 RESULT bestmove e5f4
> setoption name OwnBook value false
> setoption name Threads value 4
> setoption name Speed value 100
> isready
< readyok
> position fen r1bqk2r/p4ppp/2p2n2/2bpp3/5P2/2N5/PPP1P1PP/R1BQKB1R w KQkq - 0 8
> go movetime 100
< info depth 1 seldepth 14 multipv 1 score cp 9 nodes 2734 nps 45566 time 60 pv f4e5 f6e4 c3e4
< bestmove f4e5
POSITION 15 ACTUAL f4e5 RESULT bestmove f4e5
> setoption name OwnBook value false
> setoption name Threads value 4
> setoption name Speed value 100
> isready
< readyok
> position fen r1bqk2r/p4ppp/2p2n2/2bpP3/8/2N5/PPP1P1PP/R1BQKB1R b KQkq - 0 8
> go movetime 100
< info depth 1 seldepth 14 multipv 1 score cp -9 nodes 717 nps 44812 time 16 pv f6e4
< info depth 2 seldepth 14 multipv 1 score cp -9 nodes 1318 nps 43933 time 30 pv f6e4
< bestmove f6e4
POSITION 16 ACTUAL f6g4 RESULT bestmove f6e4
> setoption name OwnBook value false
> setoption name Threads value 4
> setoption name Speed value 100
> isready
< readyok
> position fen r1bqk2r/p4ppp/2p5/2bpP3/6n1/2N5/PPP1P1PP/R1BQKB1R w KQkq - 1 9
> go movetime 100
< info depth 1 seldepth 16 multipv 1 score cp 13 nodes 1877 nps 44690 time 42 pv e2e4
< info depth 2 seldepth 16 multipv 1 score cp 13 nodes 1905 nps 44302 time 43 pv e2e4
< bestmove e2e4
POSITION 17 ACTUAL e2e3 RESULT bestmove e2e4
> setoption name OwnBook value false
> setoption name Threads value 4
> setoption name Speed value 100
> isready
< readyok
> position fen r1bqk2r/p4ppp/2p5/2bpP3/6n1/2N1P3/PPP3PP/R1BQKB1R b KQkq - 0 9
> go movetime 100
< info depth 1 seldepth 19 multipv 1 score cp 74 nodes 3734 nps 47871 time 78 pv d8a5 f1d3
< bestmove d8a5
POSITION 18 ACTUAL e8g8 RESULT bestmove d8a5
> setoption name OwnBook value false
> setoption name Threads value 4
> setoption name Speed value 100
> isready
< readyok
> position fen r1bq1rk1/p4ppp/2p5/2bpP3/6n1/2N1P3/PPP3PP/R1BQKB1R w KQ - 1 10
> go movetime 100
< bestmove d1d3
POSITION 19 ACTUAL f1d3 RESULT bestmove d1d3
> setoption name OwnBook value false
> setoption name Threads value 4
> setoption name Speed value 100
> isready
< readyok
> position fen r1bq1rk1/p4ppp/2p5/2bpP3/6n1/2NBP3/PPP3PP/R1BQK2R b KQ - 2 10
> go movetime 100
< bestmove g4e3
POSITION 20 ACTUAL d8h4 RESULT bestmove g4e3
> setoption name OwnBook value false
> setoption name Threads value 4
> setoption name Speed value 100
> isready
< readyok
> position fen r1b2rk1/p4ppp/2p5/2bpP3/6nq/2NBP3/PPP3PP/R1BQK2R w KQ - 3 11
> go movetime 100
< info depth 1 seldepth 13 multipv 1 score cp 50 nodes 804 nps 50250 time 16 pv g2g3 h4h6
< info depth 2 seldepth 13 multipv 1 score cp -11 nodes 1560 nps 45882 time 34 pv g2g3 h4d8 e1g1
< bestmove g2g3
POSITION 21 ACTUAL g2g3 RESULT bestmove g2g3
> setoption name OwnBook value false
> setoption name Threads value 4
> setoption name Speed value 100
> isready
< readyok
> position fen r1b2rk1/p4ppp/2p5/2bpP3/6nq/2NBP1P1/PPP4P/R1BQK2R b KQ - 0 11
> go movetime 100
< info depth 1 seldepth 11 multipv 1 score cp 51 nodes 802 nps 33416 time 24 pv h4e7
< info depth 2 seldepth 11 multipv 1 score cp 51 nodes 844 nps 35166 time 24 pv h4e7
< info depth 3 seldepth 15 multipv 1 score cp 57 nodes 2884 nps 34746 time 83 pv h4g5 h1f1 g5e5
< bestmove h4g5
POSITION 22 ACTUAL h4h3 RESULT bestmove h4g5
> setoption name OwnBook value false
> setoption name Threads value 4
> setoption name Speed value 100
> isready
< readyok
> position fen r1b2rk1/p4ppp/2p5/2bpP3/6n1/2NBP1Pq/PPP4P/R1BQK2R w KQ - 1 12
> go movetime 100
< bestmove d3f1
POSITION 23 ACTUAL d3f1 RESULT bestmove d3f1
> setoption name OwnBook value false
> setoption name Threads value 4
> setoption name Speed value 100
> isready
< readyok
> position fen r1b2rk1/p4ppp/2p5/2bpP3/6n1/2N1P1Pq/PPP4P/R1BQKB1R b KQ - 2 12
> go movetime 100
< info depth 1 seldepth 12 multipv 1 score cp 6 nodes 1485 nps 28018 time 53 pv h3h5
< bestmove h3h5
POSITION 24 ACTUAL h3h6 RESULT bestmove h3h5
> setoption name OwnBook value false
> setoption name Threads value 4
> setoption name Speed value 100
> isready
< readyok
> position fen r1b2rk1/p4ppp/2p4q/2bpP3/6n1/2N1P1P1/PPP4P/R1BQKB1R w KQ - 3 13
> go movetime 100
< info depth 1 seldepth 19 multipv 1 score cp 24 nodes 3550 nps 41279 time 86 pv c3d5 g4e5
< bestmove c3d5
POSITION 25 ACTUAL c3d5 RESULT bestmove c3d5
> setoption name OwnBook value false
> setoption name Threads value 4
> setoption name Speed value 100
> isready
< readyok
> position fen r1b2rk1/p4ppp/2p4q/2bNP3/6n1/4P1P1/PPP4P/R1BQKB1R b KQ - 0 13
> go movetime 100
< bestmove g4e5
POSITION 26 ACTUAL c6d5 RESULT bestmove g4e5
> setoption name OwnBook value false
> setoption name Threads value 4
> setoption name Speed value 100
> isready
< readyok
> position fen r1b2rk1/p4ppp/7q/2bpP3/6n1/4P1P1/PPP4P/R1BQKB1R w KQ - 0 14
> go movetime 100
< bestmove d1d5
POSITION 27 ACTUAL d1d5 RESULT bestmove d1d5
> setoption name OwnBook value false
> setoption name Threads value 4
> setoption name Speed value 100
> isready
< readyok
> position fen r1b2rk1/p4ppp/7q/2bQP3/6n1/4P1P1/PPP4P/R1B1KB1R b KQ - 0 14
> go movetime 100
< bestmove c5e3
POSITION 28 ACTUAL c5e3 RESULT bestmove c5e3
> setoption name OwnBook value false
> setoption name Threads value 4
> setoption name Speed value 100
> isready
< readyok
> position fen r1b2rk1/p4ppp/7q/3QP3/6n1/4b1P1/PPP4P/R1B1KB1R w KQ - 0 15
> go movetime 100
< bestmove d5a8
POSITION 29 ACTUAL c1e3 RESULT bestmove d5a8
> setoption name OwnBook value false
> setoption name Threads value 4
> setoption name Speed value 100
> isready
< readyok
> position fen r1b2rk1/p4ppp/7q/3QP3/6n1/4B1P1/PPP4P/R3KB1R b KQ - 0 15
> go movetime 100
< info depth 1 seldepth 13 multipv 1 score cp 218 nodes 3503 nps 48652 time 72 pv h6e3 f1e2 c8e6
< bestmove h6e3
POSITION 30 ACTUAL h6e3 RESULT bestmove h6e3
> setoption name OwnBook value false
> setoption name Threads value 4
> setoption name Speed value 100
> isready
< readyok
> position fen r1b2rk1/p4ppp/8/3QP3/6n1/4q1P1/PPP4P/R3KB1R w KQ - 0 16
> go movetime 100
< info depth 1 seldepth 1 multipv 1 score cp -218 nodes 3 nps 3 time 0 pv f1e2
< info depth 2 seldepth 14 multipv 1 score cp -259 nodes 2169 nps 47152 time 46 pv f1e2 c8e6
< bestmove f1e2
POSITION 31 ACTUAL f1e2 RESULT bestmove f1e2
> setoption name OwnBook value false
> setoption name Threads value 4
> setoption name Speed value 100
> isready
< readyok
> position fen r1b2rk1/p4ppp/8/3QP3/6n1/4q1P1/PPP1B2P/R3K2R b KQ - 1 16
> go movetime 100
< info depth 1 seldepth 13 multipv 1 score cp 259 nodes 1668 nps 40682 time 41 pv c8e6
< info depth 2 seldepth 13 multipv 1 score cp 259 nodes 1981 nps 41270 time 48 pv c8e6
< bestmove c8e6
POSITION 32 ACTUAL e3f2 RESULT bestmove c8e6
> setoption name OwnBook value false
> setoption name Threads value 4
> setoption name Speed value 100
> isready
< readyok
> position fen r1b2rk1/p4ppp/8/3QP3/6n1/6P1/PPP1Bq1P/R3K2R w KQ - 2 17
> go movetime 100
< info depth 1 seldepth 1 multipv 1 score cp -188 nodes 3 nps 3 time 0 pv e1d2
< info depth 2 seldepth 15 multipv 1 score cp -255 nodes 3673 nps 52471 time 70 pv e1d2 c8f5 d5d6
< bestmove e1d2
POSITION 33 ACTUAL e1d2 RESULT bestmove e1d2
> setoption name OwnBook value false
> setoption name Threads value 4
> setoption name Speed value 100
> isready
< readyok
> position fen r1b2rk1/p4ppp/8/3QP3/6n1/6P1/PPPKBq1P/R6R b - - 3 17
> go movetime 100
< info depth 1 seldepth 15 multipv 1 score cp 174 nodes 3277 nps 50415 time 65 pv c8e6
< bestmove c8e6
POSITION 34 ACTUAL c8b7 RESULT bestmove c8e6
> setoption name OwnBook value false
> setoption name Threads value 4
> setoption name Speed value 100
> isready
< readyok
> position fen r4rk1/pb3ppp/8/3QP3/6n1/6P1/PPPKBq1P/R6R w - - 4 18
> go movetime 100
< bestmove d5b7
POSITION 35 ACTUAL d5b7 RESULT bestmove d5b7
> setoption name OwnBook value false
> setoption name Threads value 4
> setoption name Speed value 100
> isready
< readyok
> position fen r4rk1/pQ3ppp/8/4P3/6n1/6P1/PPPKBq1P/R6R b - - 0 18
> go movetime 100
< bestmove f8d8
POSITION 36 ACTUAL f8d8 RESULT bestmove f8d8
> setoption name OwnBook value false
> setoption name Threads value 4
> setoption name Speed value 100
> isready
< readyok
> position fen r2r2k1/pQ3ppp/8/4P3/6n1/6P1/PPPKBq1P/R6R w - - 1 19
> go movetime 100
< info depth 1 seldepth 13 multipv 1 score cp -120 nodes 1520 nps 56296 time 27 pv d2c1 f2e2
< bestmove d2c1
POSITION 37 ACTUAL d2c1 RESULT bestmove d2c1
> setoption name OwnBook value false
> setoption name Threads value 4
> setoption name Speed value 100
> isready
< readyok
> position fen r2r2k1/pQ3ppp/8/4P3/6n1/6P1/PPP1Bq1P/R1K4R b - - 2 19
> go movetime 100
< info depth 1 seldepth 13 multipv 1 score cp 290 nodes 2013 nps 47928 time 42 pv f2e2
< info depth 2 seldepth 13 multipv 1 score cp 290 nodes 2058 nps 47860 time 43 pv f2e2
< bestmove f2e2
POSITION 38 ACTUAL f2e2 RESULT bestmove f2e2
> setoption name OwnBook value false
> setoption name Threads value 4
> setoption name Speed value 100
> isready
< readyok
> position fen r2r2k1/pQ3ppp/8/4P3/6n1/6P1/PPP1q2P/R1K4R w - - 0 20
> go movetime 100
< info depth 1 seldepth 15 multipv 1 score cp -290 nodes 4515 nps 66397 time 68 pv a2a3
< bestmove a2a3
POSITION 39 ACTUAL b2b3 RESULT bestmove a2a3
> setoption name OwnBook value false
> setoption name Threads value 4
> setoption name Speed value 100
> isready
< readyok
> position fen r2r2k1/pQ3ppp/8/4P3/6n1/1P4P1/P1P1q2P/R1K4R b - - 0 20
> go movetime 100
< info depth 1 seldepth 12 multipv 1 score cp 347 nodes 4301 nps 61442 time 70 pv g4f2
< bestmove g4f2
POSITION 40 ACTUAL g4e3 RESULT bestmove g4f2
> setoption name OwnBook value false
> setoption name Threads value 4
> setoption name Speed value 100
> isready
< readyok
> position fen r2r2k1/pQ3ppp/8/4P3/8/1P2n1P1/P1P1q2P/R1K4R w - - 1 21
> go movetime 100
< bestmove b7c6
POSITION 41 ACTUAL c1b2 RESULT bestmove b7c6
> setoption name OwnBook value false
> setoption name Threads value 4
> setoption name Speed value 100
> isready
< readyok
> position fen r2r2k1/pQ3ppp/8/4P3/8/1P2n1P1/PKP1q2P/R6R b - - 2 21
> go movetime 100
< bestmove e2c2
POSITION 42 ACTUAL e2c2 RESULT bestmove e2c2
> setoption name OwnBook value false
> setoption name Threads value 4
> setoption name Speed value 100
> isready
< readyok
> position fen r2r2k1/pQ3ppp/8/4P3/8/1P2n1P1/PKq4P/R6R w - - 0 22
> go movetime 100
< info depth 1 seldepth 13 multipv 1 score cp -454 nodes 4763 nps 67084 time 71 pv b2a3 c2c3 a3a4
< bestmove b2a3
POSITION 43 ACTUAL b2a3 RESULT bestmove b2a3
> setoption name OwnBook value false
> setoption name Threads value 4
> setoption name Speed value 100
> isready
< readyok
> position fen r2r2k1/pQ3ppp/8/4P3/8/KP2n1P1/P1q4P/R6R b - - 1 22
> go movetime 100
< bestmove c2c5
POSITION 44 ACTUAL c2c5 RESULT bestmove c2c5
> quit
