id name Koi Engine
id author Koi Engine contributors
option name RandomSeed type spin default 0 min 0 max 2147483647
option name Hash type spin default 512 min 1 max 4096
option name Threads type spin default 1 min 1 max 8
option name Speed type spin default 100 min 1 max 100
option name UCI_AnalyseMode type check default false
option name MultiPV type spin default 1 min 1 max 16
option name Ponder type check default false
option name OwnBook type check default true
option name BookFile type string default book.bin
option name BookDepth type spin default 16 min 0 max 40
option name BookRandom type check default false
option name BookSafety type check default true
option name BookSafetyDepth type spin default 2 min 0 max 3
option name Clear Hash type button
option name UCI_ShowWDL type check default false
option name Move Overhead type spin default 10 min 0 max 5000
option name Slow Mover type spin default 100 min 10 max 1000
option name UCI_LimitStrength type check default false
option name UCI_Elo type spin default 1320 min 1320 max 3190
option name StrengthMode type check default false
option name SyzygyPath type string default 
option name SyzygyProbeDepth type spin default 1 min 1 max 100
option name SyzygyProbeLimit type spin default 5 min 0 max 7
option name Syzygy50MoveRule type check default true
uciok
readyok
info depth 1 seldepth 1 multipv 1 score cp 102 nodes 23 nps 23 time 0 pv b1c3
info depth 2 seldepth 8 multipv 1 score cp 0 nodes 182 nps 60666 time 3 pv g1f3 b8c6
info depth 3 seldepth 8 multipv 1 score cp 102 nodes 325 nps 54166 time 6 pv g1f3 b8c6 b1c3
info depth 4 seldepth 12 multipv 1 score cp 0 nodes 1595 nps 56964 time 28 pv b1c3 b8c6 g1f3
bestmove b1c3
readyok
info depth 1 seldepth 1 multipv 1 score cp 0 nodes 21 nps 21 time 0 pv b8c6
info depth 2 seldepth 1 multipv 1 score cp -44 nodes 42 nps 42 time 0 pv b8c6
info depth 3 seldepth 1 multipv 1 score cp -44 nodes 63 nps 63 time 0 pv b8c6
info depth 4 seldepth 6 multipv 1 score cp -44 nodes 162 nps 81000 time 2 pv b8c6
bestmove b8c6
readyok
info depth 1 seldepth 11 multipv 1 score cp 134 nodes 464 nps 58000 time 8 pv g1f3
info depth 2 seldepth 11 multipv 1 score cp 35 nodes 567 nps 63000 time 9 pv e2e4
info depth 3 seldepth 11 multipv 1 score cp 76 nodes 998 nps 52526 time 19 pv d2d4 b8c6 g1f3
bestmove d2d4
readyok
info depth 1 seldepth 11 multipv 1 score cp -21 nodes 161 nps 53666 time 3 pv d8d6
info depth 2 seldepth 11 multipv 1 score cp -76 nodes 243 nps 48600 time 5 pv b8c6 g1f3
info depth 3 seldepth 11 multipv 1 score cp 0 nodes 304 nps 50666 time 6 pv b8c6 g1f3 g8f6
info depth 4 seldepth 18 multipv 1 score cp -60 nodes 3349 nps 45256 time 74 pv b8c6 g1f3 g8f6 d1d3
bestmove b8c6
readyok
info depth 1 seldepth 11 multipv 1 score cp 102 nodes 159 nps 53000 time 3 pv g1f3
info depth 2 seldepth 11 multipv 1 score cp 60 nodes 189 nps 47250 time 4 pv g1f3 b8c6
info depth 3 seldepth 11 multipv 1 score cp 60 nodes 479 nps 47900 time 10 pv g1f3 b8c6
bestmove g1f3
readyok
info depth 1 seldepth 7 multipv 1 score cp -14 nodes 112 nps 37333 time 3 pv b8c6
info depth 2 seldepth 7 multipv 1 score cp -14 nodes 142 nps 35500 time 4 pv b8c6
info depth 3 seldepth 7 multipv 1 score cp -14 nodes 172 nps 34400 time 5 pv b8c6
bestmove b8c6
readyok
info depth 1 seldepth 14 multipv 1 score cp 111 nodes 973 nps 44227 time 22 pv d4c5 b8c6
info depth 2 seldepth 14 multipv 1 score cp 111 nodes 1391 nps 42151 time 33 pv d4c5
info depth 3 seldepth 14 multipv 1 score cp 171 nodes 2640 nps 40615 time 65 pv d4c5 b8c6 d1d3
bestmove d4c5
readyok
info depth 1 seldepth 13 multipv 1 score cp -111 nodes 667 nps 41687 time 16 pv b8c6
info depth 2 seldepth 13 multipv 1 score cp -171 nodes 731 nps 40611 time 18 pv b8c6
info depth 3 seldepth 13 multipv 1 score cp -108 nodes 1722 nps 38266 time 45 pv b8c6 d1d3 d8a5
bestmove b8c6
readyok
info depth 1 seldepth 10 multipv 1 score cp 167 nodes 1058 nps 40692 time 26 pv c1g5
info depth 2 seldepth 10 multipv 1 score cp 124 nodes 1140 nps 40714 time 28 pv c1e3
info depth 3 seldepth 10 multipv 1 score cp 124 nodes 1888 nps 37760 time 50 pv c1e3
bestmove c1e3
readyok
info depth 1 seldepth 8 multipv 1 score cp -92 nodes 421 nps 38272 time 11 pv d8c7
info depth 2 seldepth 13 multipv 1 score cp -96 nodes 784 nps 39200 time 20 pv e7e5 d4c6
info depth 3 seldepth 13 multipv 1 score cp -65 nodes 1864 nps 38833 time 48 pv d8a5 d4c6 b7c6
bestmove d8a5
readyok
info depth 1 seldepth 13 multipv 1 score cp 96 nodes 743 nps 32304 time 23 pv d4c6 b7c6
info depth 2 seldepth 13 multipv 1 score cp 96 nodes 861 nps 33115 time 26 pv d4c6
info depth 3 seldepth 13 multipv 1 score cp 142 nodes 1974 nps 27416 time 72 pv d4c6 b7c6 c1e3
bestmove d4c6
readyok
info depth 1 seldepth 15 multipv 1 score cp -142 nodes 723 nps 34428 time 21 pv b7c6
info depth 2 seldepth 15 multipv 1 score cp -142 nodes 758 nps 34454 time 22 pv b7c6
info depth 3 seldepth 15 multipv 1 score cp -76 nodes 1916 nps 34836 time 55 pv b7c6 c1e3 d5d4
bestmove b7c6
readyok
info depth 1 seldepth 14 multipv 1 score cp 142 nodes 985 nps 42826 time 23 pv c1e3
info depth 2 seldepth 14 multipv 1 score cp 85 nodes 1305 nps 43500 time 30 pv c1e3 c8g4 a1c1
info depth 3 seldepth 14 multipv 1 score cp 112 nodes 2556 nps 40571 time 63 pv c1e3 a8b8 a1b1
bestmove c1e3
readyok
info depth 1 seldepth 11 multipv 1 score cp 35 nodes 1070 nps 39629 time 27 pv e5f4 h2h3
info depth 2 seldepth 11 multipv 1 score cp 35 nodes 1137 nps 40607 time 28 pv e5f4
info depth 3 seldepth 11 multipv 1 score cp 55 nodes 2500 nps 43859 time 57 pv e5f4 c1f4 f8c5
bestmove e5f4
readyok
info depth 1 seldepth 14 multipv 1 score cp 9 nodes 2734 nps 45566 time 60 pv f4e5 f6e4 c3e4
bestmove f4e5
readyok
info depth 1 seldepth 14 multipv 1 score cp -9 nodes 717 nps 44812 time 16 pv f6e4
info depth 2 seldepth 14 multipv 1 score cp -9 nodes 1318 nps 43933 time 30 pv f6e4
bestmove f6e4
readyok
info depth 1 seldepth 16 multipv 1 score cp 13 nodes 1877 nps 44690 time 42 pv e2e4
info depth 2 seldepth 16 multipv 1 score cp 13 nodes 1905 nps 44302 time 43 pv e2e4
bestmove e2e4
readyok
info depth 1 seldepth 19 multipv 1 score cp 74 nodes 3734 nps 47871 time 78 pv d8a5 f1d3
bestmove d8a5
readyok
bestmove d1d3
readyok
bestmove g4e3
readyok
info depth 1 seldepth 13 multipv 1 score cp 50 nodes 804 nps 50250 time 16 pv g2g3 h4h6
info depth 2 seldepth 13 multipv 1 score cp -11 nodes 1560 nps 45882 time 34 pv g2g3 h4d8 e1g1
bestmove g2g3
readyok
info depth 1 seldepth 11 multipv 1 score cp 51 nodes 802 nps 33416 time 24 pv h4e7
info depth 2 seldepth 11 multipv 1 score cp 51 nodes 844 nps 35166 time 24 pv h4e7
info depth 3 seldepth 15 multipv 1 score cp 57 nodes 2884 nps 34746 time 83 pv h4g5 h1f1 g5e5
bestmove h4g5
readyok
bestmove d3f1
readyok
info depth 1 seldepth 12 multipv 1 score cp 6 nodes 1485 nps 28018 time 53 pv h3h5
bestmove h3h5
readyok
info depth 1 seldepth 19 multipv 1 score cp 24 nodes 3550 nps 41279 time 86 pv c3d5 g4e5
bestmove c3d5
readyok
bestmove g4e5
readyok
bestmove d1d5
readyok
bestmove c5e3
readyok
bestmove d5a8
readyok
info depth 1 seldepth 13 multipv 1 score cp 218 nodes 3503 nps 48652 time 72 pv h6e3 f1e2 c8e6
bestmove h6e3
readyok
info depth 1 seldepth 1 multipv 1 score cp -218 nodes 3 nps 3 time 0 pv f1e2
info depth 2 seldepth 14 multipv 1 score cp -259 nodes 2169 nps 47152 time 46 pv f1e2 c8e6
bestmove f1e2
readyok
info depth 1 seldepth 13 multipv 1 score cp 259 nodes 1668 nps 40682 time 41 pv c8e6
info depth 2 seldepth 13 multipv 1 score cp 259 nodes 1981 nps 41270 time 48 pv c8e6
bestmove c8e6
readyok
info depth 1 seldepth 1 multipv 1 score cp -188 nodes 3 nps 3 time 0 pv e1d2
info depth 2 seldepth 15 multipv 1 score cp -255 nodes 3673 nps 52471 time 70 pv e1d2 c8f5 d5d6
bestmove e1d2
readyok
info depth 1 seldepth 15 multipv 1 score cp 174 nodes 3277 nps 50415 time 65 pv c8e6
bestmove c8e6
readyok
bestmove d5b7
readyok
bestmove f8d8
readyok
info depth 1 seldepth 13 multipv 1 score cp -120 nodes 1520 nps 56296 time 27 pv d2c1 f2e2
bestmove d2c1
readyok
info depth 1 seldepth 13 multipv 1 score cp 290 nodes 2013 nps 47928 time 42 pv f2e2
info depth 2 seldepth 13 multipv 1 score cp 290 nodes 2058 nps 47860 time 43 pv f2e2
bestmove f2e2
readyok
info depth 1 seldepth 15 multipv 1 score cp -290 nodes 4515 nps 66397 time 68 pv a2a3
bestmove a2a3
readyok
info depth 1 seldepth 12 multipv 1 score cp 347 nodes 4301 nps 61442 time 70 pv g4f2
bestmove g4f2
readyok
bestmove b7c6
readyok
bestmove e2c2
readyok
info depth 1 seldepth 13 multipv 1 score cp -454 nodes 4763 nps 67084 time 71 pv b2a3 c2c3 a3a4
bestmove b2a3
readyok
bestmove c2c5
