Started game 1 of 100 (Koi vs Opponent)
Finished game 1 (Koi vs Opponent): 0-1 {Black mates}
Score of Koi vs Opponent: 0 - 1 - 0  [0.000] 1
Started game 2 of 100 (Opponent vs Koi)
Finished game 2 (Opponent vs Koi): 1-0 {White mates}
Score of Koi vs Opponent: 0 - 2 - 0  [0.000] 2
Started game 3 of 100 (Koi vs Opponent)
Finished game 3 (Koi vs Opponent): 0-1 {Black mates}
Score of Koi vs Opponent: 0 - 3 - 0  [0.000] 3
Started game 4 of 100 (Opponent vs Koi)
Finished game 4 (Opponent vs Koi): 1-0 {White mates}
Score of Koi vs Opponent: 0 - 4 - 0  [0.000] 4
Started game 5 of 100 (Koi vs Opponent)
Finished game 5 (Koi vs Opponent): 0-1 {Black mates}
Score of Koi vs Opponent: 0 - 5 - 0  [0.000] 5
Started game 6 of 100 (Opponent vs Koi)
Finished game 6 (Opponent vs Koi): 1-0 {White mates}
Score of Koi vs Opponent: 0 - 6 - 0  [0.000] 6
Started game 7 of 100 (Koi vs Opponent)
Finished game 7 (Koi vs Opponent): 0-1 {Black mates}
Score of Koi vs Opponent: 0 - 7 - 0  [0.000] 7
Started game 8 of 100 (Opponent vs Koi)
Finished game 8 (Opponent vs Koi): 1-0 {White mates}
Score of Koi vs Opponent: 0 - 8 - 0  [0.000] 8
Started game 9 of 100 (Koi vs Opponent)
Finished game 9 (Koi vs Opponent): 0-1 {Black mates}
Score of Koi vs Opponent: 0 - 9 - 0  [0.000] 9
Started game 10 of 100 (Opponent vs Koi)
Finished game 10 (Opponent vs Koi): 1-0 {White mates}
Score of Koi vs Opponent: 0 - 10 - 0  [0.000] 10
Started game 11 of 100 (Koi vs Opponent)
Finished game 11 (Koi vs Opponent): 0-1 {Black mates}
Score of Koi vs Opponent: 0 - 11 - 0  [0.000] 11
Started game 12 of 100 (Opponent vs Koi)
Finished game 12 (Opponent vs Koi): 1-0 {White mates}
Score of Koi vs Opponent: 0 - 12 - 0  [0.000] 12
Started game 13 of 100 (Koi vs Opponent)
Finished game 13 (Koi vs Opponent): 0-1 {Black mates}
Score of Koi vs Opponent: 0 - 13 - 0  [0.000] 13
Started game 14 of 100 (Opponent vs Koi)
Finished game 14 (Opponent vs Koi): 1-0 {White mates}
Score of Koi vs Opponent: 0 - 14 - 0  [0.000] 14
Started game 15 of 100 (Koi vs Opponent)
Finished game 15 (Koi vs Opponent): 0-1 {Black mates}
Score of Koi vs Opponent: 0 - 15 - 0  [0.000] 15
Started game 16 of 100 (Opponent vs Koi)
Finished game 16 (Opponent vs Koi): 1-0 {White mates}
Score of Koi vs Opponent: 0 - 16 - 0  [0.000] 16
Started game 17 of 100 (Koi vs Opponent)
Finished game 17 (Koi vs Opponent): 0-1 {Black mates}
Score of Koi vs Opponent: 0 - 17 - 0  [0.000] 17
Started game 18 of 100 (Opponent vs Koi)
Finished game 18 (Opponent vs Koi): 1-0 {White mates}
Score of Koi vs Opponent: 0 - 18 - 0  [0.000] 18
Started game 19 of 100 (Koi vs Opponent)
Finished game 19 (Koi vs Opponent): 0-1 {Black mates}
Score of Koi vs Opponent: 0 - 19 - 0  [0.000] 19
Started game 20 of 100 (Opponent vs Koi)
Finished game 20 (Opponent vs Koi): 1-0 {White mates}
Score of Koi vs Opponent: 0 - 20 - 0  [0.000] 20
Started game 21 of 100 (Koi vs Opponent)
Finished game 21 (Koi vs Opponent): 0-1 {Black mates}
Score of Koi vs Opponent: 0 - 21 - 0  [0.000] 21
Started game 22 of 100 (Opponent vs Koi)
Finished game 22 (Opponent vs Koi): 1-0 {White mates}
Score of Koi vs Opponent: 0 - 22 - 0  [0.000] 22
Started game 23 of 100 (Koi vs Opponent)
Finished game 23 (Koi vs Opponent): 0-1 {Black mates}
Score of Koi vs Opponent: 0 - 23 - 0  [0.000] 23
Started game 24 of 100 (Opponent vs Koi)
Finished game 24 (Opponent vs Koi): 1-0 {White mates}
Score of Koi vs Opponent: 0 - 24 - 0  [0.000] 24
Started game 25 of 100 (Koi vs Opponent)
Finished game 25 (Koi vs Opponent): 0-1 {Black mates}
Score of Koi vs Opponent: 0 - 25 - 0  [0.000] 25
Started game 26 of 100 (Opponent vs Koi)
Finished game 26 (Opponent vs Koi): 1-0 {White mates}
Score of Koi vs Opponent: 0 - 26 - 0  [0.000] 26
Started game 27 of 100 (Koi vs Opponent)
Finished game 27 (Koi vs Opponent): 0-1 {Black mates}
Score of Koi vs Opponent: 0 - 27 - 0  [0.000] 27
Started game 28 of 100 (Opponent vs Koi)
Finished game 28 (Opponent vs Koi): 1-0 {White mates}
Score of Koi vs Opponent: 0 - 28 - 0  [0.000] 28
Started game 29 of 100 (Koi vs Opponent)
Finished game 29 (Koi vs Opponent): 0-1 {Black mates}
Score of Koi vs Opponent: 0 - 29 - 0  [0.000] 29
Started game 30 of 100 (Opponent vs Koi)
Finished game 30 (Opponent vs Koi): 1-0 {White mates}
Score of Koi vs Opponent: 0 - 30 - 0  [0.000] 30
Started game 31 of 100 (Koi vs Opponent)
Finished game 31 (Koi vs Opponent): 0-1 {Black mates}
Score of Koi vs Opponent: 0 - 31 - 0  [0.000] 31
Started game 32 of 100 (Opponent vs Koi)
Finished game 32 (Opponent vs Koi): 1-0 {White mates}
Score of Koi vs Opponent: 0 - 32 - 0  [0.000] 32
Started game 33 of 100 (Koi vs Opponent)
Finished game 33 (Koi vs Opponent): 0-1 {Black mates}
Score of Koi vs Opponent: 0 - 33 - 0  [0.000] 33
Started game 34 of 100 (Opponent vs Koi)
Finished game 34 (Opponent vs Koi): 1-0 {White mates}
Score of Koi vs Opponent: 0 - 34 - 0  [0.000] 34
Started game 35 of 100 (Koi vs Opponent)
Finished game 35 (Koi vs Opponent): 0-1 {Black mates}
Score of Koi vs Opponent: 0 - 35 - 0  [0.000] 35
Started game 36 of 100 (Opponent vs Koi)
Finished game 36 (Opponent vs Koi): 1-0 {White mates}
Score of Koi vs Opponent: 0 - 36 - 0  [0.000] 36
Started game 37 of 100 (Koi vs Opponent)
Finished game 37 (Koi vs Opponent): 0-1 {Black mates}
Score of Koi vs Opponent: 0 - 37 - 0  [0.000] 37
Started game 38 of 100 (Opponent vs Koi)
Finished game 38 (Opponent vs Koi): 1-0 {White mates}
Score of Koi vs Opponent: 0 - 38 - 0  [0.000] 38
Started game 39 of 100 (Koi vs Opponent)
Finished game 39 (Koi vs Opponent): 0-1 {Black mates}
Score of Koi vs Opponent: 0 - 39 - 0  [0.000] 39
Started game 40 of 100 (Opponent vs Koi)
Finished game 40 (Opponent vs Koi): 1-0 {White mates}
Score of Koi vs Opponent: 0 - 40 - 0  [0.000] 40
Started game 41 of 100 (Koi vs Opponent)
Finished game 41 (Koi vs Opponent): 0-1 {Black mates}
Score of Koi vs Opponent: 0 - 41 - 0  [0.000] 41
Started game 42 of 100 (Opponent vs Koi)
Finished game 42 (Opponent vs Koi): 1-0 {White mates}
Score of Koi vs Opponent: 0 - 42 - 0  [0.000] 42
Started game 43 of 100 (Koi vs Opponent)
Finished game 43 (Koi vs Opponent): 0-1 {Black mates}
Score of Koi vs Opponent: 0 - 43 - 0  [0.000] 43
Started game 44 of 100 (Opponent vs Koi)
Finished game 44 (Opponent vs Koi): 1-0 {White mates}
Score of Koi vs Opponent: 0 - 44 - 0  [0.000] 44
Started game 45 of 100 (Koi vs Opponent)
Finished game 45 (Koi vs Opponent): 0-1 {Black mates}
Score of Koi vs Opponent: 0 - 45 - 0  [0.000] 45
Started game 46 of 100 (Opponent vs Koi)
Finished game 46 (Opponent vs Koi): 1-0 {White mates}
Score of Koi vs Opponent: 0 - 46 - 0  [0.000] 46
Started game 47 of 100 (Koi vs Opponent)
Finished game 47 (Koi vs Opponent): 0-1 {Black mates}
Score of Koi vs Opponent: 0 - 47 - 0  [0.000] 47
Started game 48 of 100 (Opponent vs Koi)
Finished game 48 (Opponent vs Koi): 1-0 {White mates}
Score of Koi vs Opponent: 0 - 48 - 0  [0.000] 48
Started game 49 of 100 (Koi vs Opponent)
Finished game 49 (Koi vs Opponent): 0-1 {Black mates}
Score of Koi vs Opponent: 0 - 49 - 0  [0.000] 49
Started game 50 of 100 (Opponent vs Koi)
Finished game 50 (Opponent vs Koi): 1-0 {White mates}
Score of Koi vs Opponent: 0 - 50 - 0  [0.000] 50
Started game 51 of 100 (Koi vs Opponent)
Finished game 51 (Koi vs Opponent): 0-1 {Black mates}
Score of Koi vs Opponent: 0 - 51 - 0  [0.000] 51
Started game 52 of 100 (Opponent vs Koi)
Finished game 52 (Opponent vs Koi): 1-0 {White mates}
Score of Koi vs Opponent: 0 - 52 - 0  [0.000] 52
Started game 53 of 100 (Koi vs Opponent)
Finished game 53 (Koi vs Opponent): 0-1 {Black mates}
Score of Koi vs Opponent: 0 - 53 - 0  [0.000] 53
Started game 54 of 100 (Opponent vs Koi)
Finished game 54 (Opponent vs Koi): 1-0 {White mates}
Score of Koi vs Opponent: 0 - 54 - 0  [0.000] 54
Started game 55 of 100 (Koi vs Opponent)
Finished game 55 (Koi vs Opponent): 0-1 {Black mates}
Score of Koi vs Opponent: 0 - 55 - 0  [0.000] 55
Started game 56 of 100 (Opponent vs Koi)
Finished game 56 (Opponent vs Koi): 1-0 {White mates}
Score of Koi vs Opponent: 0 - 56 - 0  [0.000] 56
Started game 57 of 100 (Koi vs Opponent)
Finished game 57 (Koi vs Opponent): 0-1 {Black mates}
Score of Koi vs Opponent: 0 - 57 - 0  [0.000] 57
Started game 58 of 100 (Opponent vs Koi)
Finished game 58 (Opponent vs Koi): 1-0 {White mates}
Score of Koi vs Opponent: 0 - 58 - 0  [0.000] 58
Started game 59 of 100 (Koi vs Opponent)
Finished game 59 (Koi vs Opponent): 0-1 {Black mates}
Score of Koi vs Opponent: 0 - 59 - 0  [0.000] 59
Started game 60 of 100 (Opponent vs Koi)
Finished game 60 (Opponent vs Koi): 1-0 {White mates}
Score of Koi vs Opponent: 0 - 60 - 0  [0.000] 60
Started game 61 of 100 (Koi vs Opponent)
Finished game 61 (Koi vs Opponent): 0-1 {Black mates}
Score of Koi vs Opponent: 0 - 61 - 0  [0.000] 61
Started game 62 of 100 (Opponent vs Koi)
Finished game 62 (Opponent vs Koi): 1-0 {White mates}
Score of Koi vs Opponent: 0 - 62 - 0  [0.000] 62
Started game 63 of 100 (Koi vs Opponent)
Finished game 63 (Koi vs Opponent): 0-1 {Black mates}
Score of Koi vs Opponent: 0 - 63 - 0  [0.000] 63
Started game 64 of 100 (Opponent vs Koi)
Finished game 64 (Opponent vs Koi): 1-0 {White mates}
Score of Koi vs Opponent: 0 - 64 - 0  [0.000] 64
Started game 65 of 100 (Koi vs Opponent)
Finished game 65 (Koi vs Opponent): 0-1 {Black mates}
Score of Koi vs Opponent: 0 - 65 - 0  [0.000] 65
Started game 66 of 100 (Opponent vs Koi)
Finished game 66 (Opponent vs Koi): 1-0 {White mates}
Score of Koi vs Opponent: 0 - 66 - 0  [0.000] 66
Started game 67 of 100 (Koi vs Opponent)
Finished game 67 (Koi vs Opponent): 0-1 {Black mates}
Score of Koi vs Opponent: 0 - 67 - 0  [0.000] 67
Started game 68 of 100 (Opponent vs Koi)
Finished game 68 (Opponent vs Koi): 1-0 {White mates}
Score of Koi vs Opponent: 0 - 68 - 0  [0.000] 68
Started game 69 of 100 (Koi vs Opponent)
Finished game 69 (Koi vs Opponent): 0-1 {Black mates}
Score of Koi vs Opponent: 0 - 69 - 0  [0.000] 69
Started game 70 of 100 (Opponent vs Koi)
Finished game 70 (Opponent vs Koi): 1-0 {White mates}
Score of Koi vs Opponent: 0 - 70 - 0  [0.000] 70
Started game 71 of 100 (Koi vs Opponent)
Finished game 71 (Koi vs Opponent): 0-1 {Black mates}
Score of Koi vs Opponent: 0 - 71 - 0  [0.000] 71
Started game 72 of 100 (Opponent vs Koi)
Finished game 72 (Opponent vs Koi): 1-0 {White mates}
Score of Koi vs Opponent: 0 - 72 - 0  [0.000] 72
Started game 73 of 100 (Koi vs Opponent)
Finished game 73 (Koi vs Opponent): 0-1 {Black mates}
Score of Koi vs Opponent: 0 - 73 - 0  [0.000] 73
Started game 74 of 100 (Opponent vs Koi)
Finished game 74 (Opponent vs Koi): 1-0 {White mates}
Score of Koi vs Opponent: 0 - 74 - 0  [0.000] 74
Started game 75 of 100 (Koi vs Opponent)
Finished game 75 (Koi vs Opponent): 0-1 {Black mates}
Score of Koi vs Opponent: 0 - 75 - 0  [0.000] 75
Started game 76 of 100 (Opponent vs Koi)
Finished game 76 (Opponent vs Koi): 1-0 {White mates}
Score of Koi vs Opponent: 0 - 76 - 0  [0.000] 76
Started game 77 of 100 (Koi vs Opponent)
Finished game 77 (Koi vs Opponent): 0-1 {Black mates}
Score of Koi vs Opponent: 0 - 77 - 0  [0.000] 77
Started game 78 of 100 (Opponent vs Koi)
Finished game 78 (Opponent vs Koi): 1-0 {White mates}
Score of Koi vs Opponent: 0 - 78 - 0  [0.000] 78
Started game 79 of 100 (Koi vs Opponent)
Finished game 79 (Koi vs Opponent): 0-1 {Black mates}
Score of Koi vs Opponent: 0 - 79 - 0  [0.000] 79
Started game 80 of 100 (Opponent vs Koi)
Finished game 80 (Opponent vs Koi): 1-0 {White mates}
Score of Koi vs Opponent: 0 - 80 - 0  [0.000] 80
Started game 81 of 100 (Koi vs Opponent)
Finished game 81 (Koi vs Opponent): 0-1 {Black mates}
Score of Koi vs Opponent: 0 - 81 - 0  [0.000] 81
Started game 82 of 100 (Opponent vs Koi)
Finished game 82 (Opponent vs Koi): 1-0 {White mates}
Score of Koi vs Opponent: 0 - 82 - 0  [0.000] 82
Started game 83 of 100 (Koi vs Opponent)
Finished game 83 (Koi vs Opponent): 0-1 {Black mates}
Score of Koi vs Opponent: 0 - 83 - 0  [0.000] 83
Started game 84 of 100 (Opponent vs Koi)
Finished game 84 (Opponent vs Koi): 1-0 {White mates}
Score of Koi vs Opponent: 0 - 84 - 0  [0.000] 84
Started game 85 of 100 (Koi vs Opponent)
Finished game 85 (Koi vs Opponent): 0-1 {Black mates}
Score of Koi vs Opponent: 0 - 85 - 0  [0.000] 85
Started game 86 of 100 (Opponent vs Koi)
Finished game 86 (Opponent vs Koi): 1-0 {White mates}
Score of Koi vs Opponent: 0 - 86 - 0  [0.000] 86
Started game 87 of 100 (Koi vs Opponent)
Finished game 87 (Koi vs Opponent): 0-1 {Black mates}
Score of Koi vs Opponent: 0 - 87 - 0  [0.000] 87
Started game 88 of 100 (Opponent vs Koi)
Finished game 88 (Opponent vs Koi): 1-0 {White mates}
Score of Koi vs Opponent: 0 - 88 - 0  [0.000] 88
Started game 89 of 100 (Koi vs Opponent)
Finished game 89 (Koi vs Opponent): 0-1 {Black mates}
Score of Koi vs Opponent: 0 - 89 - 0  [0.000] 89
Started game 90 of 100 (Opponent vs Koi)
Finished game 90 (Opponent vs Koi): 1-0 {White mates}
Score of Koi vs Opponent: 0 - 90 - 0  [0.000] 90
Started game 91 of 100 (Koi vs Opponent)
Finished game 91 (Koi vs Opponent): 0-1 {Black mates}
Score of Koi vs Opponent: 0 - 91 - 0  [0.000] 91
Started game 92 of 100 (Opponent vs Koi)
Finished game 92 (Opponent vs Koi): 1-0 {White mates}
Score of Koi vs Opponent: 0 - 92 - 0  [0.000] 92
Started game 93 of 100 (Koi vs Opponent)
Finished game 93 (Koi vs Opponent): 0-1 {Black mates}
Score of Koi vs Opponent: 0 - 93 - 0  [0.000] 93
Started game 94 of 100 (Opponent vs Koi)
Finished game 94 (Opponent vs Koi): 1-0 {White mates}
Score of Koi vs Opponent: 0 - 94 - 0  [0.000] 94
Started game 95 of 100 (Koi vs Opponent)
Finished game 95 (Koi vs Opponent): 0-1 {Black mates}
Score of Koi vs Opponent: 0 - 95 - 0  [0.000] 95
Started game 96 of 100 (Opponent vs Koi)
Finished game 96 (Opponent vs Koi): 1-0 {White mates}
Score of Koi vs Opponent: 0 - 96 - 0  [0.000] 96
Started game 97 of 100 (Koi vs Opponent)
Finished game 97 (Koi vs Opponent): 0-1 {Black mates}
Score of Koi vs Opponent: 0 - 97 - 0  [0.000] 97
Started game 98 of 100 (Opponent vs Koi)
Finished game 98 (Opponent vs Koi): 1-0 {White mates}
Score of Koi vs Opponent: 0 - 98 - 0  [0.000] 98
Started game 99 of 100 (Koi vs Opponent)
Finished game 99 (Koi vs Opponent): 0-1 {Black mates}
Score of Koi vs Opponent: 0 - 99 - 0  [0.000] 99
Started game 100 of 100 (Opponent vs Koi)
Finished game 100 (Opponent vs Koi): 1-0 {White mates}
Score of Koi vs Opponent: 0 - 100 - 0  [0.000] 100
...      Koi playing White: 0 - 50 - 0  [0.000] 50
...      Koi playing Black: 0 - 50 - 0  [0.000] 50
...      White vs Black: 50 - 50 - 0  [0.500] 100
Elo difference: -inf +/- nan, LOS: 0.0 %, DrawRatio: 0.0 %
SPRT: llr 0 (0.0%), lbound -inf, ubound inf

Player: Koi
   "Loss: Black mates": 50
   "Loss: White mates": 50
Player: Opponent
   "Win: Black mates": 50
   "Win: White mates": 50
Finished match
