test_accepts_a_complete_legal_match_bundle (release_candidate_games_test.ReleaseCandidateGamesTest.test_accepts_a_complete_legal_match_bundle) ... ok
test_accepts_harness_rule_draw_termination (release_candidate_games_test.ReleaseCandidateGamesTest.test_accepts_harness_rule_draw_termination) ... ok
test_accepts_max_plies_as_a_completed_bounded_uci_game (release_candidate_games_test.ReleaseCandidateGamesTest.test_accepts_max_plies_as_a_completed_bounded_uci_game) ... ok
test_black_to_move_opening_allows_one_delayed_cap_ply (release_candidate_games_test.ReleaseCandidateGamesTest.test_black_to_move_opening_allows_one_delayed_cap_ply) ... ok
test_cli_labels_the_cute_chess_limit_as_full_moves (release_candidate_games_test.ReleaseCandidateGamesTest.test_cli_labels_the_cute_chess_limit_as_full_moves) ... ok
test_full_move_cap_allows_one_delay_but_rejects_two_for_either_side (release_candidate_games_test.ReleaseCandidateGamesTest.test_full_move_cap_allows_one_delay_but_rejects_two_for_either_side) ... ok
test_max_moves_is_a_full_move_cap (release_candidate_games_test.ReleaseCandidateGamesTest.test_max_moves_is_a_full_move_cap) ... ok
test_max_plies_cap_starts_after_the_curated_opening (release_candidate_games_test.ReleaseCandidateGamesTest.test_max_plies_cap_starts_after_the_curated_opening) ... ok
test_opening_coverage_can_be_disabled_for_a_small_pilot (release_candidate_games_test.ReleaseCandidateGamesTest.test_opening_coverage_can_be_disabled_for_a_small_pilot) ... ok
test_rejects_a_match_missing_curated_opening_coverage (release_candidate_games_test.ReleaseCandidateGamesTest.test_rejects_a_match_missing_curated_opening_coverage) ... ok
test_rejects_actual_color_counts_that_disagree_with_requested_color (release_candidate_games_test.ReleaseCandidateGamesTest.test_rejects_actual_color_counts_that_disagree_with_requested_color) ... ok
test_rejects_cute_chess_result_without_engine_play (release_candidate_games_test.ReleaseCandidateGamesTest.test_rejects_cute_chess_result_without_engine_play) ... ok
test_rejects_illegal_or_unfinished_games (release_candidate_games_test.ReleaseCandidateGamesTest.test_rejects_illegal_or_unfinished_games) ... ok
test_rejects_process_failures_and_configuration_drift (release_candidate_games_test.ReleaseCandidateGamesTest.test_rejects_process_failures_and_configuration_drift) ... ok
test_rejects_uci_missing_opponent_process_status (release_candidate_games_test.ReleaseCandidateGamesTest.test_rejects_uci_missing_opponent_process_status) ... ok
test_rejects_uci_opening_only_result (release_candidate_games_test.ReleaseCandidateGamesTest.test_rejects_uci_opening_only_result) ... ok
test_rejects_uci_protocol_and_process_failures (release_candidate_games_test.ReleaseCandidateGamesTest.test_rejects_uci_protocol_and_process_failures) ... ok
test_rejects_uci_result_without_played_moves (release_candidate_games_test.ReleaseCandidateGamesTest.test_rejects_uci_result_without_played_moves) ... ok
test_short_opening_is_not_mistaken_for_a_longer_matching_prefix (release_candidate_games_test.ReleaseCandidateGamesTest.test_short_opening_is_not_mistaken_for_a_longer_matching_prefix) ... ok
test_iid_sample_is_deterministic_legal_and_has_160_named_draws (release_strength_openings_test.ReleaseStrengthOpeningsTest.test_iid_sample_is_deterministic_legal_and_has_160_named_draws) ... ok
test_candidate_and_baseline_effective_book_settings_must_match (strength_bound_test.StrengthBoundTests.test_candidate_and_baseline_effective_book_settings_must_match) ... ok
test_configuration_mismatch_is_rejected (strength_bound_test.StrengthBoundTests.test_configuration_mismatch_is_rejected) ... ok
test_forged_replay_legal_flag_does_not_make_illegal_move_valid (strength_bound_test.StrengthBoundTests.test_forged_replay_legal_flag_does_not_make_illegal_move_valid) ... ok
test_non_reversed_or_different_opening_pairs_are_rejected (strength_bound_test.StrengthBoundTests.test_non_reversed_or_different_opening_pairs_are_rejected) ... ok
test_opening_prefix_without_engine_play_is_rejected (strength_bound_test.StrengthBoundTests.test_opening_prefix_without_engine_play_is_rejected) ... ok
test_pairs_color_reversed_games_and_reports_explicit_cap_draws (strength_bound_test.StrengthBoundTests.test_pairs_color_reversed_games_and_reports_explicit_cap_draws) ... ok
test_pgn_movetext_must_match_json_moves (strength_bound_test.StrengthBoundTests.test_pgn_movetext_must_match_json_moves) ... ok
test_positive_adverse_count_uses_exact_cp_bound (strength_bound_test.StrengthBoundTests.test_positive_adverse_count_uses_exact_cp_bound) ... ok
test_result_headers_without_played_moves_are_rejected (strength_bound_test.StrengthBoundTests.test_result_headers_without_played_moves_are_rejected) ... ok
test_same_opening_names_with_different_moves_are_rejected (strength_bound_test.StrengthBoundTests.test_same_opening_names_with_different_moves_are_rejected) ... ok
test_wrong_candidate_hash_is_rejected (strength_bound_test.StrengthBoundTests.test_wrong_candidate_hash_is_rejected) ... ok
test_zero_adverse_pairs_uses_exact_cp_bound_and_can_clear_minus_ten (strength_bound_test.StrengthBoundTests.test_zero_adverse_pairs_uses_exact_cp_bound_and_can_clear_minus_ten) ... ok

----------------------------------------------------------------------
Ran 32 tests in 2.790s

OK
