training device cuda (torch 2.14.0+cu126, cuda 12.6)
loaded 2251516 rows (51 own, 51 opp, pad 51) in 0.00s
epoch 1/440 train_loss 2.09624 val_loss 1.84818 val_mae_cp 184.82 time 127.4s
best val epoch 1 mae 184.82
epoch 2/440 train_loss 1.17622 val_loss 1.56830 val_mae_cp 156.83 time 130.6s
best val epoch 2 mae 156.83
epoch 3/440 train_loss 0.89774 val_loss 1.46390 val_mae_cp 146.39 time 101.4s
best val epoch 3 mae 146.39
epoch 4/440 train_loss 0.72808 val_loss 1.40809 val_mae_cp 140.81 time 124.7s
best val epoch 4 mae 140.81
epoch 5/440 train_loss 0.61718 val_loss 1.37592 val_mae_cp 137.59 time 137.0s
best val epoch 5 mae 137.59
epoch 6/440 train_loss 0.54315 val_loss 1.33821 val_mae_cp 133.82 time 127.5s
best val epoch 6 mae 133.82
epoch 7/440 train_loss 0.48641 val_loss 1.33640 val_mae_cp 133.64 time 122.8s
best val epoch 7 mae 133.64
epoch 8/440 train_loss 0.43837 val_loss 1.31614 val_mae_cp 131.61 time 83.1s
best val epoch 8 mae 131.61
epoch 9/440 train_loss 0.40274 val_loss 1.30946 val_mae_cp 130.95 time 127.8s
best val epoch 9 mae 130.95
epoch 10/440 train_loss 0.37945 val_loss 1.35100 val_mae_cp 135.10 time 144.1s
epoch 11/440 train_loss 0.36084 val_loss 1.29189 val_mae_cp 129.19 time 137.3s
best val epoch 11 mae 129.19
epoch 12/440 train_loss 0.33634 val_loss 1.29307 val_mae_cp 129.31 time 136.2s
epoch 13/440 train_loss 0.31335 val_loss 1.29832 val_mae_cp 129.83 time 121.9s
epoch 14/440 train_loss 0.29848 val_loss 1.34310 val_mae_cp 134.31 time 131.0s
epoch 15/440 train_loss 0.28904 val_loss 1.27755 val_mae_cp 127.75 time 119.5s
best val epoch 15 mae 127.75
epoch 16/440 train_loss 0.27884 val_loss 1.29704 val_mae_cp 129.70 time 119.6s
epoch 17/440 train_loss 0.26984 val_loss 1.32609 val_mae_cp 132.61 time 117.6s
epoch 18/440 train_loss 0.25912 val_loss 1.29352 val_mae_cp 129.35 time 118.3s
epoch 19/440 train_loss 0.24903 val_loss 1.29259 val_mae_cp 129.26 time 125.3s
epoch 20/440 train_loss 0.24301 val_loss 1.30183 val_mae_cp 130.18 time 125.4s
epoch 21/440 train_loss 0.23762 val_loss 1.30122 val_mae_cp 130.12 time 125.5s
epoch 22/440 train_loss 0.23165 val_loss 1.29095 val_mae_cp 129.09 time 126.1s
epoch 23/440 train_loss 0.22285 val_loss 1.29341 val_mae_cp 129.34 time 130.9s
epoch 24/440 train_loss 0.21497 val_loss 1.31525 val_mae_cp 131.52 time 136.1s
epoch 25/440 train_loss 0.20913 val_loss 1.32457 val_mae_cp 132.46 time 135.2s
epoch 26/440 train_loss 0.20361 val_loss 1.29456 val_mae_cp 129.46 time 140.6s
epoch 27/440 train_loss 0.19773 val_loss 1.33752 val_mae_cp 133.75 time 125.6s
epoch 28/440 train_loss 0.19310 val_loss 1.34200 val_mae_cp 134.20 time 123.3s
epoch 29/440 train_loss 0.18912 val_loss 1.29067 val_mae_cp 129.07 time 130.6s
epoch 30/440 train_loss 0.18603 val_loss 1.33581 val_mae_cp 133.58 time 86.5s
epoch 31/440 train_loss 0.18267 val_loss 1.31782 val_mae_cp 131.78 time 66.0s
epoch 32/440 train_loss 0.17838 val_loss 1.32004 val_mae_cp 132.00 time 65.1s
epoch 33/440 train_loss 0.17367 val_loss 1.30420 val_mae_cp 130.42 time 64.9s
epoch 34/440 train_loss 0.16825 val_loss 1.30213 val_mae_cp 130.21 time 66.5s
epoch 35/440 train_loss 0.16338 val_loss 1.30573 val_mae_cp 130.57 time 66.4s
epoch 36/440 train_loss 0.15935 val_loss 1.30019 val_mae_cp 130.02 time 66.2s
epoch 37/440 train_loss 0.15643 val_loss 1.31773 val_mae_cp 131.77 time 64.9s
epoch 38/440 train_loss 0.15476 val_loss 1.32762 val_mae_cp 132.76 time 65.0s
epoch 39/440 train_loss 0.15399 val_loss 1.30515 val_mae_cp 130.51 time 65.8s
epoch 40/440 train_loss 0.15288 val_loss 1.30520 val_mae_cp 130.52 time 65.1s
epoch 41/440 train_loss 0.15149 val_loss 1.31957 val_mae_cp 131.96 time 64.7s
epoch 42/440 train_loss 0.14946 val_loss 1.32402 val_mae_cp 132.40 time 64.5s
epoch 43/440 train_loss 0.14668 val_loss 1.32774 val_mae_cp 132.77 time 64.5s
epoch 44/440 train_loss 0.14341 val_loss 1.32091 val_mae_cp 132.09 time 64.6s
epoch 45/440 train_loss 0.14081 val_loss 1.30080 val_mae_cp 130.08 time 64.5s
epoch 46/440 train_loss 0.13891 val_loss 1.31273 val_mae_cp 131.27 time 64.5s
epoch 47/440 train_loss 0.13731 val_loss 1.32109 val_mae_cp 132.11 time 64.6s
epoch 48/440 train_loss 0.13535 val_loss 1.30980 val_mae_cp 130.98 time 64.5s
epoch 49/440 train_loss 0.13317 val_loss 1.31153 val_mae_cp 131.15 time 64.5s
epoch 50/440 train_loss 0.13080 val_loss 1.31979 val_mae_cp 131.98 time 64.5s
epoch 51/440 train_loss 0.12874 val_loss 1.31386 val_mae_cp 131.39 time 64.5s
epoch 52/440 train_loss 0.12665 val_loss 1.30835 val_mae_cp 130.84 time 64.6s
epoch 53/440 train_loss 0.12492 val_loss 1.30612 val_mae_cp 130.61 time 64.5s
epoch 54/440 train_loss 0.12401 val_loss 1.30693 val_mae_cp 130.69 time 64.5s
epoch 55/440 train_loss 0.12277 val_loss 1.30982 val_mae_cp 130.98 time 64.5s
early stop at epoch 55 (best epoch 15)
exporting best-val checkpoint (epoch 15, mae 127.75)
saved float checkpoint to artifacts\training\koi-v6-labels2-20261007\koi-v6-labels2.pt
hidden shift pinned to 7 for v6 (only self-consistent value)
quantization v6 s1=7 s_l1=6 k3=4 val_mae_cp 207.76 saturation 0.0000,0.0000,0.0000,0.0000 pair_zero 0.9922 l1_sat 0.8422
quantization v6 s1=7 s_l1=6 k3=5 val_mae_cp 207.08 saturation 0.0000,0.0000,0.0000,0.0000 pair_zero 0.9922 l1_sat 0.8422
quantization v6 s1=7 s_l1=6 k3=6 val_mae_cp 207.20 saturation 0.0000,0.0000,0.0000,0.0078 pair_zero 0.9922 l1_sat 0.8422
quantization v6 s1=7 s_l1=6 k3=7 val_mae_cp 191.18 saturation 0.0000,0.0000,0.0000,0.1367 pair_zero 0.9922 l1_sat 0.8422
quantization v6 s1=7 s_l1=6 k3=8 val_mae_cp 187.12 saturation 0.0000,0.0000,0.0000,0.6406 pair_zero 0.9922 l1_sat 0.8422
quantization v6 s1=7 s_l1=7 k3=4 val_mae_cp 147.84 saturation 0.0000,0.0000,0.0000,0.0000 pair_zero 0.6048 l1_sat 0.9036
quantization v6 s1=7 s_l1=7 k3=5 val_mae_cp 147.64 saturation 0.0000,0.0000,0.0000,0.0000 pair_zero 0.6048 l1_sat 0.9036
quantization v6 s1=7 s_l1=7 k3=6 val_mae_cp 147.91 saturation 0.0000,0.0000,0.0000,0.0078 pair_zero 0.6048 l1_sat 0.9036
quantization v6 s1=7 s_l1=7 k3=7 val_mae_cp 148.99 saturation 0.0000,0.0000,0.0000,0.1367 pair_zero 0.6048 l1_sat 0.9036
quantization v6 s1=7 s_l1=7 k3=8 val_mae_cp 204.90 saturation 0.0000,0.0000,0.0000,0.6406 pair_zero 0.6048 l1_sat 0.9036
quantization v6 s1=7 s_l1=8 k3=4 val_mae_cp 132.01 saturation 0.0000,0.0000,0.0000,0.0000 pair_zero 0.3026 l1_sat 0.9051
quantization v6 s1=7 s_l1=8 k3=5 val_mae_cp 130.88 saturation 0.0000,0.0000,0.0000,0.0000 pair_zero 0.3026 l1_sat 0.9051
quantization v6 s1=7 s_l1=8 k3=6 val_mae_cp 131.03 saturation 0.0000,0.0000,0.0000,0.0078 pair_zero 0.3026 l1_sat 0.9051
quantization v6 s1=7 s_l1=8 k3=7 val_mae_cp 133.14 saturation 0.0000,0.0000,0.0000,0.1367 pair_zero 0.3026 l1_sat 0.9051
quantization v6 s1=7 s_l1=8 k3=8 val_mae_cp 188.31 saturation 0.0000,0.0000,0.0000,0.6406 pair_zero 0.3026 l1_sat 0.9051
selected v6 s1=7 s_l1=8 k3=5 val_mae_cp 130.88
wrote artifacts\training\koi-v6-labels2-20261007\koi-v6-labels2.nnue (113351195 bytes) and artifacts\training\koi-v6-labels2-20261007\koi-v6-labels2.metadata.json
